// Jest Snapshot v1, https://goo.gl/fbAQLP

exports[`Animation tests should create animation with templates 1`] = `
{
  "templates": {
    "card": {
      "type": "text",
      "action_animation": {
        "name": "set",
        "items": [
          {
            "name": "fade",
            "end_value": 1,
            "$start_value": "animation_start_value"
          }
        ]
      },
      "$text": "name"
    }
  },
  "card": {
    "log_id": "id",
    "states": [
      {
        "state_id": 1,
        "div": {
          "type": "card",
          "name": "some name",
          "animation_start_value": 0
        }
      }
    ]
  }
}
`;

exports[`Animation tests should create simple animation 1`] = `
{
  "type": "state",
  "div_id": "card_subscribe",
  "states": [
    {
      "state_id": "initial",
      "div": {
        "type": "text",
        "text": "Test"
      },
      "animation_in": {
        "name": "set",
        "items": [
          {
            "name": "fade",
            "duration": 500
          },
          {
            "name": "scale",
            "duration": 500,
            "start_value": 0.5,
            "end_value": 1
          }
        ]
      },
      "animation_out": {
        "name": "set",
        "items": [
          {
            "name": "fade",
            "duration": 500
          },
          {
            "name": "scale",
            "duration": 500,
            "start_value": 1,
            "end_value": 0.5
          }
        ]
      }
    }
  ]
}
`;
