// Jest Snapshot v1, https://goo.gl/fbAQLP

exports[`card`] = `
Object {
  "states": Array [
    Object {
      "blocks": Array [
        Object {
          "action": Object {
            "log_id": "title",
            "url": "https://yandex.ru/news/rubric/personal_feed",
          },
          "menu_color": "#808080",
          "text": "Интересное в СМИ",
          "text_style": "title_m",
          "type": "div-title-block",
        },
        Object {
          "size": "s",
          "type": "div-separator-block",
        },
        Object {
          "alignment_vertical": "top",
          "children": Array [
            Object {
              "items": Array [
                Object {
                  "action": Object {
                    "log_id": "item.0(id=russian.rt.com/sport/news/684338-gazprom-ukraina-gaz)",
                    "url": "https://yandex.ru/news/story/Gazprom_nazval_uslovie_dlya_sdelki_s_Kievom_po_tranzitu_gaza--a9f5dc12e2fcab5eec37f66a7b3d5e48?lang=ru&from=api-rubric&rubric=personal_feed&stid=GXNPJH9kb0UPHNXVbZ51&t=1573045084&tt=true&persistent_id=78991435",
                  },
                  "alignment_horizontal": "center",
                  "alignment_vertical": "center",
                  "background": Array [
                    Object {
                      "color": "#00ffffff",
                      "type": "div-solid-background",
                    },
                  ],
                  "children": Array [
                    Object {
                      "background": Array [
                        Object {
                          "color": "#00000000",
                          "type": "div-solid-background",
                        },
                      ],
                      "children": Array [
                        Object {
                          "image": Object {
                            "image_url": "https://resize.yandex.net/74f54ec3f67c95412c90b868ebec2e38?key=100bb8568271d83c6caf743dbeedfed9&crop=no&enlarge=0&goldenratio=yes&height=375&typemap=gif%3Agif;png%3Apng;*%3Ajpeg&url=https%3A//avatars.mds.yandex.net/get-ynews/2425176/900d4b790cea3b08c0522f2cbb145b43/orig&width=563",
                            "ratio": 2,
                            "type": "div-image-element",
                          },
                          "type": "div-image-block",
                        },
                      ],
                      "height": Object {
                        "type": "numeric",
                        "value": 122,
                      },
                      "type": "div-container-block",
                      "width": Object {
                        "type": "numeric",
                        "value": 244,
                      },
                    },
                    Object {
                      "size": "xxs",
                      "type": "div-separator-block",
                    },
                    Object {
                      "text_max_lines": 6,
                      "text_style": "text_s",
                      "title": "<font style=\\"color:#000\\">«Газпром» назвал условие для сделки с Киевом по транзиту газа</font>",
                      "title_max_lines": 3,
                      "title_style": "text_l",
                      "type": "div-universal-block",
                    },
                    Object {
                      "size": "match_parent",
                      "type": "div-separator-block",
                    },
                    Object {
                      "text": "<font style=\\"color:#999999\\">RT на русском</font>",
                      "text_max_lines": 1,
                      "text_style": "text_m",
                      "type": "div-universal-block",
                    },
                    Object {
                      "size": "xxs",
                      "type": "div-separator-block",
                    },
                  ],
                  "direction": "vertical",
                  "frame": Object {
                    "adaptive_bg": true,
                    "style": "shadow",
                  },
                  "height": Object {
                    "type": "numeric",
                    "value": 240,
                  },
                  "type": "div-container-block",
                  "width": Object {
                    "type": "numeric",
                    "value": 244,
                  },
                },
                Object {
                  "action": Object {
                    "log_id": "item.1(id=www.vesti.ru/doc.html?id=3207154)",
                    "url": "https://yandex.ru/news/story/Policejskij_v_Moskve_popytalsya_sest_10_tysyach_rublej_vzyatki--a1e74e71aded13ef66c83b7e1426222b?lang=ru&from=api-rubric&rubric=personal_feed&stid=sDJUvAGHB_MjseJLdkpc&t=1573045084&tt=true&persistent_id=78999082",
                  },
                  "alignment_horizontal": "center",
                  "alignment_vertical": "center",
                  "background": Array [
                    Object {
                      "color": "#00ffffff",
                      "type": "div-solid-background",
                    },
                  ],
                  "children": Array [
                    Object {
                      "background": Array [
                        Object {
                          "color": "#00000000",
                          "type": "div-solid-background",
                        },
                      ],
                      "children": Array [
                        Object {
                          "image": Object {
                            "image_url": "https://resize.yandex.net/0e85668b5d382b3c864d92e643dcbf59?key=918e001b04f1d8842556d6386dc242f3&crop=no&enlarge=0&goldenratio=yes&height=316&typemap=gif%3Agif;png%3Apng;*%3Ajpeg&url=https%3A//avatars.mds.yandex.net/get-ynews/2078721/0ed2dbeb3083cad85616ba3d5c604cd5/orig&width=563",
                            "ratio": 2,
                            "type": "div-image-element",
                          },
                          "type": "div-image-block",
                        },
                      ],
                      "height": Object {
                        "type": "numeric",
                        "value": 122,
                      },
                      "type": "div-container-block",
                      "width": Object {
                        "type": "numeric",
                        "value": 244,
                      },
                    },
                    Object {
                      "size": "xxs",
                      "type": "div-separator-block",
                    },
                    Object {
                      "text_max_lines": 6,
                      "text_style": "text_s",
                      "title": "<font style=\\"color:#000\\">Полицейский в Москве попытался съесть 10 тысяч рублей взятки</font>",
                      "title_max_lines": 3,
                      "title_style": "text_l",
                      "type": "div-universal-block",
                    },
                    Object {
                      "size": "match_parent",
                      "type": "div-separator-block",
                    },
                    Object {
                      "text": "<font style=\\"color:#999999\\">Вести.Ru</font>",
                      "text_max_lines": 1,
                      "text_style": "text_m",
                      "type": "div-universal-block",
                    },
                    Object {
                      "size": "xxs",
                      "type": "div-separator-block",
                    },
                  ],
                  "direction": "vertical",
                  "frame": Object {
                    "adaptive_bg": true,
                    "style": "shadow",
                  },
                  "height": Object {
                    "type": "numeric",
                    "value": 240,
                  },
                  "type": "div-container-block",
                  "width": Object {
                    "type": "numeric",
                    "value": 244,
                  },
                },
                Object {
                  "action": Object {
                    "log_id": "item.2(id=ria.ru/20191106/1560630138.html)",
                    "url": "https://yandex.ru/news/story/V_Kremle_prokommentirovali_rezultaty_oprosa_rossiyan_o_zhelanii_peremen--6ae6017eac5e62cb6d0fd0394d652b90?lang=ru&from=api-rubric&rubric=personal_feed&stid=I1HuxOIUYed1Y4BAbqzw&t=1573045084&tt=true&persistent_id=79002091",
                  },
                  "alignment_horizontal": "center",
                  "alignment_vertical": "center",
                  "background": Array [
                    Object {
                      "color": "#00ffffff",
                      "type": "div-solid-background",
                    },
                  ],
                  "children": Array [
                    Object {
                      "background": Array [
                        Object {
                          "color": "#00000000",
                          "type": "div-solid-background",
                        },
                      ],
                      "children": Array [
                        Object {
                          "image": Object {
                            "image_url": "https://resize.yandex.net/ab9e3a3362c41e355b9f353cd79ff07f?key=63ebf889621fd20c2105958c3477cecc&crop=no&enlarge=0&goldenratio=yes&height=317&typemap=gif%3Agif;png%3Apng;*%3Ajpeg&url=https%3A//avatars.mds.yandex.net/get-ynews/1781575/730817eecdad7048ef8c05543a18ca3c/orig&width=563",
                            "ratio": 2,
                            "type": "div-image-element",
                          },
                          "type": "div-image-block",
                        },
                      ],
                      "height": Object {
                        "type": "numeric",
                        "value": 122,
                      },
                      "type": "div-container-block",
                      "width": Object {
                        "type": "numeric",
                        "value": 244,
                      },
                    },
                    Object {
                      "size": "xxs",
                      "type": "div-separator-block",
                    },
                    Object {
                      "text_max_lines": 6,
                      "text_style": "text_s",
                      "title": "<font style=\\"color:#000\\">В Кремле прокомментировали результаты опроса россиян о желании перемен</font>",
                      "title_max_lines": 3,
                      "title_style": "text_l",
                      "type": "div-universal-block",
                    },
                    Object {
                      "size": "match_parent",
                      "type": "div-separator-block",
                    },
                    Object {
                      "text": "<font style=\\"color:#999999\\">РИА Новости</font>",
                      "text_max_lines": 1,
                      "text_style": "text_m",
                      "type": "div-universal-block",
                    },
                    Object {
                      "size": "xxs",
                      "type": "div-separator-block",
                    },
                  ],
                  "direction": "vertical",
                  "frame": Object {
                    "adaptive_bg": true,
                    "style": "shadow",
                  },
                  "height": Object {
                    "type": "numeric",
                    "value": 240,
                  },
                  "type": "div-container-block",
                  "width": Object {
                    "type": "numeric",
                    "value": 244,
                  },
                },
                Object {
                  "action": Object {
                    "log_id": "item.3(id=russian.rt.com/nopolitics/news/684311-umer-lev-anninskii)",
                    "url": "https://yandex.ru/news/story/Umer_kritik_i_literaturoved_Lev_Anninskij--286eeaff4ab6967aecf9c4807b1a42e9?lang=ru&from=api-rubric&rubric=personal_feed&stid=fUTPKn7Hh0j8N8pHsshq&t=1573045084&persistent_id=78985870",
                  },
                  "alignment_horizontal": "center",
                  "alignment_vertical": "center",
                  "background": Array [
                    Object {
                      "color": "#00ffffff",
                      "type": "div-solid-background",
                    },
                  ],
                  "children": Array [
                    Object {
                      "background": Array [
                        Object {
                          "color": "#00000000",
                          "type": "div-solid-background",
                        },
                      ],
                      "children": Array [
                        Object {
                          "image": Object {
                            "image_url": "https://resize.yandex.net/1e48e5ea6ec04d6a0d8e27462067bdae?key=775ce837f70a97665957afe440c57522&crop=no&enlarge=0&goldenratio=yes&height=442&typemap=gif%3Agif;png%3Apng;*%3Ajpeg&url=https%3A//avatars.mds.yandex.net/get-ynews/1871189/bda381ec63833e45c823416cc98c37fb/orig&width=563",
                            "ratio": 2,
                            "type": "div-image-element",
                          },
                          "type": "div-image-block",
                        },
                      ],
                      "height": Object {
                        "type": "numeric",
                        "value": 122,
                      },
                      "type": "div-container-block",
                      "width": Object {
                        "type": "numeric",
                        "value": 244,
                      },
                    },
                    Object {
                      "size": "xxs",
                      "type": "div-separator-block",
                    },
                    Object {
                      "text_max_lines": 6,
                      "text_style": "text_s",
                      "title": "<font style=\\"color:#000\\">Умер критик и литературовед Лев Аннинский</font>",
                      "title_max_lines": 3,
                      "title_style": "text_l",
                      "type": "div-universal-block",
                    },
                    Object {
                      "size": "match_parent",
                      "type": "div-separator-block",
                    },
                    Object {
                      "text": "<font style=\\"color:#999999\\">RT на русском</font>",
                      "text_max_lines": 1,
                      "text_style": "text_m",
                      "type": "div-universal-block",
                    },
                    Object {
                      "size": "xxs",
                      "type": "div-separator-block",
                    },
                  ],
                  "direction": "vertical",
                  "frame": Object {
                    "adaptive_bg": true,
                    "style": "shadow",
                  },
                  "height": Object {
                    "type": "numeric",
                    "value": 240,
                  },
                  "type": "div-container-block",
                  "width": Object {
                    "type": "numeric",
                    "value": 244,
                  },
                },
                Object {
                  "action": Object {
                    "log_id": "item.4(id=regnum.ru/news/2769833.html)",
                    "url": "https://yandex.ru/news/story/Zelenskij_shokirovan_rezultatami_raboty_tankovogo_zavoda_v_KHarkove--1a1040d6a3b137e84845a998a5883efa?lang=ru&from=api-rubric&rubric=personal_feed&stid=wviVTSHQ-M496Qx__wkr&t=1573045084&tt=true&persistent_id=78997035",
                  },
                  "alignment_horizontal": "center",
                  "alignment_vertical": "center",
                  "background": Array [
                    Object {
                      "color": "#00ffffff",
                      "type": "div-solid-background",
                    },
                  ],
                  "children": Array [
                    Object {
                      "background": Array [
                        Object {
                          "color": "#00000000",
                          "type": "div-solid-background",
                        },
                      ],
                      "children": Array [
                        Object {
                          "image": Object {
                            "image_url": "https://resize.yandex.net/16aaab210e6f5d91807dfa47b9f67968?key=62b57cde4761592bafba1a9db6fb48a6&crop=no&enlarge=0&goldenratio=yes&height=377&typemap=gif%3Agif;png%3Apng;*%3Ajpeg&url=https%3A//avatars.mds.yandex.net/get-ynews/2267131/afea6a98686ad5565e26c9978ca35eb3/orig&width=563",
                            "ratio": 2,
                            "type": "div-image-element",
                          },
                          "type": "div-image-block",
                        },
                      ],
                      "height": Object {
                        "type": "numeric",
                        "value": 122,
                      },
                      "type": "div-container-block",
                      "width": Object {
                        "type": "numeric",
                        "value": 244,
                      },
                    },
                    Object {
                      "size": "xxs",
                      "type": "div-separator-block",
                    },
                    Object {
                      "text_max_lines": 6,
                      "text_style": "text_s",
                      "title": "<font style=\\"color:#000\\">Зеленский шокирован результатами работы танкового завода в Харькове</font>",
                      "title_max_lines": 3,
                      "title_style": "text_l",
                      "type": "div-universal-block",
                    },
                    Object {
                      "size": "match_parent",
                      "type": "div-separator-block",
                    },
                    Object {
                      "text": "<font style=\\"color:#999999\\">REGNUM</font>",
                      "text_max_lines": 1,
                      "text_style": "text_m",
                      "type": "div-universal-block",
                    },
                    Object {
                      "size": "xxs",
                      "type": "div-separator-block",
                    },
                  ],
                  "direction": "vertical",
                  "frame": Object {
                    "adaptive_bg": true,
                    "style": "shadow",
                  },
                  "height": Object {
                    "type": "numeric",
                    "value": 240,
                  },
                  "type": "div-container-block",
                  "width": Object {
                    "type": "numeric",
                    "value": 244,
                  },
                },
                Object {
                  "action": Object {
                    "log_id": "item.5(id=ria.ru/20191106/1560631336.html)",
                    "url": "https://yandex.ru/news/story/Protiv_Klichko_vozbudili_delo_o_gosizmene_i_khishhenii_sredstv--6f4424a5204e2162ce2fef55dc5ea86e?lang=ru&from=api-rubric&rubric=personal_feed&stid=wwBvROHZQ-2Vz01OLBHp&t=1573045084&tt=true&persistent_id=78626823",
                  },
                  "alignment_horizontal": "center",
                  "alignment_vertical": "center",
                  "background": Array [
                    Object {
                      "color": "#00ffffff",
                      "type": "div-solid-background",
                    },
                  ],
                  "children": Array [
                    Object {
                      "background": Array [
                        Object {
                          "color": "#00000000",
                          "type": "div-solid-background",
                        },
                      ],
                      "children": Array [
                        Object {
                          "image": Object {
                            "image_url": "https://resize.yandex.net/a41fb5cfc75ec710df6cc098d83edc86?key=1408c59a23860e556f1fb199d960aa46&crop=no&enlarge=0&goldenratio=yes&height=316&typemap=gif%3Agif;png%3Apng;*%3Ajpeg&url=https%3A//avatars.mds.yandex.net/get-ynews/1782061/79c0b42ead782fb6f6d4c7cccb24a7c6/orig&width=563",
                            "ratio": 2,
                            "type": "div-image-element",
                          },
                          "type": "div-image-block",
                        },
                      ],
                      "height": Object {
                        "type": "numeric",
                        "value": 122,
                      },
                      "type": "div-container-block",
                      "width": Object {
                        "type": "numeric",
                        "value": 244,
                      },
                    },
                    Object {
                      "size": "xxs",
                      "type": "div-separator-block",
                    },
                    Object {
                      "text_max_lines": 6,
                      "text_style": "text_s",
                      "title": "<font style=\\"color:#000\\">Против Кличко возбудили дело о госизмене и хищении средств</font>",
                      "title_max_lines": 3,
                      "title_style": "text_l",
                      "type": "div-universal-block",
                    },
                    Object {
                      "size": "match_parent",
                      "type": "div-separator-block",
                    },
                    Object {
                      "text": "<font style=\\"color:#999999\\">РИА Новости</font>",
                      "text_max_lines": 1,
                      "text_style": "text_m",
                      "type": "div-universal-block",
                    },
                    Object {
                      "size": "xxs",
                      "type": "div-separator-block",
                    },
                  ],
                  "direction": "vertical",
                  "frame": Object {
                    "adaptive_bg": true,
                    "style": "shadow",
                  },
                  "height": Object {
                    "type": "numeric",
                    "value": 240,
                  },
                  "type": "div-container-block",
                  "width": Object {
                    "type": "numeric",
                    "value": 244,
                  },
                },
                Object {
                  "action": Object {
                    "log_id": "item.6(id=rg.ru/2019/11/06/reg-ufo/byvshaia-zhena-bandita-cepoviaza-vpala-v-komu.html)",
                    "url": "https://yandex.ru/news/story/Byvshaya_zhena_bandita_Cepovyaza_vpala_v_komu--6d83cbeb533d3734ceb75dc824fd6c26?lang=ru&from=api-rubric&rubric=personal_feed&stid=2CwG8ykHVwdEy6JCpewA&t=1573045084&tt=true&persistent_id=78987405",
                  },
                  "alignment_horizontal": "center",
                  "alignment_vertical": "center",
                  "background": Array [
                    Object {
                      "color": "#00ffffff",
                      "type": "div-solid-background",
                    },
                  ],
                  "children": Array [
                    Object {
                      "background": Array [
                        Object {
                          "color": "#00000000",
                          "type": "div-solid-background",
                        },
                      ],
                      "children": Array [
                        Object {
                          "image": Object {
                            "image_url": "https://resize.yandex.net/5561b0d2f9192cfc40b73700c036d642?key=71a44a48b4d2e4584a40dc5b172c6db5&crop=no&enlarge=0&goldenratio=yes&height=376&typemap=gif%3Agif;png%3Apng;*%3Ajpeg&url=https%3A//avatars.mds.yandex.net/get-ynews/2357703/3ae6f79d31d6cfeed70654077b9dc443/orig&width=563",
                            "ratio": 2,
                            "type": "div-image-element",
                          },
                          "type": "div-image-block",
                        },
                      ],
                      "height": Object {
                        "type": "numeric",
                        "value": 122,
                      },
                      "type": "div-container-block",
                      "width": Object {
                        "type": "numeric",
                        "value": 244,
                      },
                    },
                    Object {
                      "size": "xxs",
                      "type": "div-separator-block",
                    },
                    Object {
                      "text_max_lines": 6,
                      "text_style": "text_s",
                      "title": "<font style=\\"color:#000\\">Бывшая жена бандита Цеповяза впала в кому</font>",
                      "title_max_lines": 3,
                      "title_style": "text_l",
                      "type": "div-universal-block",
                    },
                    Object {
                      "size": "match_parent",
                      "type": "div-separator-block",
                    },
                    Object {
                      "text": "<font style=\\"color:#999999\\">Российская газета</font>",
                      "text_max_lines": 1,
                      "text_style": "text_m",
                      "type": "div-universal-block",
                    },
                    Object {
                      "size": "xxs",
                      "type": "div-separator-block",
                    },
                  ],
                  "direction": "vertical",
                  "frame": Object {
                    "adaptive_bg": true,
                    "style": "shadow",
                  },
                  "height": Object {
                    "type": "numeric",
                    "value": 240,
                  },
                  "type": "div-container-block",
                  "width": Object {
                    "type": "numeric",
                    "value": 244,
                  },
                },
                Object {
                  "action": Object {
                    "log_id": "item.7(id=ria.ru/20191106/1560633632.html)",
                    "url": "https://yandex.ru/news/story/Sud_zaochno_arestoval_zaderzhannogo_v_Italii_top-menedzhera_ODK_Korshunova--d446babfb4f67274405854fa08efb493?lang=ru&from=api-rubric&rubric=personal_feed&stid=_VV2O-rSvC8ie30cD2h_&t=1573045084&tt=true&persistent_id=78987021",
                  },
                  "alignment_horizontal": "center",
                  "alignment_vertical": "center",
                  "background": Array [
                    Object {
                      "color": "#00ffffff",
                      "type": "div-solid-background",
                    },
                  ],
                  "children": Array [
                    Object {
                      "background": Array [
                        Object {
                          "color": "#00000000",
                          "type": "div-solid-background",
                        },
                      ],
                      "children": Array [
                        Object {
                          "image": Object {
                            "image_url": "https://resize.yandex.net/e32d38317ae4b7e76b39487971a9e75a?key=bfa62994742b3e846229ebf4f368a8f3&crop=no&enlarge=0&goldenratio=yes&height=317&typemap=gif%3Agif;png%3Apng;*%3Ajpeg&url=https%3A//avatars.mds.yandex.net/get-ynews/2267131/6ad2492aa4b879cb412cd630b4e0fff4/orig&width=563",
                            "ratio": 2,
                            "type": "div-image-element",
                          },
                          "type": "div-image-block",
                        },
                      ],
                      "height": Object {
                        "type": "numeric",
                        "value": 122,
                      },
                      "type": "div-container-block",
                      "width": Object {
                        "type": "numeric",
                        "value": 244,
                      },
                    },
                    Object {
                      "size": "xxs",
                      "type": "div-separator-block",
                    },
                    Object {
                      "text_max_lines": 6,
                      "text_style": "text_s",
                      "title": "<font style=\\"color:#000\\">Суд заочно арестовал задержанного в Италии топ-менеджера ОДК Коршунова</font>",
                      "title_max_lines": 3,
                      "title_style": "text_l",
                      "type": "div-universal-block",
                    },
                    Object {
                      "size": "match_parent",
                      "type": "div-separator-block",
                    },
                    Object {
                      "text": "<font style=\\"color:#999999\\">РИА Новости</font>",
                      "text_max_lines": 1,
                      "text_style": "text_m",
                      "type": "div-universal-block",
                    },
                    Object {
                      "size": "xxs",
                      "type": "div-separator-block",
                    },
                  ],
                  "direction": "vertical",
                  "frame": Object {
                    "adaptive_bg": true,
                    "style": "shadow",
                  },
                  "height": Object {
                    "type": "numeric",
                    "value": 240,
                  },
                  "type": "div-container-block",
                  "width": Object {
                    "type": "numeric",
                    "value": 244,
                  },
                },
                Object {
                  "action": Object {
                    "log_id": "item.8(id=www.gazeta.ru/army/news/2019/11/06/13664198.shtml)",
                    "url": "https://yandex.ru/news/story/EHrdogan_zayavil_o_zaderzhanii_zheny_glavarya_IG_al-Bagdadi--3166b8f9bfaac40b26b14597e0a9da18?lang=ru&from=api-rubric&rubric=personal_feed&stid=wpGVtRmi9fgzf8OtknM8&t=1573045084&tt=true&persistent_id=78999503",
                  },
                  "alignment_horizontal": "center",
                  "alignment_vertical": "center",
                  "background": Array [
                    Object {
                      "color": "#00ffffff",
                      "type": "div-solid-background",
                    },
                  ],
                  "children": Array [
                    Object {
                      "background": Array [
                        Object {
                          "color": "#00000000",
                          "type": "div-solid-background",
                        },
                      ],
                      "children": Array [
                        Object {
                          "image": Object {
                            "image_url": "https://resize.yandex.net/d8402d8ddd2da000eaa13ea0b81184ac?key=f247044928cb835859e761c4f4bf6da6&crop=no&enlarge=0&goldenratio=yes&height=304&typemap=gif%3Agif;png%3Apng;*%3Ajpeg&url=https%3A//avatars.mds.yandex.net/get-ynews/1781575/73cba7264e8d5842a0b087ab0f1e5b1f/orig&width=230",
                            "ratio": 2,
                            "type": "div-image-element",
                          },
                          "type": "div-image-block",
                        },
                      ],
                      "height": Object {
                        "type": "numeric",
                        "value": 122,
                      },
                      "type": "div-container-block",
                      "width": Object {
                        "type": "numeric",
                        "value": 244,
                      },
                    },
                    Object {
                      "size": "xxs",
                      "type": "div-separator-block",
                    },
                    Object {
                      "text_max_lines": 6,
                      "text_style": "text_s",
                      "title": "<font style=\\"color:#000\\">Эрдоган заявил о задержании жены главаря ИГ аль-Багдади</font>",
                      "title_max_lines": 3,
                      "title_style": "text_l",
                      "type": "div-universal-block",
                    },
                    Object {
                      "size": "match_parent",
                      "type": "div-separator-block",
                    },
                    Object {
                      "text": "<font style=\\"color:#999999\\">Газета.Ru</font>",
                      "text_max_lines": 1,
                      "text_style": "text_m",
                      "type": "div-universal-block",
                    },
                    Object {
                      "size": "xxs",
                      "type": "div-separator-block",
                    },
                  ],
                  "direction": "vertical",
                  "frame": Object {
                    "adaptive_bg": true,
                    "style": "shadow",
                  },
                  "height": Object {
                    "type": "numeric",
                    "value": 240,
                  },
                  "type": "div-container-block",
                  "width": Object {
                    "type": "numeric",
                    "value": 244,
                  },
                },
                Object {
                  "action": Object {
                    "log_id": "item.9(id=ria.ru/20191106/1560633951.html)",
                    "url": "https://yandex.ru/news/story/V_novosibirskoj_shkole_zapretili_chaepitiya_posle_incidenta_s_devochkoj--ab993fb2787adc71bd3fd1a18351b6d2?lang=ru&from=api-rubric&rubric=personal_feed&stid=8MzajQc58h6nD04qtvNr&t=1573045084&tt=true&persistent_id=78686067",
                  },
                  "alignment_horizontal": "center",
                  "alignment_vertical": "center",
                  "background": Array [
                    Object {
                      "color": "#00ffffff",
                      "type": "div-solid-background",
                    },
                  ],
                  "children": Array [
                    Object {
                      "background": Array [
                        Object {
                          "color": "#00000000",
                          "type": "div-solid-background",
                        },
                      ],
                      "children": Array [
                        Object {
                          "image": Object {
                            "image_url": "https://resize.yandex.net/223def2b3c18dc6b8d10b2f3bf982f62?key=815f3d74ab6f763a0338772a49eb0dd9&crop=no&enlarge=0&goldenratio=yes&height=317&typemap=gif%3Agif;png%3Apng;*%3Ajpeg&url=https%3A//avatars.mds.yandex.net/get-ynews/1911486/c3d529a4028f2d377516d69a21bd7d8e/orig&width=563",
                            "ratio": 2,
                            "type": "div-image-element",
                          },
                          "type": "div-image-block",
                        },
                      ],
                      "height": Object {
                        "type": "numeric",
                        "value": 122,
                      },
                      "type": "div-container-block",
                      "width": Object {
                        "type": "numeric",
                        "value": 244,
                      },
                    },
                    Object {
                      "size": "xxs",
                      "type": "div-separator-block",
                    },
                    Object {
                      "text_max_lines": 6,
                      "text_style": "text_s",
                      "title": "<font style=\\"color:#000\\">В новосибирской школе запретили чаепития после инцидента с девочкой</font>",
                      "title_max_lines": 3,
                      "title_style": "text_l",
                      "type": "div-universal-block",
                    },
                    Object {
                      "size": "match_parent",
                      "type": "div-separator-block",
                    },
                    Object {
                      "text": "<font style=\\"color:#999999\\">РИА Новости</font>",
                      "text_max_lines": 1,
                      "text_style": "text_m",
                      "type": "div-universal-block",
                    },
                    Object {
                      "size": "xxs",
                      "type": "div-separator-block",
                    },
                  ],
                  "direction": "vertical",
                  "frame": Object {
                    "adaptive_bg": true,
                    "style": "shadow",
                  },
                  "height": Object {
                    "type": "numeric",
                    "value": 240,
                  },
                  "type": "div-container-block",
                  "width": Object {
                    "type": "numeric",
                    "value": 244,
                  },
                },
                Object {
                  "action": Object {
                    "log_id": "item.10(id=ria.ru/20191106/1560637775.html)",
                    "url": "https://yandex.ru/news/story/Finskaya_tamozhnya_tri_goda_neverno_konvertirovala_rossijskij_rubl--47e6264793cacec645d3bdc6761e937a?lang=ru&from=api-rubric&rubric=personal_feed&stid=tpxpcULU0RzLseCI&t=1573045084&tt=true&persistent_id=78994247",
                  },
                  "alignment_horizontal": "center",
                  "alignment_vertical": "center",
                  "background": Array [
                    Object {
                      "color": "#00ffffff",
                      "type": "div-solid-background",
                    },
                  ],
                  "children": Array [
                    Object {
                      "background": Array [
                        Object {
                          "color": "#00000000",
                          "type": "div-solid-background",
                        },
                      ],
                      "children": Array [
                        Object {
                          "image": Object {
                            "image_url": "https://resize.yandex.net/50aa0bfa1b249e6870ae0b5a7ffcf8d3?key=9f1c1b0f50eadc4b26586f030b419f99&crop=no&enlarge=0&goldenratio=yes&height=320&typemap=gif%3Agif;png%3Apng;*%3Ajpeg&url=https%3A//avatars.mds.yandex.net/get-ynews/1782061/b9a6becf0bff7141819812ee5d972d00/orig&width=563",
                            "ratio": 2,
                            "type": "div-image-element",
                          },
                          "type": "div-image-block",
                        },
                      ],
                      "height": Object {
                        "type": "numeric",
                        "value": 122,
                      },
                      "type": "div-container-block",
                      "width": Object {
                        "type": "numeric",
                        "value": 244,
                      },
                    },
                    Object {
                      "size": "xxs",
                      "type": "div-separator-block",
                    },
                    Object {
                      "text_max_lines": 6,
                      "text_style": "text_s",
                      "title": "<font style=\\"color:#000\\">Финская таможня три года неверно конвертировала российский рубль</font>",
                      "title_max_lines": 3,
                      "title_style": "text_l",
                      "type": "div-universal-block",
                    },
                    Object {
                      "size": "match_parent",
                      "type": "div-separator-block",
                    },
                    Object {
                      "text": "<font style=\\"color:#999999\\">РИА Новости</font>",
                      "text_max_lines": 1,
                      "text_style": "text_m",
                      "type": "div-universal-block",
                    },
                    Object {
                      "size": "xxs",
                      "type": "div-separator-block",
                    },
                  ],
                  "direction": "vertical",
                  "frame": Object {
                    "adaptive_bg": true,
                    "style": "shadow",
                  },
                  "height": Object {
                    "type": "numeric",
                    "value": 240,
                  },
                  "type": "div-container-block",
                  "width": Object {
                    "type": "numeric",
                    "value": 244,
                  },
                },
                Object {
                  "action": Object {
                    "log_id": "item.11(id=russian.rt.com/sport/news/684260-rakickii-zenit-ukraina)",
                    "url": "https://yandex.ru/news/story/Futbolist_Zenita_Rakickij_obyavil_ob_ukhode_iz_sbornoj_Ukrainy--63c607663cbb16dc118058651f311dbc?lang=ru&from=api-rubric&rubric=personal_feed&stid=kgBH2BSWnkzA01fb86gK&t=1573045084&persistent_id=78977754",
                  },
                  "alignment_horizontal": "center",
                  "alignment_vertical": "center",
                  "background": Array [
                    Object {
                      "color": "#00ffffff",
                      "type": "div-solid-background",
                    },
                  ],
                  "children": Array [
                    Object {
                      "background": Array [
                        Object {
                          "color": "#00000000",
                          "type": "div-solid-background",
                        },
                      ],
                      "children": Array [
                        Object {
                          "image": Object {
                            "image_url": "https://resize.yandex.net/c4b5348a4d26e654390ca52eb415cb55?key=ee7943b6f6a235b94bb9dc6c59c87502&crop=no&enlarge=0&goldenratio=yes&height=401&typemap=gif%3Agif;png%3Apng;*%3Ajpeg&url=https%3A//avatars.mds.yandex.net/get-ynews/1778708/01526943ea807afc86141f94859a2471/orig&width=563",
                            "ratio": 2,
                            "type": "div-image-element",
                          },
                          "type": "div-image-block",
                        },
                      ],
                      "height": Object {
                        "type": "numeric",
                        "value": 122,
                      },
                      "type": "div-container-block",
                      "width": Object {
                        "type": "numeric",
                        "value": 244,
                      },
                    },
                    Object {
                      "size": "xxs",
                      "type": "div-separator-block",
                    },
                    Object {
                      "text_max_lines": 6,
                      "text_style": "text_s",
                      "title": "<font style=\\"color:#000\\">Футболист «Зенита» Ракицкий объявил об уходе из сборной Украины</font>",
                      "title_max_lines": 3,
                      "title_style": "text_l",
                      "type": "div-universal-block",
                    },
                    Object {
                      "size": "match_parent",
                      "type": "div-separator-block",
                    },
                    Object {
                      "text": "<font style=\\"color:#999999\\">RT на русском</font>",
                      "text_max_lines": 1,
                      "text_style": "text_m",
                      "type": "div-universal-block",
                    },
                    Object {
                      "size": "xxs",
                      "type": "div-separator-block",
                    },
                  ],
                  "direction": "vertical",
                  "frame": Object {
                    "adaptive_bg": true,
                    "style": "shadow",
                  },
                  "height": Object {
                    "type": "numeric",
                    "value": 240,
                  },
                  "type": "div-container-block",
                  "width": Object {
                    "type": "numeric",
                    "value": 244,
                  },
                },
                Object {
                  "action": Object {
                    "log_id": "item.12(id=tass.ru/ekonomika/7084525)",
                    "url": "https://yandex.ru/news/story/Glava_FTS_dolozhil_Medvedevu_o_perevypolnennykh_planakh--8b1e5b170785048f425c46689accc17d?lang=ru&from=api-rubric&rubric=personal_feed&stid=tb0D49eo942gu4YgPSQ6&t=1573045084&tt=true&persistent_id=78996020",
                  },
                  "alignment_horizontal": "center",
                  "alignment_vertical": "center",
                  "background": Array [
                    Object {
                      "color": "#00ffffff",
                      "type": "div-solid-background",
                    },
                  ],
                  "children": Array [
                    Object {
                      "background": Array [
                        Object {
                          "color": "#00000000",
                          "type": "div-solid-background",
                        },
                      ],
                      "children": Array [
                        Object {
                          "image": Object {
                            "image_url": "https://resize.yandex.net/188b99cbd069df828e14f383fd87159c?key=006e683abe98fcfa625086c3e211f00d&crop=no&enlarge=0&goldenratio=yes&height=317&typemap=gif%3Agif;png%3Apng;*%3Ajpeg&url=https%3A//avatars.mds.yandex.net/get-ynews/2078721/080ab6c113cb392ba0d2786c080251f4/orig&width=563",
                            "ratio": 2,
                            "type": "div-image-element",
                          },
                          "type": "div-image-block",
                        },
                      ],
                      "height": Object {
                        "type": "numeric",
                        "value": 122,
                      },
                      "type": "div-container-block",
                      "width": Object {
                        "type": "numeric",
                        "value": 244,
                      },
                    },
                    Object {
                      "size": "xxs",
                      "type": "div-separator-block",
                    },
                    Object {
                      "text_max_lines": 6,
                      "text_style": "text_s",
                      "title": "<font style=\\"color:#000\\">Глава ФТС доложил Медведеву о перевыполненных планах</font>",
                      "title_max_lines": 3,
                      "title_style": "text_l",
                      "type": "div-universal-block",
                    },
                    Object {
                      "size": "match_parent",
                      "type": "div-separator-block",
                    },
                    Object {
                      "text": "<font style=\\"color:#999999\\">ТАСС</font>",
                      "text_max_lines": 1,
                      "text_style": "text_m",
                      "type": "div-universal-block",
                    },
                    Object {
                      "size": "xxs",
                      "type": "div-separator-block",
                    },
                  ],
                  "direction": "vertical",
                  "frame": Object {
                    "adaptive_bg": true,
                    "style": "shadow",
                  },
                  "height": Object {
                    "type": "numeric",
                    "value": 240,
                  },
                  "type": "div-container-block",
                  "width": Object {
                    "type": "numeric",
                    "value": 244,
                  },
                },
                Object {
                  "action": Object {
                    "log_id": "item.13(id=lenta.ru/news/2019/11/06/igilovcy/)",
                    "url": "https://yandex.ru/news/story/Napavshie_na_pogranzastavu_v_Tadzhikistane_byli_boevikami_IG--5307e5d819757c64d14ee7d84e9426bf?lang=ru&from=api-rubric&rubric=personal_feed&stid=j0wUnMjI6KC9TiswKanp&t=1573045084&tt=true&persistent_id=78962181",
                  },
                  "alignment_horizontal": "center",
                  "alignment_vertical": "center",
                  "background": Array [
                    Object {
                      "color": "#00ffffff",
                      "type": "div-solid-background",
                    },
                  ],
                  "children": Array [
                    Object {
                      "background": Array [
                        Object {
                          "color": "#00000000",
                          "type": "div-solid-background",
                        },
                      ],
                      "children": Array [
                        Object {
                          "image": Object {
                            "image_url": "https://resize.yandex.net/7f91d68ce19589215a85f3b83024407a?key=76b7d349dc72a63178a155467799ad37&crop=no&enlarge=0&goldenratio=yes&height=317&typemap=gif%3Agif;png%3Apng;*%3Ajpeg&url=https%3A//avatars.mds.yandex.net/get-ynews/1902875/a93c063aec77f272f83fd8ad4e4d4ca9/orig&width=563",
                            "ratio": 2,
                            "type": "div-image-element",
                          },
                          "type": "div-image-block",
                        },
                      ],
                      "height": Object {
                        "type": "numeric",
                        "value": 122,
                      },
                      "type": "div-container-block",
                      "width": Object {
                        "type": "numeric",
                        "value": 244,
                      },
                    },
                    Object {
                      "size": "xxs",
                      "type": "div-separator-block",
                    },
                    Object {
                      "text_max_lines": 6,
                      "text_style": "text_s",
                      "title": "<font style=\\"color:#000\\">Напавшие на погранзаставу в Таджикистане были боевиками ИГ</font>",
                      "title_max_lines": 3,
                      "title_style": "text_l",
                      "type": "div-universal-block",
                    },
                    Object {
                      "size": "match_parent",
                      "type": "div-separator-block",
                    },
                    Object {
                      "text": "<font style=\\"color:#999999\\">Lenta.ru</font>",
                      "text_max_lines": 1,
                      "text_style": "text_m",
                      "type": "div-universal-block",
                    },
                    Object {
                      "size": "xxs",
                      "type": "div-separator-block",
                    },
                  ],
                  "direction": "vertical",
                  "frame": Object {
                    "adaptive_bg": true,
                    "style": "shadow",
                  },
                  "height": Object {
                    "type": "numeric",
                    "value": 240,
                  },
                  "type": "div-container-block",
                  "width": Object {
                    "type": "numeric",
                    "value": 244,
                  },
                },
                Object {
                  "action": Object {
                    "log_id": "item.14(id=www.tvc.ru/news/show/id/171927/)",
                    "url": "https://yandex.ru/news/story/Umer_akter_ZHigalin_iz_seriala_Ulicy_razbitykh_fonarej--a1cc5d167936c1b6c0979b8c1ed361ff?lang=ru&from=api-rubric&rubric=personal_feed&stid=ZA2Cm4V_YRHJpFCreJwO&t=1573045084&persistent_id=78963075",
                  },
                  "alignment_horizontal": "center",
                  "alignment_vertical": "center",
                  "background": Array [
                    Object {
                      "color": "#00ffffff",
                      "type": "div-solid-background",
                    },
                  ],
                  "children": Array [
                    Object {
                      "background": Array [
                        Object {
                          "color": "#00000000",
                          "type": "div-solid-background",
                        },
                      ],
                      "children": Array [
                        Object {
                          "image": Object {
                            "image_url": "https://resize.yandex.net/2a1a8370122c64b1ea28aa469eee251a?key=5a18388ef5960fd73a4a3fcb65742c77&crop=no&enlarge=0&goldenratio=yes&height=320&typemap=gif%3Agif;png%3Apng;*%3Ajpeg&url=https%3A//avatars.mds.yandex.net/get-ynews/2451053/0cf74282776a3dbf304130370efba850/orig&width=563",
                            "ratio": 2,
                            "type": "div-image-element",
                          },
                          "type": "div-image-block",
                        },
                      ],
                      "height": Object {
                        "type": "numeric",
                        "value": 122,
                      },
                      "type": "div-container-block",
                      "width": Object {
                        "type": "numeric",
                        "value": 244,
                      },
                    },
                    Object {
                      "size": "xxs",
                      "type": "div-separator-block",
                    },
                    Object {
                      "text_max_lines": 6,
                      "text_style": "text_s",
                      "title": "<font style=\\"color:#000\\">Умер актер Жигалин из сериала «Улицы разбитых фонарей»</font>",
                      "title_max_lines": 3,
                      "title_style": "text_l",
                      "type": "div-universal-block",
                    },
                    Object {
                      "size": "match_parent",
                      "type": "div-separator-block",
                    },
                    Object {
                      "text": "<font style=\\"color:#999999\\">ТВ Центр</font>",
                      "text_max_lines": 1,
                      "text_style": "text_m",
                      "type": "div-universal-block",
                    },
                    Object {
                      "size": "xxs",
                      "type": "div-separator-block",
                    },
                  ],
                  "direction": "vertical",
                  "frame": Object {
                    "adaptive_bg": true,
                    "style": "shadow",
                  },
                  "height": Object {
                    "type": "numeric",
                    "value": 240,
                  },
                  "type": "div-container-block",
                  "width": Object {
                    "type": "numeric",
                    "value": 244,
                  },
                },
                Object {
                  "action": Object {
                    "log_id": "item.15(id=www.kommersant.ru/doc/4149523)",
                    "url": "https://yandex.ru/news/story/Uvoleno_rukovodstvo_skandalno_izvestnoj_solikamskoj_kolonii--52741fccc67cbd82444168f0b38dc93e?lang=ru&from=api-rubric&rubric=personal_feed&stid=4yXQX9DTgvSrfw-Sr3Cs&t=1573045084&persistent_id=78937846",
                  },
                  "alignment_horizontal": "center",
                  "alignment_vertical": "center",
                  "background": Array [
                    Object {
                      "color": "#00ffffff",
                      "type": "div-solid-background",
                    },
                  ],
                  "children": Array [
                    Object {
                      "background": Array [
                        Object {
                          "color": "#00000000",
                          "type": "div-solid-background",
                        },
                      ],
                      "children": Array [
                        Object {
                          "image": Object {
                            "image_url": "https://resize.yandex.net/168163e0b195db03dd747f42369fb7b9?key=298b1f94cffc653f349eb8d12f06dbdd&crop=no&enlarge=0&goldenratio=yes&height=321&typemap=gif%3Agif;png%3Apng;*%3Ajpeg&url=https%3A//avatars.mds.yandex.net/get-ynews/1782061/f892eed9a04d5a08c3b18c5489fffaeb/orig&width=563",
                            "ratio": 2,
                            "type": "div-image-element",
                          },
                          "type": "div-image-block",
                        },
                      ],
                      "height": Object {
                        "type": "numeric",
                        "value": 122,
                      },
                      "type": "div-container-block",
                      "width": Object {
                        "type": "numeric",
                        "value": 244,
                      },
                    },
                    Object {
                      "size": "xxs",
                      "type": "div-separator-block",
                    },
                    Object {
                      "text_max_lines": 6,
                      "text_style": "text_s",
                      "title": "<font style=\\"color:#000\\">Уволено руководство скандально известной соликамской колонии</font>",
                      "title_max_lines": 3,
                      "title_style": "text_l",
                      "type": "div-universal-block",
                    },
                    Object {
                      "size": "match_parent",
                      "type": "div-separator-block",
                    },
                    Object {
                      "text": "<font style=\\"color:#999999\\">Коммерсантъ Пермь</font>",
                      "text_max_lines": 1,
                      "text_style": "text_m",
                      "type": "div-universal-block",
                    },
                    Object {
                      "size": "xxs",
                      "type": "div-separator-block",
                    },
                  ],
                  "direction": "vertical",
                  "frame": Object {
                    "adaptive_bg": true,
                    "style": "shadow",
                  },
                  "height": Object {
                    "type": "numeric",
                    "value": 240,
                  },
                  "type": "div-container-block",
                  "width": Object {
                    "type": "numeric",
                    "value": 244,
                  },
                },
                Object {
                  "action": Object {
                    "log_id": "item.16(id=rg.ru/2019/11/06/minprirody-naznachilo-vremennogo-kuratora-musornoj-reformy.html)",
                    "url": "https://yandex.ru/news/story/Minprirody_naznachilo_vremennogo_kuratora_musornoj_reformy--5ee2c12884095ff36ec39bd11f0ecad0?lang=ru&from=api-rubric&rubric=personal_feed&stid=zh23Fz7kC0Pe1ETa-6bZ&t=1573045084&tt=true&persistent_id=78978515",
                  },
                  "alignment_horizontal": "center",
                  "alignment_vertical": "center",
                  "background": Array [
                    Object {
                      "color": "#00ffffff",
                      "type": "div-solid-background",
                    },
                  ],
                  "children": Array [
                    Object {
                      "background": Array [
                        Object {
                          "color": "#00000000",
                          "type": "div-solid-background",
                        },
                      ],
                      "children": Array [
                        Object {
                          "image": Object {
                            "image_url": "https://resize.yandex.net/88ea77190a6f489162c24993ffa3e64e?key=068b5043fad324767cf1a3090e6b1210&crop=no&enlarge=0&goldenratio=yes&height=317&typemap=gif%3Agif;png%3Apng;*%3Ajpeg&url=https%3A//avatars.mds.yandex.net/get-ynews/2451053/052c5e83c3978e9d3cfc98720e3326b7/orig&width=563",
                            "ratio": 2,
                            "type": "div-image-element",
                          },
                          "type": "div-image-block",
                        },
                      ],
                      "height": Object {
                        "type": "numeric",
                        "value": 122,
                      },
                      "type": "div-container-block",
                      "width": Object {
                        "type": "numeric",
                        "value": 244,
                      },
                    },
                    Object {
                      "size": "xxs",
                      "type": "div-separator-block",
                    },
                    Object {
                      "text_max_lines": 6,
                      "text_style": "text_s",
                      "title": "<font style=\\"color:#000\\">Минприроды назначило временного куратора «мусорной» реформы</font>",
                      "title_max_lines": 3,
                      "title_style": "text_l",
                      "type": "div-universal-block",
                    },
                    Object {
                      "size": "match_parent",
                      "type": "div-separator-block",
                    },
                    Object {
                      "text": "<font style=\\"color:#999999\\">Российская газета</font>",
                      "text_max_lines": 1,
                      "text_style": "text_m",
                      "type": "div-universal-block",
                    },
                    Object {
                      "size": "xxs",
                      "type": "div-separator-block",
                    },
                  ],
                  "direction": "vertical",
                  "frame": Object {
                    "adaptive_bg": true,
                    "style": "shadow",
                  },
                  "height": Object {
                    "type": "numeric",
                    "value": 240,
                  },
                  "type": "div-container-block",
                  "width": Object {
                    "type": "numeric",
                    "value": 244,
                  },
                },
                Object {
                  "action": Object {
                    "log_id": "item.17(id=sport24.ru/news/other/2019-11-06-zhulin-obyasnil-pochemu-u-zagitovoy-poyavilis-problemy-s-pryzhkami)",
                    "url": "https://yandex.ru/news/story/ZHulin_obyasnil_pochemu_u_Zagitovoj_poyavilis_problemy_s_pryzhkami--644f6f286398599e49dc09b602e07a00?lang=ru&from=api-rubric&rubric=personal_feed&stid=zcq278cOwMvztcy3Gj66&t=1573045084&persistent_id=78991342",
                  },
                  "alignment_horizontal": "center",
                  "alignment_vertical": "center",
                  "background": Array [
                    Object {
                      "color": "#00ffffff",
                      "type": "div-solid-background",
                    },
                  ],
                  "children": Array [
                    Object {
                      "background": Array [
                        Object {
                          "color": "#00000000",
                          "type": "div-solid-background",
                        },
                      ],
                      "children": Array [
                        Object {
                          "image": Object {
                            "image_url": "https://resize.yandex.net/d7a053abe2d363a98528854ce865a758?key=f79ceb6a8adf718aca72b4ff1e185190&crop=no&enlarge=0&goldenratio=yes&height=317&typemap=gif%3Agif;png%3Apng;*%3Ajpeg&url=https%3A//avatars.mds.yandex.net/get-ynews/2395724/d555132280693f07440fde0d8fcae95d/orig&width=563",
                            "ratio": 2,
                            "type": "div-image-element",
                          },
                          "type": "div-image-block",
                        },
                      ],
                      "height": Object {
                        "type": "numeric",
                        "value": 122,
                      },
                      "type": "div-container-block",
                      "width": Object {
                        "type": "numeric",
                        "value": 244,
                      },
                    },
                    Object {
                      "size": "xxs",
                      "type": "div-separator-block",
                    },
                    Object {
                      "text_max_lines": 6,
                      "text_style": "text_s",
                      "title": "<font style=\\"color:#000\\">Жулин объяснил, почему у Загитовой появились проблемы с прыжками</font>",
                      "title_max_lines": 3,
                      "title_style": "text_l",
                      "type": "div-universal-block",
                    },
                    Object {
                      "size": "match_parent",
                      "type": "div-separator-block",
                    },
                    Object {
                      "text": "<font style=\\"color:#999999\\">Sport24.ru</font>",
                      "text_max_lines": 1,
                      "text_style": "text_m",
                      "type": "div-universal-block",
                    },
                    Object {
                      "size": "xxs",
                      "type": "div-separator-block",
                    },
                  ],
                  "direction": "vertical",
                  "frame": Object {
                    "adaptive_bg": true,
                    "style": "shadow",
                  },
                  "height": Object {
                    "type": "numeric",
                    "value": 240,
                  },
                  "type": "div-container-block",
                  "width": Object {
                    "type": "numeric",
                    "value": 244,
                  },
                },
                Object {
                  "action": Object {
                    "log_id": "item.18(id=www.gazeta.ru/sport/news/2019/11/06/n_13663088.shtml)",
                    "url": "https://yandex.ru/news/story/Nalogovaya_sluzhba_zablokirovala_scheta_ehks-futbolista_Zenita_Kerzhakova--233059b4a64380d36b762427cc486d56?lang=ru&from=api-rubric&rubric=personal_feed&stid=L0ojZr7YxH6tYhjnFP51&t=1573045084&tt=true&persistent_id=78963211",
                  },
                  "alignment_horizontal": "center",
                  "alignment_vertical": "center",
                  "background": Array [
                    Object {
                      "color": "#00ffffff",
                      "type": "div-solid-background",
                    },
                  ],
                  "children": Array [
                    Object {
                      "background": Array [
                        Object {
                          "color": "#00000000",
                          "type": "div-solid-background",
                        },
                      ],
                      "children": Array [
                        Object {
                          "image": Object {
                            "image_url": "https://resize.yandex.net/378747da04e655cd97ff16a654c8398a?key=3fa6dbff153511201539a18bc7c1456f&crop=no&enlarge=0&goldenratio=yes&height=318&typemap=gif%3Agif;png%3Apng;*%3Ajpeg&url=https%3A//avatars.mds.yandex.net/get-ynews/1916803/f955647912000ae5212cc36db2547054/orig&width=563",
                            "ratio": 2,
                            "type": "div-image-element",
                          },
                          "type": "div-image-block",
                        },
                      ],
                      "height": Object {
                        "type": "numeric",
                        "value": 122,
                      },
                      "type": "div-container-block",
                      "width": Object {
                        "type": "numeric",
                        "value": 244,
                      },
                    },
                    Object {
                      "size": "xxs",
                      "type": "div-separator-block",
                    },
                    Object {
                      "text_max_lines": 6,
                      "text_style": "text_s",
                      "title": "<font style=\\"color:#000\\">Налоговая служба заблокировала счета экс-футболиста «Зенита» Кержакова</font>",
                      "title_max_lines": 3,
                      "title_style": "text_l",
                      "type": "div-universal-block",
                    },
                    Object {
                      "size": "match_parent",
                      "type": "div-separator-block",
                    },
                    Object {
                      "text": "<font style=\\"color:#999999\\">Газета.Ru</font>",
                      "text_max_lines": 1,
                      "text_style": "text_m",
                      "type": "div-universal-block",
                    },
                    Object {
                      "size": "xxs",
                      "type": "div-separator-block",
                    },
                  ],
                  "direction": "vertical",
                  "frame": Object {
                    "adaptive_bg": true,
                    "style": "shadow",
                  },
                  "height": Object {
                    "type": "numeric",
                    "value": 240,
                  },
                  "type": "div-container-block",
                  "width": Object {
                    "type": "numeric",
                    "value": 244,
                  },
                },
                Object {
                  "action": Object {
                    "log_id": "item.19(id=www.kommersant.ru/doc/4149426)",
                    "url": "https://yandex.ru/news/story/MID_RF_ne_podderzhivaet_lishenie_Deutsche_Welle_akkreditacii--81f7982b9fbf3691c72760fd89817a37?lang=ru&from=api-rubric&rubric=personal_feed&stid=ciISS3JjJpcauLoKV4OE&t=1573045084&tt=true&persistent_id=78976661",
                  },
                  "alignment_horizontal": "center",
                  "alignment_vertical": "center",
                  "background": Array [
                    Object {
                      "color": "#00ffffff",
                      "type": "div-solid-background",
                    },
                  ],
                  "children": Array [
                    Object {
                      "background": Array [
                        Object {
                          "color": "#00000000",
                          "type": "div-solid-background",
                        },
                      ],
                      "children": Array [
                        Object {
                          "image": Object {
                            "image_url": "https://resize.yandex.net/cfd4b4b87b03d0703eebebd1ffa1a7b2?key=003e9a90b46a3dac1a81f2aaf418f67b&crop=no&enlarge=0&goldenratio=yes&height=317&typemap=gif%3Agif;png%3Apng;*%3Ajpeg&url=https%3A//avatars.mds.yandex.net/get-ynews/1774358/6645d60158fbd6135238121fd23b3ed9/orig&width=563",
                            "ratio": 2,
                            "type": "div-image-element",
                          },
                          "type": "div-image-block",
                        },
                      ],
                      "height": Object {
                        "type": "numeric",
                        "value": 122,
                      },
                      "type": "div-container-block",
                      "width": Object {
                        "type": "numeric",
                        "value": 244,
                      },
                    },
                    Object {
                      "size": "xxs",
                      "type": "div-separator-block",
                    },
                    Object {
                      "text_max_lines": 6,
                      "text_style": "text_s",
                      "title": "<font style=\\"color:#000\\">МИД РФ не поддерживает лишение Deutsche Welle аккредитации</font>",
                      "title_max_lines": 3,
                      "title_style": "text_l",
                      "type": "div-universal-block",
                    },
                    Object {
                      "size": "match_parent",
                      "type": "div-separator-block",
                    },
                    Object {
                      "text": "<font style=\\"color:#999999\\">Коммерсантъ</font>",
                      "text_max_lines": 1,
                      "text_style": "text_m",
                      "type": "div-universal-block",
                    },
                    Object {
                      "size": "xxs",
                      "type": "div-separator-block",
                    },
                  ],
                  "direction": "vertical",
                  "frame": Object {
                    "adaptive_bg": true,
                    "style": "shadow",
                  },
                  "height": Object {
                    "type": "numeric",
                    "value": 240,
                  },
                  "type": "div-container-block",
                  "width": Object {
                    "type": "numeric",
                    "value": 244,
                  },
                },
              ],
              "padding_between_items": Object {
                "type": "numeric",
                "value": 12,
              },
              "tail": Object {
                "action": Object {
                  "log_id": "tail",
                  "url": "https://yandex.ru/news/rubric/personal_feed",
                },
                "icon": Object {
                  "icon_color": "#808080",
                },
                "text": "<font style=\\"color:#000\\">Все новости</font>",
              },
              "type": "div-gallery-block",
            },
          ],
          "direction": "vertical",
          "height": Object {
            "type": "predefined",
            "value": "wrap_content",
          },
          "type": "div-container-block",
          "width": Object {
            "type": "predefined",
            "value": "wrap_content",
          },
        },
        Object {
          "size": "l",
          "type": "div-separator-block",
        },
        Object {
          "size": "xxs",
          "type": "div-separator-block",
        },
      ],
      "state_id": 1,
    },
  ],
}
`;
