// Jest Snapshot v1, https://goo.gl/fbAQLP

exports[`card`] = `
Object {
  "card": Object {
    "log_id": "news_card",
    "states": Array [
      Object {
        "div": Object {
          "div": Object {
            "items": Array [
              Object {
                "action": Object {
                  "hover": Object {
                    "type": "translate",
                  },
                  "log_id": "item/0",
                  "url": "https://yandex.ru/news/story/MIUI_12_mogut_ustanovit_vladelcy_Xiaomi_i_Redmi--87027cca774b0070cf871b50eee1120c?lang=ru&from=api-rubric&rubric=personal_feed&stid=-pfee9NNtoraQ0IK&t=1588155450&persistent_id=95914076&utm_medium=personal_div&utm_source=morda_touch",
                },
                "annot": "Два дня назад Xiaomi представила свою новую фирменную оболочку MIUI 12 с заявлением, что она будет поддерживать более 40 смартфонов. Пока прошивка доступна только бета-тестерам, но благодаря энтузиастам её может загрузить любой желающий.",
                "annot_max_lines": 6,
                "bg_color": "#ffffff",
                "body_padding_top": 12,
                "footer_text_color": "#999999",
                "source_name": "The GEEK",
                "title": "MIUI 12 могут установить владельцы Xiaomi и Redmi",
                "title_max_lines": 4,
                "type": "news_div2_card_no_pic",
              },
              Object {
                "action": Object {
                  "hover": Object {
                    "type": "translate",
                  },
                  "log_id": "item/1",
                  "url": "https://yandex.ru/news/story/Polnomochiya_regionov_rasshirili_tolko_na_period_pandemii_zayavil_Peskov--d584e7fa1c5a9c2f6f712012200f5c9e?lang=ru&from=api-rubric&rubric=personal_feed&stid=dWVj-zmpwHMkeUcs0N2O&t=1588155450&tt=true&persistent_id=95929736&utm_medium=personal_div&utm_source=morda_touch",
                },
                "annot": "В каждом регионе ведется работа в авральном режиме, что соответствует нынешней ситуации с пандемией коронавируса, после того, как угроза отступит, расширенные полномочия субъектов РФ будут не нужны, сообщил пресс-секретарь президента Рф Дмитрий Песков.",
                "annot_max_lines": 2,
                "bg_color": "#ffffff",
                "body_padding_top": 8,
                "footer_text_color": "#999999",
                "picture": "https://avatars.mds.yandex.net/get-bunker/998550/cbccec25abebddd21fdbc44b7b04d36a/orig",
                "picture_bg": Array [
                  Object {
                    "image_url": "https://resize.yandex.net/e9455b189ce9fe587d669b5351b6f071?key=ef6347a76a44547abce61d2f39faa4d2&crop=no&enlarge=0&goldenratio=yes&height=317&typemap=gif%3Agif;png%3Apng;*%3Ajpeg&url=https%3A//avatars.mds.yandex.net/get-ynews/2805823/28dd12a45c92b2c63874977eade693c1/orig&width=563",
                    "type": "image",
                  },
                ],
                "source_name": "РИА Новости",
                "title": "Полномочия регионов расширили только на период пандемии, заявил Песков",
                "title_max_lines": 3,
                "type": "news_div2_card",
              },
              Object {
                "action": Object {
                  "hover": Object {
                    "type": "translate",
                  },
                  "log_id": "item/2",
                  "url": "https://yandex.ru/news/story/Rospotrebnadzor_razrabotal_pravila_povedeniya_na_majskikh_prazdnikakh--07cfea135b4cc683b434cc2bde8a042f?lang=ru&from=api-rubric&rubric=personal_feed&stid=PnJCrLMGCNjIOcRIY1Q4&t=1588155450&tt=true&persistent_id=95918712&utm_medium=personal_div&utm_source=morda_touch",
                },
                "annot": "Роспотребнадзор в соответствии с поручением главы правительства Михаила Мишустина разработал правила поведения россиян в период майских праздников, соблюдение которых должно помешать распространению коронавирусной инфекции COVID-19.",
                "annot_max_lines": 2,
                "bg_color": "#ffffff",
                "body_padding_top": 8,
                "footer_text_color": "#999999",
                "picture": "https://avatars.mds.yandex.net/get-bunker/998550/cbccec25abebddd21fdbc44b7b04d36a/orig",
                "picture_bg": Array [
                  Object {
                    "image_url": "https://resize.yandex.net/2e21bdfe47fed077d98638203cb33ca6?key=822923a3470df9626033614278529474&crop=no&enlarge=0&goldenratio=yes&height=317&typemap=gif%3Agif;png%3Apng;*%3Ajpeg&url=https%3A//avatars.mds.yandex.net/get-ynews/2433085/f48e209566305080ada8f5e81f22f5ea/orig&width=563",
                    "type": "image",
                  },
                ],
                "source_name": "РБК",
                "title": "Роспотребнадзор разработал правила поведения на майских праздниках",
                "title_max_lines": 3,
                "type": "news_div2_card",
              },
              Object {
                "action": Object {
                  "hover": Object {
                    "type": "translate",
                  },
                  "log_id": "item/3",
                  "url": "https://yandex.ru/news/story/Aehroflot_vvedet_vauchery_vzamen_otmenennykh_pereletov--703fdfa2cd1003011af6a6a8b35c1ba2?lang=ru&from=api-rubric&rubric=personal_feed&stid=CwMHNAWlLKYnB8xD5bU0&t=1588155450&tt=true&persistent_id=95846342&utm_medium=personal_div&utm_source=morda_touch",
                },
                "annot": "Компания \\"Аэрофлот\\", несущая убытки из-за отмены сотен рейсов в связи с пандемией коронавируса, предлагает вместо возврата денег за билеты выпустить трехлетние ваучеры - с возможностью их использования при покупке билетов в будущем.",
                "annot_max_lines": 2,
                "bg_color": "#ffffff",
                "body_padding_top": 8,
                "footer_text_color": "#999999",
                "picture": "https://avatars.mds.yandex.net/get-bunker/998550/cbccec25abebddd21fdbc44b7b04d36a/orig",
                "picture_bg": Array [
                  Object {
                    "image_url": "https://resize.yandex.net/31bf196dc03691a7e1186776e1d41366?key=3b23e751062004cde0370c91705f0879&crop=no&enlarge=0&goldenratio=yes&height=317&typemap=gif%3Agif;png%3Apng;*%3Ajpeg&url=https%3A//avatars.mds.yandex.net/get-ynews/2758773/c3aae3eb67c428a9c05a61eab34892cd/orig&width=563",
                    "type": "image",
                  },
                ],
                "source_name": "Российская газета",
                "title": "«Аэрофлот» введет ваучеры взамен отмененных перелетов",
                "title_max_lines": 3,
                "type": "news_div2_card",
              },
              Object {
                "action": Object {
                  "hover": Object {
                    "type": "translate",
                  },
                  "log_id": "item/4",
                  "url": "https://yandex.ru/news/story/FSB_provela_masshtabnuyu_operaciyu_protiv_podpolnykh_oruzhejnikov--e5bf4706c03d9c97b67d479100996416?lang=ru&from=api-rubric&rubric=personal_feed&stid=2693eK9Z9xBcic0e8hvY&t=1588155450&tt=true&persistent_id=95921035&utm_medium=personal_div&utm_source=morda_touch",
                },
                "annot": "МОСКВА, 29 апр - РИА Новости. От Крыма до Хабаровска прошла масштабная операция по задержанию подпольных оружейников, изъяты 95 стволов, 167 снарядов и 17 килограммов взрывчатки, говорится в сообщении ЦОС ФСБ России.",
                "annot_max_lines": 2,
                "bg_color": "#ffffff",
                "body_padding_top": 8,
                "footer_text_color": "#999999",
                "picture": "https://avatars.mds.yandex.net/get-bunker/998550/cbccec25abebddd21fdbc44b7b04d36a/orig",
                "picture_bg": Array [
                  Object {
                    "image_url": "https://resize.yandex.net/d4cac21a7c4d953181d253df3825e166?key=fa30a27ed822303ab2cbf82b142c7c23&crop=no&enlarge=0&goldenratio=yes&height=317&typemap=gif%3Agif;png%3Apng;*%3Ajpeg&url=https%3A//avatars.mds.yandex.net/get-ynews/3215461/dcad165d4865cb45c3ae2e0ebe290648/orig&width=563",
                    "type": "image",
                  },
                ],
                "source_name": "РИА Новости",
                "title": "ФСБ провела масштабную операцию против подпольных оружейников",
                "title_max_lines": 3,
                "type": "news_div2_card",
              },
              Object {
                "action": Object {
                  "hover": Object {
                    "type": "translate",
                  },
                  "log_id": "item/5",
                  "url": "https://yandex.ru/news/story/V_Kitae_skazali_o_posledstviyakh_pandemii_koronavirusa--d261b4cf59e9e3ec72baa51ae6e73496?lang=ru&from=api-rubric&rubric=personal_feed&stid=i_qGSjD0xjOkWcQW8B0t&t=1588155450&persistent_id=95841557&utm_medium=personal_div&utm_source=morda_touch",
                },
                "annot": "Жители Китая рассказали, какая обстановка наблюдается в стране после пандемии. Как сообщает ToDay News Ufa, в интервью телеканалу «360» жительница пригорода Пекина Нэнси Логан рассказала, что в столице уже открылись парки, некоторые гостиницы и рестораны.",
                "annot_max_lines": 2,
                "bg_color": "#ffffff",
                "body_padding_top": 8,
                "footer_text_color": "#999999",
                "picture": "https://avatars.mds.yandex.net/get-bunker/998550/cbccec25abebddd21fdbc44b7b04d36a/orig",
                "picture_bg": Array [
                  Object {
                    "image_url": "https://resize.yandex.net/59059893c431bda1ec5965fe76c7847e?key=539690b009fd238921be419b45be84e7&crop=no&enlarge=0&goldenratio=yes&height=317&typemap=gif%3Agif;png%3Apng;*%3Ajpeg&url=https%3A//avatars.mds.yandex.net/get-ynews/153333/1b3455228a464bf0cf72a0a540ebcdb5/orig&width=563",
                    "type": "image",
                  },
                ],
                "source_name": "ToDay News Ufa",
                "title": "В Китае сказали о последствиях пандемии коронавируса",
                "title_max_lines": 3,
                "type": "news_div2_card",
              },
              Object {
                "action": Object {
                  "hover": Object {
                    "type": "translate",
                  },
                  "log_id": "item/6",
                  "url": "https://yandex.ru/news/story/Putin_prodlil_ogranicheniya_po_borbe_s_koronavirusom--b14d37638b9ea63759d1d6360469dfc9?lang=ru&from=api-rubric&rubric=personal_feed&stid=ivmFldV_wPEuQmzF84t2&t=1588155450&tt=true&persistent_id=95855560&utm_medium=personal_div&utm_source=morda_touch",
                },
                "annot": "\\"С учетом всех майских праздников период нерабочих дней продлится до 11 мая включительно\\", - сообщил президент России Владимир Путин во вторник на совещании с губернаторами. Глава государства отметил, что эпидемия сильно ударила по экономике, по бизнесу.",
                "annot_max_lines": 2,
                "bg_color": "#ffffff",
                "body_padding_top": 8,
                "footer_text_color": "#999999",
                "picture": "https://avatars.mds.yandex.net/get-bunker/998550/cbccec25abebddd21fdbc44b7b04d36a/orig",
                "picture_bg": Array [
                  Object {
                    "image_url": "https://resize.yandex.net/1d25c0ad98dbfe86c1dfe50d1ce8daa9?key=eaa8deba3ed7e61f064d88e60d7d0e6f&crop=no&enlarge=0&goldenratio=yes&height=317&typemap=gif%3Agif;png%3Apng;*%3Ajpeg&url=https%3A//avatars.mds.yandex.net/get-ynews/2883813/2756f01e4cf60c9725bf8308b8ae20aa/orig&width=563",
                    "type": "image",
                  },
                ],
                "source_name": "Газета.Ru",
                "title": "Путин продлил ограничения по борьбе с коронавирусом",
                "title_max_lines": 3,
                "type": "news_div2_card",
              },
              Object {
                "action": Object {
                  "hover": Object {
                    "type": "translate",
                  },
                  "log_id": "item/7",
                  "url": "https://yandex.ru/news/story/Gazprom_otreagiroval_na_soobshheniya_o_bunte_rabochikh_v_YAkutii--6d73537a6cf5c9d55fa17d48626d3c15?lang=ru&from=api-rubric&rubric=personal_feed&stid=tlZ014Jko4l6yxhlKZEf&t=1588155450&tt=true&persistent_id=95931298&utm_medium=personal_div&utm_source=morda_touch",
                },
                "annot": "Руководство компании \\"Газпром добыча Ноябрьск\\", ведущей эксплуатацию Чаяндинского месторождения в Якутии, отреагировало на сообщения о том, что вахтовики объекта вышли на митинг из-за ситуации с коронавирусом. Об этом сообщает ТАСС со ссылкой на пресс-службу дочерней компании \\"Газпрома\\".",
                "annot_max_lines": 2,
                "bg_color": "#ffffff",
                "body_padding_top": 8,
                "footer_text_color": "#999999",
                "picture": "https://avatars.mds.yandex.net/get-bunker/998550/cbccec25abebddd21fdbc44b7b04d36a/orig",
                "picture_bg": Array [
                  Object {
                    "image_url": "https://resize.yandex.net/3074d84aa3c9aea75731d06f5b62c054?key=060de113680443de580d6ba83419b06a&crop=no&enlarge=0&goldenratio=yes&height=317&typemap=gif%3Agif;png%3Apng;*%3Ajpeg&url=https%3A//avatars.mds.yandex.net/get-ynews/1980447/a76728ad146f4b5d988b8ada67c5494c/orig&width=563",
                    "type": "image",
                  },
                ],
                "source_name": "Газета.Ru",
                "title": "«Газпром» отреагировал на сообщения о бунте рабочих в Якутии",
                "title_max_lines": 3,
                "type": "news_div2_card",
              },
              Object {
                "action": Object {
                  "hover": Object {
                    "type": "translate",
                  },
                  "log_id": "item/8",
                  "url": "https://yandex.ru/news/story/V_Priangare_mestnye_zhiteli_zapodozrili_chinovnikov_v_podzhoge_lesa--1c0445fe987a2efd9318b82cd2a55d09?lang=ru&from=api-rubric&rubric=personal_feed&stid=PsR2_uYOoaKuSueQvpPH&t=1588155450&tt=true&persistent_id=95850542&utm_medium=personal_div&utm_source=morda_touch",
                },
                "annot": "В Иркутской области местные жители заподозрили нескольких чиновников в поджоге леса, сообщил РИА Новости пресс-секретарь местной прокуратуры Ирина Щербакова.",
                "annot_max_lines": 2,
                "bg_color": "#ffffff",
                "body_padding_top": 8,
                "footer_text_color": "#999999",
                "picture": "https://avatars.mds.yandex.net/get-bunker/998550/cbccec25abebddd21fdbc44b7b04d36a/orig",
                "picture_bg": Array [
                  Object {
                    "image_url": "https://resize.yandex.net/a8ef5947444e333b0789a007fe8dbcf2?key=5a14e3fe2f49f74cb8d366fc2f58f851&crop=no&enlarge=0&goldenratio=yes&height=303&typemap=gif%3Agif;png%3Apng;*%3Ajpeg&url=https%3A//avatars.mds.yandex.net/get-ynews/3341416/d3a13083888116fdc430ea0ed3f7a984/orig&width=563",
                    "type": "image",
                  },
                ],
                "source_name": "РИА Новости",
                "title": "В Приангарье местные жители заподозрили чиновников в поджоге леса",
                "title_max_lines": 3,
                "type": "news_div2_card",
              },
              Object {
                "action": Object {
                  "hover": Object {
                    "type": "translate",
                  },
                  "log_id": "item/9",
                  "url": "https://yandex.ru/news/story/V_Tadzhikistane_zapretyat_ispolzovat_slavyanskie_okonchaniya_v_imenakh--f2f41d9599c1a8e9ed322789d86e9a0a?lang=ru&from=api-rubric&rubric=personal_feed&stid=sVLkdE913qBy15N8acEE&t=1588155450&tt=true&persistent_id=95921780&utm_medium=personal_div&utm_source=morda_touch",
                },
                "annot": "Использование славянских окончаний в фамилиях и отчествах граждан Таджикистана теперь будет запрещено. Депутаты нижней палаты парламента республики одобрили соответствующие поправки в среду, сообщает пресс-служба законодательного органа.",
                "annot_max_lines": 2,
                "bg_color": "#ffffff",
                "body_padding_top": 8,
                "footer_text_color": "#999999",
                "picture": "https://resize.yandex.net/cb7f69fd8ee118427df99c86a42a8504?key=e1f6d1f6d956b88a55326dcd93c1a2e1&crop=no&enlarge=0&goldenratio=yes&height=163&typemap=gif%3Agif;png%3Apng;*%3Ajpeg&url=https%3A//avatars.mds.yandex.net/get-ynews/2812919/73ef32281a462fc12716b20e2653268c/orig&width=244",
                "picture_bg": Array [],
                "source_name": "ТАСС",
                "title": "В Таджикистане запретят использовать славянские окончания в именах",
                "title_max_lines": 3,
                "type": "news_div2_card",
              },
              Object {
                "action": Object {
                  "hover": Object {
                    "type": "translate",
                  },
                  "log_id": "item/10",
                  "url": "https://yandex.ru/news/story/Mir_mozhet_stolknutsya_s_deficitom_rossijskoj_pshenicy--5f98da55902f1a891533e76838a5b9d0?lang=ru&from=api-rubric&rubric=personal_feed&stid=nHnx2b6Nmq4P__lCRFwq&t=1588155450&tt=true&persistent_id=95707585&utm_medium=personal_div&utm_source=morda_touch",
                },
                "annot": "Мир может столкнуться с нехваткой зерна из-за введения квоты на экспорт российской пшеницы, а также ее досрочной выработки.",
                "annot_max_lines": 2,
                "bg_color": "#ffffff",
                "body_padding_top": 8,
                "footer_text_color": "#999999",
                "picture": "https://avatars.mds.yandex.net/get-bunker/998550/cbccec25abebddd21fdbc44b7b04d36a/orig",
                "picture_bg": Array [
                  Object {
                    "image_url": "https://resize.yandex.net/8d76423b991a3cb527465adf0ba5b710?key=e863883f7d8cab511ffa979442c1046e&crop=no&enlarge=0&goldenratio=yes&height=317&typemap=gif%3Agif;png%3Apng;*%3Ajpeg&url=https%3A//avatars.mds.yandex.net/get-ynews/2418939/730ff04dff92cfbfaa6ee13c672335af/orig&width=563",
                    "type": "image",
                  },
                ],
                "source_name": "Газета.Ru",
                "title": "Мир может столкнуться с дефицитом российской пшеницы",
                "title_max_lines": 3,
                "type": "news_div2_card",
              },
              Object {
                "action": Object {
                  "hover": Object {
                    "type": "translate",
                  },
                  "log_id": "item/11",
                  "url": "https://yandex.ru/news/story/Vyruchka_Magnita_vpervye_za_pyat_let_rosla_bystree_chem_u_KH5--d5a34c5964fd07f7093aea715afaf5e6?lang=ru&from=api-rubric&rubric=personal_feed&stid=DW5myQdpColnSN50XviH&t=1588155450&tt=true&persistent_id=95911325&utm_medium=personal_div&utm_source=morda_touch",
                },
                "annot": "Второй по выручке российский ритейлер «Магнит» впервые за последние пять лет опередил X5 Retail Group по темпам роста выручки и сопоставимых продаж, следует из раскрытых компаниями результатов.",
                "annot_max_lines": 2,
                "bg_color": "#ffffff",
                "body_padding_top": 8,
                "footer_text_color": "#999999",
                "picture": "https://resize.yandex.net/bbe2fb89a0a6a01b3b6b7c40e35f7259?key=efcfce375f9e7c1d586ec1bfae0b87a3&crop=no&enlarge=0&goldenratio=yes&height=137&typemap=gif%3Agif;png%3Apng;*%3Ajpeg&url=https%3A//avatars.mds.yandex.net/get-ynews/2373085/d25cee5f8abb2c071edf24c93b6f0697/orig&width=244",
                "picture_bg": Array [],
                "source_name": "Ведомости",
                "title": "Выручка «Магнита» впервые за пять лет росла быстрее, чем у Х5",
                "title_max_lines": 3,
                "type": "news_div2_card",
              },
              Object {
                "action": Object {
                  "hover": Object {
                    "type": "translate",
                  },
                  "log_id": "item/12",
                  "url": "https://yandex.ru/news/story/Ubivshij_sem_chelovek_rossijskij_killer_izbezhal_pozhiznennogo_sroka--aeedb8dd74c666bee8f942664259faa4?lang=ru&from=api-rubric&rubric=personal_feed&stid=JpYIopswGduT1LrqSz5t&t=1588155450&tt=true&persistent_id=95892098&utm_medium=personal_div&utm_source=morda_touch",
                },
                "annot": "В Забайкалье убивший семь человек российский киллер Андрей Стрыжов получил 17 лет колонии, избежав пожизненного срока. Об этом в среду, 29 апреля, Ленте.ру сообщил официальный представитель регионального управления Следственного комитета России (СКР) Егор Марков.",
                "annot_max_lines": 2,
                "bg_color": "#ffffff",
                "body_padding_top": 8,
                "footer_text_color": "#999999",
                "picture": "https://resize.yandex.net/24993dc3cf586ad9ad4465e4357cc83c?key=7c5b32c8184e2cac06906b37b4c1c34e&crop=no&enlarge=0&goldenratio=yes&height=163&typemap=gif%3Agif;png%3Apng;*%3Ajpeg&url=https%3A//avatars.mds.yandex.net/get-ynews/3339274/8e4226ec7b45899fb7c34c2b52dda5ad/orig&width=244",
                "picture_bg": Array [],
                "source_name": "Lenta.ru",
                "title": "Убивший семь человек российский киллер избежал пожизненного срока",
                "title_max_lines": 3,
                "type": "news_div2_card",
              },
              Object {
                "action": Object {
                  "hover": Object {
                    "type": "translate",
                  },
                  "log_id": "item/13",
                  "url": "https://yandex.ru/news/story/Israehl_Adesanya_obeshhaet_ustroit_bolshoj_syurpriz_v_boyu_s_Paulo_Kostoj--5380304254de7c8bef39e53b8f668aeb?lang=ru&from=api-rubric&rubric=personal_feed&stid=jhE3&t=1588155450&persistent_id=95901042&utm_medium=personal_div&utm_source=morda_touch",
                },
                "annot": "Действующий чемпион UFC в среднем весе, Исраэль Адесанья, которому в следующем поединке предстоит защищать титул против Пауло Косты, обещает показать фанатам незабываемое зрелище, и тем самым реабилитироваться за бой против Йоэля Ромеро.",
                "annot_max_lines": 2,
                "bg_color": "#ffffff",
                "body_padding_top": 8,
                "footer_text_color": "#999999",
                "picture": "https://resize.yandex.net/ba50631fea97c68a03a435babf7a3961?key=2539b6068863a0c9541a12e3a00aae2c&crop=no&enlarge=0&goldenratio=yes&height=163&typemap=gif%3Agif;png%3Apng;*%3Ajpeg&url=https%3A//avatars.mds.yandex.net/get-ynews/3129298/07520df7823913f94f765017d5ecaab2/orig&width=244",
                "picture_bg": Array [],
                "source_name": "FightTime.ru",
                "title": "Исраэль Адесанья обещает устроить большой сюрприз в бою с Пауло Костой",
                "title_max_lines": 3,
                "type": "news_div2_card",
              },
              Object {
                "action": Object {
                  "hover": Object {
                    "type": "translate",
                  },
                  "log_id": "item/14",
                  "url": "https://yandex.ru/news/story/Kompaniya_Wifire_rasshiryaet_besplatnyj_kontent_dlya_polzovatelej--24925f365027548211fbad2d31fa668a?lang=ru&from=api-rubric&rubric=personal_feed&stid=3J_Q&t=1588155450&persistent_id=95469255&utm_medium=personal_div&utm_source=morda_touch",
                },
                "annot": "Платформа Wifire TV Lite предлагает каналы с зарубежными и отечественными фильмами, новостные, развлекательные и спортивные ресурсы. Компания постоянно расширяет представленную коллекцию. Контент также доступен в веб-версии и в приложении Wifire TV Lite на телевизорах LG и Samsung.",
                "annot_max_lines": 6,
                "bg_color": "#ffffff",
                "body_padding_top": 12,
                "footer_text_color": "#999999",
                "source_name": "Псковское агентство информации",
                "title": "Компания Wifire расширяет бесплатный контент для пользователей",
                "title_max_lines": 4,
                "type": "news_div2_card_no_pic",
              },
              Object {
                "action": Object {
                  "hover": Object {
                    "type": "translate",
                  },
                  "log_id": "item/15",
                  "url": "https://yandex.ru/news/story/Vsekh_pribyvshikh_v_Krym_na_majskie_prazdniki_pomestyat_na_karantin--f6272fa1038d9e98ef2495ec568791de?lang=ru&from=api-rubric&rubric=personal_feed&stid=-jcjNG_fgARcLcCEgJ2z&t=1588155450&tt=true&persistent_id=95824643&utm_medium=personal_div&utm_source=morda_touch",
                },
                "annot": "Власти Крыма из-за коронавирусной инфекции приняли решение помещать в обсерваторы всех прибывших из других регионов России на полуостров во время майских праздников. Об этом сообщает \\"Интерфакс\\" со ссылкой на главу республики Сергея Аксенова.",
                "annot_max_lines": 2,
                "bg_color": "#ffffff",
                "body_padding_top": 8,
                "footer_text_color": "#999999",
                "picture": "https://resize.yandex.net/98ee38cb8dd27f2e4bd2b687f678fae7?key=99fcb999681791026de45ceaffa8170c&crop=no&enlarge=0&goldenratio=yes&height=122&typemap=gif%3Agif;png%3Apng;*%3Ajpeg&url=https%3A//avatars.mds.yandex.net/get-ynews/2761873/b8b12cb2d05a6d21ce0100fee4d4e9fd/orig&width=122",
                "picture_bg": Array [],
                "source_name": "Газета.Ru",
                "title": "Всех прибывших в Крым на майские праздники поместят на карантин",
                "title_max_lines": 3,
                "type": "news_div2_card",
              },
              Object {
                "action": Object {
                  "hover": Object {
                    "type": "translate",
                  },
                  "log_id": "item/16",
                  "url": "https://yandex.ru/news/story/Generala_FSB_nazvali_vozmozhnym_glavnym_figurantom_dela_Boeing_MH17--b1363fb1cd82aa6a8c29f040fce3e398?lang=ru&from=api-rubric&rubric=personal_feed&stid=hGfxpe_5wK8dk0ctI6Nt&t=1588155450&tt=true&persistent_id=95813105&utm_medium=personal_div&utm_source=morda_touch",
                },
                "annot": "Генерала ФСБ назвали возможным главным фигурантом дела о крушении Boeing MH17 в Донбассе. Об этом сообщает «Русская служба Би-би-си».",
                "annot_max_lines": 2,
                "bg_color": "#ffffff",
                "body_padding_top": 8,
                "footer_text_color": "#999999",
                "picture": "https://avatars.mds.yandex.net/get-bunker/998550/cbccec25abebddd21fdbc44b7b04d36a/orig",
                "picture_bg": Array [
                  Object {
                    "image_url": "https://resize.yandex.net/67f024ef144f3c6088d014a028e120f6?key=dd5fef10856435ad0592f31873b15d8e&crop=no&enlarge=0&goldenratio=yes&height=303&typemap=gif%3Agif;png%3Apng;*%3Ajpeg&url=https%3A//avatars.mds.yandex.net/get-ynews/2751454/8b86899189dbfc770a13d2141f9eeadc/orig&width=563",
                    "type": "image",
                  },
                ],
                "source_name": "Lenta.ru",
                "title": "Генерала ФСБ назвали возможным главным фигурантом дела Boeing MH17",
                "title_max_lines": 3,
                "type": "news_div2_card",
              },
              Object {
                "action": Object {
                  "hover": Object {
                    "type": "translate",
                  },
                  "log_id": "item/17",
                  "url": "https://yandex.ru/news/story/Glavnyj_pulmonolog_Minzdrava_nazval_vazhnejshij_simptom_COVID-19--3a277e4d9d5838a8115ba2581af83d5d?lang=ru&from=api-rubric&rubric=personal_feed&stid=esuBdCsmdKDw3_OBfqdH&t=1588155450&tt=true&persistent_id=95828544&utm_medium=personal_div&utm_source=morda_touch",
                },
                "annot": "Как рассказал в программе \\"60 минут\\" на телеканале \\"Россия 1\\" главный пульмонолог Минздрава РФ Сергей Авдеев, таким симптомом можно считать одышку. Поэтому специалист посоветовал следить за своими ощущениями.",
                "annot_max_lines": 2,
                "bg_color": "#ffffff",
                "body_padding_top": 8,
                "footer_text_color": "#999999",
                "picture": "https://avatars.mds.yandex.net/get-bunker/998550/cbccec25abebddd21fdbc44b7b04d36a/orig",
                "picture_bg": Array [
                  Object {
                    "image_url": "https://resize.yandex.net/6805e20e7149709fdcb8d39167008431?key=d9955a3062fa4d92be64b0ed695c722c&crop=no&enlarge=0&goldenratio=yes&height=317&typemap=gif%3Agif;png%3Apng;*%3Ajpeg&url=https%3A//avatars.mds.yandex.net/get-ynews/2376029/5b7fc6d4995eefd58afd40b8f5a8a8e8/orig&width=563",
                    "type": "image",
                  },
                ],
                "source_name": "Российская газета",
                "title": "Главный пульмонолог Минздрава назвал важнейший симптом COVID-19",
                "title_max_lines": 3,
                "type": "news_div2_card",
              },
              Object {
                "action": Object {
                  "hover": Object {
                    "type": "translate",
                  },
                  "log_id": "item/18",
                  "url": "https://yandex.ru/news/story/Selyuk_prizval_Krylya_Sovetov_razorvat_kontrakt_s_vratarem_Frolovym--ec629a90c7a542c69ee5859b9a7b09e3?lang=ru&from=api-rubric&rubric=personal_feed&stid=_B-vI8ITh4jQbI2L&t=1588155450&persistent_id=95878103&utm_medium=personal_div&utm_source=morda_touch",
                },
                "annot": "Футбольный агент Дмитрий Селюк призвал «Крылья Советов» расторгнуть контракт с вратарём Евгением Фроловым из-за его негативных слов о правительстве РФ.",
                "annot_max_lines": 2,
                "bg_color": "#ffffff",
                "body_padding_top": 8,
                "footer_text_color": "#999999",
                "picture": "https://resize.yandex.net/c7986b8771a341d7c6b89fda9d2084d3?key=5ce63aeaac1333501c98df5e72fbb902&crop=no&enlarge=0&goldenratio=yes&height=207&typemap=gif%3Agif;png%3Apng;*%3Ajpeg&url=https%3A//avatars.mds.yandex.net/get-ynews/3293387/a52d2a11163a2b2694123eb20cd8e6f6/orig&width=244",
                "picture_bg": Array [],
                "source_name": "Metaratings",
                "title": "Селюк призвал «Крылья Советов» разорвать контракт с вратарем Фроловым",
                "title_max_lines": 3,
                "type": "news_div2_card",
              },
              Object {
                "action": Object {
                  "hover": Object {
                    "type": "translate",
                  },
                  "log_id": "item/19",
                  "url": "https://yandex.ru/news/story/Peskov_nazvat_datu_okonchaniya_ehpidemii_koronavirusa_v_Rossii_nevozmozhno--cd06c6ba2bd6993e0860d0b087c367c5?lang=ru&from=api-rubric&rubric=personal_feed&stid=zQL9raPUZGijMkxbm0SR&t=1588155450&tt=true&persistent_id=95929731&utm_medium=personal_div&utm_source=morda_touch",
                },
                "annot": "Кремль руководствуется пониманием того, что назвать дату окончания эпидемии коронавируса COVID-19 в России невозможно, заявил пресс-секретарь президента Дмитрий Песков. «Мы руководствуемся пониманием четким того, что назвать дату окончания эпидемии невозможно»,— сказал господин Песков журналистам.",
                "annot_max_lines": 2,
                "bg_color": "#ffffff",
                "body_padding_top": 8,
                "footer_text_color": "#999999",
                "picture": "https://avatars.mds.yandex.net/get-bunker/998550/cbccec25abebddd21fdbc44b7b04d36a/orig",
                "picture_bg": Array [
                  Object {
                    "image_url": "https://resize.yandex.net/b0b145204a8a6d37c64750ffd49901a9?key=61b09faca5f4f0e4cddeba1c96c24325&crop=no&enlarge=0&goldenratio=yes&height=317&typemap=gif%3Agif;png%3Apng;*%3Ajpeg&url=https%3A//avatars.mds.yandex.net/get-ynews/3072851/bebef15f7d070b26b0cbeb9c72cc01cf/orig&width=563",
                    "type": "image",
                  },
                ],
                "source_name": "Коммерсантъ",
                "title": "Песков: назвать дату окончания эпидемии коронавируса в России невозможно",
                "title_max_lines": 3,
                "type": "news_div2_card",
              },
              Object {
                "tail_action": Object {
                  "log_id": "tail",
                  "url": "https://yandex.ru/news/rubric/personal_feed?utm_medium=personal_inserts&utm_source=morda_touch",
                },
                "tail_text": "Все новости",
                "tail_text_color": "#000",
                "type": "news_card_tail",
              },
            ],
            "precise_logging": 1,
            "type": "gallery",
          },
          "title": "Интересное в СМИ",
          "title_link": "https://yandex.ru/news/rubric/personal_feed?utm_medium=personal_inserts&utm_source=morda_touch",
          "type": "news_card",
        },
        "state_id": 1,
      },
    ],
  },
  "templates": Object {
    "newsEmptyBlock": Object {
      "delimiter_style": Object {
        "color": "#0000",
        "orientation": "horizontal",
      },
      "height": Object {
        "type": "fixed",
        "value": 0,
      },
      "type": "separator",
      "width": Object {
        "type": "fixed",
        "value": 0,
      },
    },
    "newsGalleryAgencyName": Object {
      "type": "cardFooterText",
      "width": Object {
        "constrained": 1,
        "type": "wrap_content",
      },
    },
    "newsRedesignGallerySpacer": Object {
      "delimiter_style": Object {
        "color": "transparent",
      },
      "type": "separator",
      "width": Object {
        "type": "fixed",
        "value": 6,
      },
    },
    "news_card": Object {
      "type": "home:block",
    },
    "news_card_tail": Object {
      "$action": "tail_action",
      "content_alignment_horizontal": "center",
      "height": Object {
        "type": "match_parent",
      },
      "items": Array [
        Object {
          "type": "news_card_tail_icon",
        },
        Object {
          "$text": "tail_text",
          "$text_color": "tail_text_color",
          "font_size": 14,
          "line_height": 16,
          "text_alignment_horizontal": "center",
          "type": "text",
          "width": Object {
            "type": "fixed",
            "value": 132,
          },
        },
      ],
      "type": "container",
      "width": Object {
        "type": "fixed",
        "value": 132,
      },
    },
    "news_card_tail_icon": Object {
      "height": Object {
        "type": "fixed",
        "value": 40,
      },
      "image_url": "https://avatars.mds.yandex.net/get-bunker/61205/4abc6b3c7e424f57a5981178a638d91c9c01ccd5/orig",
      "margins": Object {
        "bottom": 11,
        "top": 98,
      },
      "type": "image",
      "width": Object {
        "type": "fixed",
        "value": 40,
      },
    },
    "news_div2_annot": Object {
      "$max_lines": "annot_max_lines",
      "$text": "annot",
      "font_size": 14,
      "line_height": 18,
      "type": "text",
    },
    "news_div2_body": Object {
      "alignment_vertical": "top",
      "height": Object {
        "type": "match_parent",
        "weight": 1,
      },
      "items": Array [
        Object {
          "type": "news_div2_title",
        },
        Object {
          "type": "news_div2_annot",
        },
      ],
      "orientation": "vertical",
      "paddings": Object {
        "$top": "body_padding_top",
        "bottom": 10,
        "left": 12,
        "right": 12,
      },
      "type": "container",
    },
    "news_div2_card": Object {
      "background": Array [
        Object {
          "$color": "bg_color",
          "type": "solid",
        },
      ],
      "border": Object {
        "corner_radius": 6,
        "has_shadow": 1,
      },
      "height": Object {
        "type": "fixed",
        "value": 268,
      },
      "items": Array [
        Object {
          "type": "news_div2_picture",
        },
        Object {
          "type": "news_div2_body",
        },
        Object {
          "type": "news_div2_footer",
        },
      ],
      "orientation": "vertical",
      "type": "container",
      "width": Object {
        "type": "fixed",
        "value": 244,
      },
    },
    "news_div2_card_no_pic": Object {
      "background": Array [
        Object {
          "$color": "bg_color",
          "type": "solid",
        },
      ],
      "border": Object {
        "corner_radius": 6,
        "has_shadow": 1,
      },
      "height": Object {
        "type": "fixed",
        "value": 268,
      },
      "items": Array [
        Object {
          "type": "news_div2_body",
        },
        Object {
          "type": "news_div2_footer",
        },
      ],
      "orientation": "vertical",
      "type": "container",
      "width": Object {
        "type": "fixed",
        "value": 244,
      },
    },
    "news_div2_footer": Object {
      "alignment_vertical": "bottom",
      "height": Object {
        "type": "fixed",
        "value": 30,
      },
      "items": Array [
        Object {
          "type": "news_div2_source",
        },
      ],
      "orientation": "horizontal",
      "paddings": Object {
        "left": 12,
        "right": 12,
      },
      "type": "container",
    },
    "news_div2_picture": Object {
      "$background": "picture_bg",
      "$image_url": "picture",
      "height": Object {
        "type": "fixed",
        "unit": "sp",
        "value": 122,
      },
      "type": "image",
    },
    "news_div2_source": Object {
      "alignment_horizontal": "left",
      "content_alignment_vertical": "center",
      "items": Array [
        Object {
          "type": "news_div2_source_text",
        },
      ],
      "orientation": "horizontal",
      "type": "container",
    },
    "news_div2_source_text": Object {
      "$text": "source_name",
      "$text_color": "footer_text_color",
      "font_size": 13,
      "line_height": 20,
      "margins": Object {
        "right": 8,
      },
      "max_lines": 1,
      "text_alignment_horizontal": "left",
      "text_alignment_vertical": "center",
      "type": "text",
    },
    "news_div2_title": Object {
      "$max_lines": "title_max_lines",
      "$text": "title",
      "font_size": 16,
      "font_weight": "bold",
      "line_height": 20,
      "margins": Object {
        "bottom": 4,
      },
      "type": "text",
    },
  },
}
`;
