// Jest Snapshot v1, https://goo.gl/fbAQLP

exports[`card`] = `
Object {
  "card": Object {
    "log_id": "news_card",
    "states": Array [
      Object {
        "div": Object {
          "div": Object {
            "items": Array [
              Object {
                "action": Object {
                  "hover": Object {
                    "type": "translate",
                  },
                  "log_id": "item/0",
                  "url": "https://yandex.ru/news/story/Ukraina_poobeshhala_sorvat_zavershenie_Severnogo_potoka-2--8725e615fc2f76797ff79fc039eb663a?lang=ru&from=api-rubric&rubric=personal_feed&stid=qvieyZC_cDvI_pqtyA2X&t=1588155783&tt=true&persistent_id=95916467&utm_medium=personal_div&utm_source=morda_desktop",
                },
                "annot": "Если Россия завершит строительство газопровода «Северный поток-2», транзит газа через Украину после 2025 года остановится. Об этом в интервью принадлежащему Григорию Березкину РБК заявил глава оператора украинской ГТС Сергей Макогон.",
                "annot_max_lines": 2,
                "bg_color": "#ffffff",
                "body_padding_top": 8,
                "footer_text_color": "#999999",
                "picture": "https://avatars.mds.yandex.net/get-bunker/998550/cbccec25abebddd21fdbc44b7b04d36a/orig",
                "picture_bg": Array [
                  Object {
                    "image_url": "https://resize.yandex.net/6b44fff70d2b5211ed4a27d0291d69fc?key=322299caeb42d92fa5cb4599fe720587&crop=no&enlarge=0&goldenratio=yes&height=90&typemap=gif%3Agif;png%3Apng;*%3Ajpeg&url=https%3A//avatars.mds.yandex.net/get-ynews/153333/e20672e4d79d32e6180cecb90f70d481/orig&width=160",
                    "type": "image",
                  },
                ],
                "source_name": "Lenta.ru",
                "title": "Украина пообещала сорвать завершение «Северного потока-2»",
                "title_max_lines": 3,
                "type": "news_div2_card",
              },
              Object {
                "action": Object {
                  "hover": Object {
                    "type": "translate",
                  },
                  "log_id": "item/1",
                  "url": "https://yandex.ru/news/story/Lincoln_otkazalsya_ot_vypuska_ehlektromobilya_na_baze_Rivian--30963825a7ae7b1b3ad909925a453d76?lang=ru&from=api-rubric&rubric=personal_feed&stid=MwpKY9kvaVNkl2daAJPE&t=1588155783&persistent_id=95896669&utm_medium=personal_div&utm_source=morda_desktop",
                },
                "annot": "Сегодня издание speedme.ru сообщило об отмене планов американской компании. Lincoln, как сообщается, сообщил дилерам о своем решении отменить выпуск электрокара в понедельник, 28 апреля, сославшись на «текущую ситуацию».",
                "annot_max_lines": 2,
                "bg_color": "#ffffff",
                "body_padding_top": 8,
                "footer_text_color": "#999999",
                "picture": "https://avatars.mds.yandex.net/get-bunker/998550/cbccec25abebddd21fdbc44b7b04d36a/orig",
                "picture_bg": Array [
                  Object {
                    "image_url": "https://resize.yandex.net/ab938d77de942bf57c233fd0e001067d?key=91f5409ea02f2a6b457ceaac4d7a4c17&crop=no&enlarge=0&goldenratio=yes&height=90&typemap=gif%3Agif;png%3Apng;*%3Ajpeg&url=https%3A//avatars.mds.yandex.net/get-ynews/3178858/b46e31bb3dd9cd6b378e546241f5822e/orig&width=160",
                    "type": "image",
                  },
                ],
                "source_name": "SpeedMe",
                "title": "Lincoln отказался от выпуска электромобиля на базе Rivian",
                "title_max_lines": 3,
                "type": "news_div2_card",
              },
              Object {
                "action": Object {
                  "hover": Object {
                    "type": "translate",
                  },
                  "log_id": "item/2",
                  "url": "https://yandex.ru/news/story/Vsekh_pribyvshikh_v_Krym_na_majskie_prazdniki_pomestyat_na_karantin--f6272fa1038d9e98ef2495ec568791de?lang=ru&from=api-rubric&rubric=personal_feed&stid=-jcjgARcNG_fLcCEgJ2z&t=1588155783&tt=true&persistent_id=95824643&utm_medium=personal_div&utm_source=morda_desktop",
                },
                "annot": "Власти Крыма из-за коронавирусной инфекции приняли решение помещать в обсерваторы всех прибывших из других регионов России на полуостров во время майских праздников. Об этом сообщает \\"Интерфакс\\" со ссылкой на главу республики Сергея Аксенова.",
                "annot_max_lines": 2,
                "bg_color": "#ffffff",
                "body_padding_top": 8,
                "footer_text_color": "#999999",
                "picture": "https://avatars.mds.yandex.net/get-bunker/998550/cbccec25abebddd21fdbc44b7b04d36a/orig",
                "picture_bg": Array [
                  Object {
                    "image_url": "https://resize.yandex.net/663387fa4db39bcdec036f5b93bc4776?key=25b6f391990e9281d33ff8e4f50d16bc&crop=no&enlarge=0&goldenratio=yes&height=107&typemap=gif%3Agif;png%3Apng;*%3Ajpeg&url=https%3A//avatars.mds.yandex.net/get-ynews/118945/b379cc925d3bcbaeae477ee58c5e5bd6/orig&width=160",
                    "type": "image",
                  },
                ],
                "source_name": "Газета.Ru",
                "title": "Всех прибывших в Крым на майские праздники поместят на карантин",
                "title_max_lines": 3,
                "type": "news_div2_card",
              },
              Object {
                "action": Object {
                  "hover": Object {
                    "type": "translate",
                  },
                  "log_id": "item/3",
                  "url": "https://yandex.ru/news/story/Poyavilis_oficialnye_izobrazheniya_novogo_kupe_BMW_4-Series--118dda1cdb319241a432c5828c0ad2a2?lang=ru&from=api-rubric&rubric=personal_feed&stid=-db-eI-z5clU&t=1588155783&persistent_id=95927384&utm_medium=personal_div&utm_source=morda_desktop",
                },
                "annot": "Компания BMW решила показать официальные снимки закамуфлированного прототипа обновлённого купе BMW 4-й серии, а также поделиться некоторыми подробностями о будущем автомобиле. Известно, что обновлённое купе BMW 4-Series на данный момент проходит финальные испытания.",
                "annot_max_lines": 2,
                "bg_color": "#ffffff",
                "body_padding_top": 8,
                "footer_text_color": "#999999",
                "picture": "https://avatars.mds.yandex.net/get-bunker/998550/cbccec25abebddd21fdbc44b7b04d36a/orig",
                "picture_bg": Array [
                  Object {
                    "image_url": "https://resize.yandex.net/acec7e851d846e7351cb6d7eea267c25?key=acadf5178acfffb4240cdb470334ff87&crop=no&enlarge=0&goldenratio=yes&height=107&typemap=gif%3Agif;png%3Apng;*%3Ajpeg&url=https%3A//avatars.mds.yandex.net/get-ynews/2002231/4cb8730ec957e72517ec3ebefd357747/orig&width=160",
                    "type": "image",
                  },
                ],
                "source_name": "Тарантас Ньюс",
                "title": "Появились официальные изображения нового купе BMW 4-Series",
                "title_max_lines": 3,
                "type": "news_div2_card",
              },
              Object {
                "action": Object {
                  "hover": Object {
                    "type": "translate",
                  },
                  "log_id": "item/4",
                  "url": "https://yandex.ru/news/story/V_Vyborge_nashli_tela_pyaterykh_detej_na_meste_pozhara_v_zhilom_dome--28b0b40ae9478ca5734d4b3e6abaf9c0?lang=ru&from=api-rubric&rubric=personal_feed&stid=d5c0G-IIHF-XWcDNeyqv&t=1588155783&tt=true&persistent_id=95891498&utm_medium=personal_div&utm_source=morda_desktop",
                },
                "annot": "В ночь на 29 апреля произошел пожар в доме в городе Выборге по улице Малая Водяная. По данным Единой дежурной диспетчерской службе Выборгского района, погибли двое взрослых и шесть детей. Как сообщили в ГУМЧС по Ленинградской области, горел жилой дом по всей площади.",
                "annot_max_lines": 2,
                "bg_color": "#ffffff",
                "body_padding_top": 8,
                "footer_text_color": "#999999",
                "picture": "https://avatars.mds.yandex.net/get-bunker/998550/cbccec25abebddd21fdbc44b7b04d36a/orig",
                "picture_bg": Array [
                  Object {
                    "image_url": "https://resize.yandex.net/0eb0a20bed46ce4a3bcc6b1624ab7c85?key=518d6f5c15fc3c533ced82eb35cc7bf1&crop=no&enlarge=0&goldenratio=yes&height=90&typemap=gif%3Agif;png%3Apng;*%3Ajpeg&url=https%3A//avatars.mds.yandex.net/get-ynews/2755188/3664ed62a3d9e4f5ba3ba1203f410974/orig&width=160",
                    "type": "image",
                  },
                ],
                "source_name": "РИА Новости",
                "title": "В Выборге нашли тела пятерых детей на месте пожара в жилом доме",
                "title_max_lines": 3,
                "type": "news_div2_card",
              },
              Object {
                "action": Object {
                  "hover": Object {
                    "type": "translate",
                  },
                  "log_id": "item/5",
                  "url": "https://yandex.ru/news/story/Vyruchka_Magnita_vpervye_za_pyat_let_rosla_bystree_chem_u_KH5--d5a34c5964fd07f7093aea715afaf5e6?lang=ru&from=api-rubric&rubric=personal_feed&stid=DW5mColnyQdpSN50XviH&t=1588155783&tt=true&persistent_id=95911325&utm_medium=personal_div&utm_source=morda_desktop",
                },
                "annot": "Второй по выручке российский ритейлер «Магнит» впервые за последние пять лет опередил X5 Retail Group по темпам роста выручки и сопоставимых продаж, следует из раскрытых компаниями результатов.",
                "annot_max_lines": 2,
                "bg_color": "#ffffff",
                "body_padding_top": 8,
                "footer_text_color": "#999999",
                "picture": "https://avatars.mds.yandex.net/get-bunker/998550/cbccec25abebddd21fdbc44b7b04d36a/orig",
                "picture_bg": Array [
                  Object {
                    "image_url": "https://resize.yandex.net/71d6f7096738ede699f844c31e34259f?key=232f9d7930d8f3db60bec5ca06931057&crop=no&enlarge=0&goldenratio=yes&height=107&typemap=gif%3Agif;png%3Apng;*%3Ajpeg&url=https%3A//avatars.mds.yandex.net/get-ynews/2774058/374a9db6a440e8ddec212df347b3832f/orig&width=160",
                    "type": "image",
                  },
                ],
                "source_name": "Ведомости",
                "title": "Выручка «Магнита» впервые за пять лет росла быстрее, чем у Х5",
                "title_max_lines": 3,
                "type": "news_div2_card",
              },
              Object {
                "action": Object {
                  "hover": Object {
                    "type": "translate",
                  },
                  "log_id": "item/6",
                  "url": "https://yandex.ru/news/story/Mehr_nazvala_absurdom_versiyu_o_podzhoge_lesov_chinovnikami_v_Ust-Kutske--754040d4270cb2539a533b92570d63d6?lang=ru&from=api-rubric&rubric=personal_feed&stid=GRp1Ln2S&t=1588155783&tt=true&persistent_id=95932570&utm_medium=personal_div&utm_source=morda_desktop",
                },
                "annot": "Мэр Усть-Кутского района Тамара Климина назвала абсурдом сообщения о том, что чиновники администрации района пытались поджечь леса. Об этом она рассказала изданию IrkutskMedia.",
                "annot_max_lines": 2,
                "bg_color": "#ffffff",
                "body_padding_top": 8,
                "footer_text_color": "#999999",
                "picture": "https://resize.yandex.net/e801127e5541d333089b5bb61dfa765d?key=7f9392e5da8a0bc21ba37357ab7f7f89&crop=no&enlarge=0&goldenratio=yes&height=151&typemap=gif%3Agif;png%3Apng;*%3Ajpeg&url=https%3A//avatars.mds.yandex.net/get-ynews/2355157/c56e8a96f05982704fabf1266e7492d3/orig&width=244",
                "picture_bg": Array [],
                "source_name": "РБК",
                "title": "Мэр назвала абсурдом версию о поджоге лесов чиновниками в Усть-Кутске",
                "title_max_lines": 3,
                "type": "news_div2_card",
              },
              Object {
                "action": Object {
                  "hover": Object {
                    "type": "translate",
                  },
                  "log_id": "item/7",
                  "url": "https://yandex.ru/news/story/V_Podmoskove_obnaruzhili_cekh_po_proizvodstvu_kontrafaktnogo_shokolada--85ad19208219c45d42c093cc5d2189d7?lang=ru&from=api-rubric&rubric=personal_feed&stid=C9qpvXIH-yWuxsh3fmdW&t=1588155783&tt=true&persistent_id=95929181&utm_medium=personal_div&utm_source=morda_desktop",
                },
                "annot": "Подмосковные полицейские обнаружили в деревне Лыткарино подпольный цех, где было налажено производство контрафактного шоколада. Как сообщила официальный представитель МВД России Ирина Волк, сотрудники полиции обнаружили в цехе автоматизированную линию по изготовлению и упаковке кондитерских изделий.",
                "annot_max_lines": 2,
                "bg_color": "#ffffff",
                "body_padding_top": 8,
                "footer_text_color": "#999999",
                "picture": "https://avatars.mds.yandex.net/get-bunker/998550/cbccec25abebddd21fdbc44b7b04d36a/orig",
                "picture_bg": Array [
                  Object {
                    "image_url": "https://resize.yandex.net/62022003f099e9ce32fd539f38562141?key=9aafb54c1bfc9f996b3fb5059bbc836d&crop=no&enlarge=0&goldenratio=yes&height=88&typemap=gif%3Agif;png%3Apng;*%3Ajpeg&url=https%3A//avatars.mds.yandex.net/get-ynews/2364828/035a0eba2a07126497edfa67da12ebe1/orig&width=160",
                    "type": "image",
                  },
                ],
                "source_name": "Российская газета",
                "title": "В Подмосковье обнаружили цех по производству контрафактного шоколада",
                "title_max_lines": 3,
                "type": "news_div2_card",
              },
              Object {
                "action": Object {
                  "hover": Object {
                    "type": "translate",
                  },
                  "log_id": "item/8",
                  "url": "https://yandex.ru/news/story/Rospotrebnadzor_razrabotal_pravila_povedeniya_na_majskikh_prazdnikakh--07cfea135b4cc683b434cc2bde8a042f?lang=ru&from=api-rubric&rubric=personal_feed&stid=PnJCrLMGCNjIOcRIY1Q4&t=1588155783&tt=true&persistent_id=95918712&utm_medium=personal_div&utm_source=morda_desktop",
                },
                "annot": "Роспотребнадзор в соответствии с поручением главы правительства Михаила Мишустина разработал правила поведения россиян в период майских праздников, соблюдение которых должно помешать распространению коронавирусной инфекции COVID-19.",
                "annot_max_lines": 2,
                "bg_color": "#ffffff",
                "body_padding_top": 8,
                "footer_text_color": "#999999",
                "picture": "https://avatars.mds.yandex.net/get-bunker/998550/cbccec25abebddd21fdbc44b7b04d36a/orig",
                "picture_bg": Array [
                  Object {
                    "image_url": "https://resize.yandex.net/2e21bdfe47fed077d98638203cb33ca6?key=4607402ec6d137eca05f94006d14171e&crop=no&enlarge=0&goldenratio=yes&height=90&typemap=gif%3Agif;png%3Apng;*%3Ajpeg&url=https%3A//avatars.mds.yandex.net/get-ynews/2433085/f48e209566305080ada8f5e81f22f5ea/orig&width=160",
                    "type": "image",
                  },
                ],
                "source_name": "РБК",
                "title": "Роспотребнадзор разработал правила поведения на майских праздниках",
                "title_max_lines": 3,
                "type": "news_div2_card",
              },
              Object {
                "action": Object {
                  "hover": Object {
                    "type": "translate",
                  },
                  "log_id": "item/9",
                  "url": "https://yandex.ru/news/story/Peskov_nazvat_datu_okonchaniya_ehpidemii_koronavirusa_v_Rossii_nevozmozhno--cd06c6ba2bd6993e0860d0b087c367c5?lang=ru&from=api-rubric&rubric=personal_feed&stid=zQL9raPUUM9KZGijMkxb&t=1588155783&tt=true&persistent_id=95929731&utm_medium=personal_div&utm_source=morda_desktop",
                },
                "annot": "Кремль руководствуется пониманием того, что назвать дату окончания эпидемии коронавируса COVID-19 в России невозможно, заявил пресс-секретарь президента Дмитрий Песков. «Мы руководствуемся пониманием четким того, что назвать дату окончания эпидемии невозможно»,— сказал господин Песков журналистам.",
                "annot_max_lines": 2,
                "bg_color": "#ffffff",
                "body_padding_top": 8,
                "footer_text_color": "#999999",
                "picture": "https://avatars.mds.yandex.net/get-bunker/998550/cbccec25abebddd21fdbc44b7b04d36a/orig",
                "picture_bg": Array [
                  Object {
                    "image_url": "https://resize.yandex.net/b0b145204a8a6d37c64750ffd49901a9?key=38d2cdc359c6274e65f5c23da88ededb&crop=no&enlarge=0&goldenratio=yes&height=90&typemap=gif%3Agif;png%3Apng;*%3Ajpeg&url=https%3A//avatars.mds.yandex.net/get-ynews/3072851/bebef15f7d070b26b0cbeb9c72cc01cf/orig&width=160",
                    "type": "image",
                  },
                ],
                "source_name": "Коммерсантъ",
                "title": "Песков: назвать дату окончания эпидемии коронавируса в России невозможно",
                "title_max_lines": 3,
                "type": "news_div2_card",
              },
              Object {
                "action": Object {
                  "hover": Object {
                    "type": "translate",
                  },
                  "log_id": "item/10",
                  "url": "https://yandex.ru/news/story/V_Kitae_skazali_o_posledstviyakh_pandemii_koronavirusa--d261b4cf59e9e3ec72baa51ae6e73496?lang=ru&from=api-rubric&rubric=personal_feed&stid=i_qGSjD0xjOkWcQW8B0t&t=1588155783&persistent_id=95841557&utm_medium=personal_div&utm_source=morda_desktop",
                },
                "annot": "Жители Китая рассказали, какая обстановка наблюдается в стране после пандемии. Как сообщает ToDay News Ufa, в интервью телеканалу «360» жительница пригорода Пекина Нэнси Логан рассказала, что в столице уже открылись парки, некоторые гостиницы и рестораны.",
                "annot_max_lines": 2,
                "bg_color": "#ffffff",
                "body_padding_top": 8,
                "footer_text_color": "#999999",
                "picture": "https://avatars.mds.yandex.net/get-bunker/998550/cbccec25abebddd21fdbc44b7b04d36a/orig",
                "picture_bg": Array [
                  Object {
                    "image_url": "https://resize.yandex.net/59059893c431bda1ec5965fe76c7847e?key=a3dd7c21be6f6773919fecef28bcec5f&crop=no&enlarge=0&goldenratio=yes&height=90&typemap=gif%3Agif;png%3Apng;*%3Ajpeg&url=https%3A//avatars.mds.yandex.net/get-ynews/153333/1b3455228a464bf0cf72a0a540ebcdb5/orig&width=160",
                    "type": "image",
                  },
                ],
                "source_name": "ToDay News Ufa",
                "title": "В Китае сказали о последствиях пандемии коронавируса",
                "title_max_lines": 3,
                "type": "news_div2_card",
              },
              Object {
                "action": Object {
                  "hover": Object {
                    "type": "translate",
                  },
                  "log_id": "item/11",
                  "url": "https://yandex.ru/news/story/V_Rossii_izmenilis_sroki_prokhozhdeniya_tekhosmotra_transportnykh_sredstv--e48d26e9a437a8f7abf68166fd62fc89?lang=ru&from=api-rubric&rubric=personal_feed&stid=iDmhSfgq4Y9uIsi3G--a&t=1588155783&persistent_id=95275778&utm_medium=personal_div&utm_source=morda_desktop",
                },
                "annot": "1 апреля 2020 года в России вступили в силу новые интервалы прохождения техосмотра транспортных средств. Поправки в Федеральный закон № 170-ФЗ «О техническом осмотре транспортных средств» Госдума приняла в конце марта.",
                "annot_max_lines": 2,
                "bg_color": "#ffffff",
                "body_padding_top": 8,
                "footer_text_color": "#999999",
                "picture": "https://avatars.mds.yandex.net/get-bunker/998550/cbccec25abebddd21fdbc44b7b04d36a/orig",
                "picture_bg": Array [
                  Object {
                    "image_url": "https://resize.yandex.net/95934fb97a3ab466ad11da87e5f6eed4?key=3526cd6c468ae9ec13f5e19dbd9aca71&crop=no&enlarge=0&goldenratio=yes&height=90&typemap=gif%3Agif;png%3Apng;*%3Ajpeg&url=https%3A//avatars.mds.yandex.net/get-ynews/2433165/32508c89fb35c6cfc40f154b5e938649/orig&width=160",
                    "type": "image",
                  },
                ],
                "source_name": "Автоновости дня",
                "title": "В России изменились сроки прохождения техосмотра транспортных средств",
                "title_max_lines": 3,
                "type": "news_div2_card",
              },
              Object {
                "action": Object {
                  "hover": Object {
                    "type": "translate",
                  },
                  "log_id": "item/12",
                  "url": "https://yandex.ru/news/story/Rossijskie_vlasti_vykupyat_u_stroitelej_zhilyo_na_150_mlrd_rublej--6adf3373f83eff939a0a5786b027c0a3?lang=ru&from=api-rubric&rubric=personal_feed&stid=q9r2nQlCB4Byx2u1XDgG&t=1588155783&persistent_id=95784121&utm_medium=personal_div&utm_source=morda_desktop",
                },
                "annot": "Государство расширит программу выкупа жилья у застройщиков на 100 млрд рублей, сообщил глава госкомпании «Дом.рф» Виталий Мутко. Объём финансирования программы достигнет 150 млрд рублей.",
                "annot_max_lines": 2,
                "bg_color": "#ffffff",
                "body_padding_top": 8,
                "footer_text_color": "#999999",
                "picture": "https://avatars.mds.yandex.net/get-bunker/998550/cbccec25abebddd21fdbc44b7b04d36a/orig",
                "picture_bg": Array [
                  Object {
                    "image_url": "https://resize.yandex.net/47d7867f59938ab6f2d9e7a346850496?key=d31b3ef694c2eed030eaabbf44b2e4cd&crop=no&enlarge=0&goldenratio=yes&height=90&typemap=gif%3Agif;png%3Apng;*%3Ajpeg&url=https%3A//avatars.mds.yandex.net/get-ynews/3072851/44931d289642129669fd49b7656686ad/orig&width=160",
                    "type": "image",
                  },
                ],
                "source_name": "Секрет фирмы",
                "title": "Российские власти выкупят у строителей жильё на 150 млрд рублей",
                "title_max_lines": 3,
                "type": "news_div2_card",
              },
              Object {
                "action": Object {
                  "hover": Object {
                    "type": "translate",
                  },
                  "log_id": "item/13",
                  "url": "https://yandex.ru/news/story/Putinu_predlozhili_lishit_armejskikh_generalov_karakulevykh_shapok--f60cf9ad91193de331a991866225f81d?lang=ru&from=api-rubric&rubric=personal_feed&stid=q2eWEOhzJ0djG6fwbErz&t=1588155783&tt=true&persistent_id=95893588&utm_medium=personal_div&utm_source=morda_desktop",
                },
                "annot": "Согласно поправкам, генералы и полковники, адмиралы и капитаны I ранга лишатся права носить каракулевые шапки с козырьком. Вместо этого им будут положены меховые шапки с козырьком. Шапки из каракуля останутся в обмундировании высших офицеров ФСО и Росгвардии.",
                "annot_max_lines": 2,
                "bg_color": "#ffffff",
                "body_padding_top": 8,
                "footer_text_color": "#999999",
                "picture": "https://resize.yandex.net/ed465f08409abff45e9b28029a39121e?key=848ea7ef5831b8b1a1f8879413ddd669&crop=no&enlarge=0&goldenratio=yes&height=138&typemap=gif%3Agif;png%3Apng;*%3Ajpeg&url=https%3A//avatars.mds.yandex.net/get-ynews/2425362/290bfd0650eafff5a4d4b4378abd221b/orig&width=244",
                "picture_bg": Array [],
                "source_name": "Lenta.ru",
                "title": "Путину предложили лишить армейских генералов каракулевых шапок",
                "title_max_lines": 3,
                "type": "news_div2_card",
              },
              Object {
                "action": Object {
                  "hover": Object {
                    "type": "translate",
                  },
                  "log_id": "item/14",
                  "url": "https://yandex.ru/news/story/SSHA_priostanovili_finansirovanie_proektov_po_sderzhivaniyu_Rossii--2a32bfe6d2fb1ec7c34552d1a8c26704?lang=ru&from=api-rubric&rubric=personal_feed&stid=Q1CQojtek6Mti2TmfTPh&t=1588155783&tt=true&persistent_id=95917761&utm_medium=personal_div&utm_source=morda_desktop",
                },
                "annot": "Министерство обороны США приостановит финансирование ряда проектов по «сдерживанию России» и вложит высвобожденные деньги на строительство стены на границе с Мексикой. Об этом сообщило агентство Bloomberg. Глава Пентагона Марк Эспер перенаправит таким образом около 545 миллионов долларов.",
                "annot_max_lines": 2,
                "bg_color": "#ffffff",
                "body_padding_top": 8,
                "footer_text_color": "#999999",
                "picture": "https://avatars.mds.yandex.net/get-bunker/998550/cbccec25abebddd21fdbc44b7b04d36a/orig",
                "picture_bg": Array [
                  Object {
                    "image_url": "https://resize.yandex.net/49b207801774340b3ba5217223fa6943?key=4136186d55ca3ae218ed4a15bbba5237&crop=no&enlarge=0&goldenratio=yes&height=90&typemap=gif%3Agif;png%3Apng;*%3Ajpeg&url=https%3A//avatars.mds.yandex.net/get-ynews/2805823/603f8a0fc339141079a2370f31ce0125/orig&width=160",
                    "type": "image",
                  },
                ],
                "source_name": "Lenta.ru",
                "title": "США приостановили финансирование проектов по «сдерживанию России»",
                "title_max_lines": 3,
                "type": "news_div2_card",
              },
              Object {
                "action": Object {
                  "hover": Object {
                    "type": "translate",
                  },
                  "log_id": "item/15",
                  "url": "https://yandex.ru/news/story/FSB_provela_masshtabnuyu_operaciyu_protiv_podpolnykh_oruzhejnikov--e5bf4706c03d9c97b67d479100996416?lang=ru&from=api-rubric&rubric=personal_feed&stid=2693eK9Z9xBcic0e8hvY&t=1588155783&tt=true&persistent_id=95921035&utm_medium=personal_div&utm_source=morda_desktop",
                },
                "annot": "МОСКВА, 29 апр - РИА Новости. От Крыма до Хабаровска прошла масштабная операция по задержанию подпольных оружейников, изъяты 95 стволов, 167 снарядов и 17 килограммов взрывчатки, говорится в сообщении ЦОС ФСБ России.",
                "annot_max_lines": 2,
                "bg_color": "#ffffff",
                "body_padding_top": 8,
                "footer_text_color": "#999999",
                "picture": "https://avatars.mds.yandex.net/get-bunker/998550/cbccec25abebddd21fdbc44b7b04d36a/orig",
                "picture_bg": Array [
                  Object {
                    "image_url": "https://resize.yandex.net/d4cac21a7c4d953181d253df3825e166?key=78d830c62898732779ed4f54e9d1c9ed&crop=no&enlarge=0&goldenratio=yes&height=90&typemap=gif%3Agif;png%3Apng;*%3Ajpeg&url=https%3A//avatars.mds.yandex.net/get-ynews/3215461/dcad165d4865cb45c3ae2e0ebe290648/orig&width=160",
                    "type": "image",
                  },
                ],
                "source_name": "РИА Новости",
                "title": "ФСБ провела масштабную операцию против подпольных оружейников",
                "title_max_lines": 3,
                "type": "news_div2_card",
              },
              Object {
                "action": Object {
                  "hover": Object {
                    "type": "translate",
                  },
                  "log_id": "item/16",
                  "url": "https://yandex.ru/news/story/Delo_vozbudili_protiv_materi_v_Tatarstane_za_zhizn_s_detmi_v_lesu--4f1edbeeab6503a88f903e3ff0282c5e?lang=ru&from=api-rubric&rubric=personal_feed&stid=s878ODYcVh1gF1ay5O-s&t=1588155783&tt=true&persistent_id=95815790&utm_medium=personal_div&utm_source=morda_desktop",
                },
                "annot": "В Татарстане 35-летняя женщина с детьми ушла жить в лес из-за боязни «чипирования». По данному факту возбуждено уголовное дело. По данным правоохранительных органов, женщина с двумя детьми отправилась в лес 5 апреля и до 18 апреля проживала в построенном шалаше.",
                "annot_max_lines": 2,
                "bg_color": "#ffffff",
                "body_padding_top": 8,
                "footer_text_color": "#999999",
                "picture": "https://resize.yandex.net/e6754d6cf40b3e1acf3efc48fba29b0c?key=428be42724b7fe6b1a921b5b7803fb6b&crop=no&enlarge=0&goldenratio=yes&height=138&typemap=gif%3Agif;png%3Apng;*%3Ajpeg&url=https%3A//avatars.mds.yandex.net/get-ynews/2363534/7d5add94b7bdc9456881cf81f667930c/orig&width=244",
                "picture_bg": Array [],
                "source_name": "Известия",
                "title": "Дело возбудили против матери в Татарстане за жизнь с детьми в лесу",
                "title_max_lines": 3,
                "type": "news_div2_card",
              },
              Object {
                "action": Object {
                  "hover": Object {
                    "type": "translate",
                  },
                  "log_id": "item/17",
                  "url": "https://yandex.ru/news/story/FSB_presekla_kontrabandu_dragmetallov_iz_Rossii_v_Germaniyu--6ddb1caf16c92bd949889d7f772a482a?lang=ru&from=api-rubric&rubric=personal_feed&stid=mZ2pz-wl-V_oUvluiusK&t=1588155783&tt=true&persistent_id=95907910&utm_medium=personal_div&utm_source=morda_desktop",
                },
                "annot": "Отмечается, что преступная группа организовала канал вывоза драгоценных металлов (платины, палладия, родия) из России в Германию транзитом через Белоруссию и Литву. В Смоленской области около российско-белорусской границы был досмотрен грузовой автомобиль, который следовал в Литву.",
                "annot_max_lines": 2,
                "bg_color": "#ffffff",
                "body_padding_top": 8,
                "footer_text_color": "#999999",
                "picture": "https://avatars.mds.yandex.net/get-bunker/998550/cbccec25abebddd21fdbc44b7b04d36a/orig",
                "picture_bg": Array [
                  Object {
                    "image_url": "https://resize.yandex.net/14d0278d833428f093013bd3b2cd6eac?key=f45e91d81d069cf1376dbffef2aa9f57&crop=no&enlarge=0&goldenratio=yes&height=90&typemap=gif%3Agif;png%3Apng;*%3Ajpeg&url=https%3A//avatars.mds.yandex.net/get-ynews/2758773/0733cc09656fc6a888c75d2b76fba727/orig&width=160",
                    "type": "image",
                  },
                ],
                "source_name": "REGNUM",
                "title": "ФСБ пресекла контрабанду драгметаллов из России в Германию",
                "title_max_lines": 3,
                "type": "news_div2_card",
              },
              Object {
                "action": Object {
                  "hover": Object {
                    "type": "translate",
                  },
                  "log_id": "item/18",
                  "url": "https://yandex.ru/news/story/V_Tadzhikistane_zapretyat_ispolzovat_slavyanskie_okonchaniya_v_imenakh--f2f41d9599c1a8e9ed322789d86e9a0a?lang=ru&from=api-rubric&rubric=personal_feed&stid=sVLkdE913qBy15N8acEE&t=1588155783&tt=true&persistent_id=95921780&utm_medium=personal_div&utm_source=morda_desktop",
                },
                "annot": "Использование славянских окончаний в фамилиях и отчествах граждан Таджикистана теперь будет запрещено. Депутаты нижней палаты парламента республики одобрили соответствующие поправки в среду, сообщает пресс-служба законодательного органа.",
                "annot_max_lines": 2,
                "bg_color": "#ffffff",
                "body_padding_top": 8,
                "footer_text_color": "#999999",
                "picture": "https://resize.yandex.net/cb7f69fd8ee118427df99c86a42a8504?key=e1f6d1f6d956b88a55326dcd93c1a2e1&crop=no&enlarge=0&goldenratio=yes&height=163&typemap=gif%3Agif;png%3Apng;*%3Ajpeg&url=https%3A//avatars.mds.yandex.net/get-ynews/2812919/73ef32281a462fc12716b20e2653268c/orig&width=244",
                "picture_bg": Array [],
                "source_name": "ТАСС",
                "title": "В Таджикистане запретят использовать славянские окончания в именах",
                "title_max_lines": 3,
                "type": "news_div2_card",
              },
              Object {
                "action": Object {
                  "hover": Object {
                    "type": "translate",
                  },
                  "log_id": "item/19",
                  "url": "https://yandex.ru/news/story/Umer_aktyor_iz_Millionera_iz_trushhob_i_ZHizni_Pi_Irfan_Kkhan--6817d15eb3644dc141028a925727813f?lang=ru&from=api-rubric&rubric=personal_feed&stid=7gylPhZ2xoQrt1m8GjYW&t=1588155783&tt=true&persistent_id=95908165&utm_medium=personal_div&utm_source=morda_desktop",
                },
                "annot": "Индийский актёр Ирфан Кхан, снимавшийся в голливудских и болливудских фильмах, скончался на 54-м году жизни, передаёт телеканал NDTV со ссылкой на близких артиста. По данным канала, Кхан умер в одной из частных клиник Мумбаи.",
                "annot_max_lines": 2,
                "bg_color": "#ffffff",
                "body_padding_top": 8,
                "footer_text_color": "#999999",
                "picture": "https://avatars.mds.yandex.net/get-bunker/998550/cbccec25abebddd21fdbc44b7b04d36a/orig",
                "picture_bg": Array [
                  Object {
                    "image_url": "https://resize.yandex.net/3eaa8ad79067cbd58a58fb38d5146355?key=c0ad40365d1e234d5f45804b94755a8f&crop=no&enlarge=0&goldenratio=yes&height=90&typemap=gif%3Agif;png%3Apng;*%3Ajpeg&url=https%3A//avatars.mds.yandex.net/get-ynews/2363415/e6e1ed19d0fb15caa09118984cb51bb2/orig&width=160",
                    "type": "image",
                  },
                ],
                "source_name": "RT на русском",
                "title": "Умер актёр из «Миллионера из трущоб» и «Жизни Пи» Ирфан Кхан",
                "title_max_lines": 3,
                "type": "news_div2_card",
              },
            ],
            "precise_logging": 1,
            "type": "gallery",
          },
          "title": "Интересное в СМИ",
          "title_link": "https://yandex.ru/news/rubric/personal_feed?utm_medium=personal_inserts&utm_source=morda_desktop",
          "type": "news_card",
        },
        "state_id": 1,
      },
    ],
  },
  "templates": Object {
    "newsEmptyBlock": Object {
      "delimiter_style": Object {
        "color": "#0000",
        "orientation": "horizontal",
      },
      "height": Object {
        "type": "fixed",
        "value": 0,
      },
      "type": "separator",
      "width": Object {
        "type": "fixed",
        "value": 0,
      },
    },
    "newsGalleryAgencyName": Object {
      "type": "cardFooterText",
      "width": Object {
        "constrained": 1,
        "type": "wrap_content",
      },
    },
    "newsRedesignGallerySpacer": Object {
      "delimiter_style": Object {
        "color": "transparent",
      },
      "type": "separator",
      "width": Object {
        "type": "fixed",
        "value": 6,
      },
    },
    "news_card": Object {
      "type": "home:block",
    },
    "news_card_tail": Object {
      "$action": "tail_action",
      "content_alignment_horizontal": "center",
      "height": Object {
        "type": "match_parent",
      },
      "items": Array [
        Object {
          "type": "news_card_tail_icon",
        },
        Object {
          "$text": "tail_text",
          "$text_color": "tail_text_color",
          "font_size": 14,
          "line_height": 16,
          "text_alignment_horizontal": "center",
          "type": "text",
          "width": Object {
            "type": "fixed",
            "value": 132,
          },
        },
      ],
      "type": "container",
      "width": Object {
        "type": "fixed",
        "value": 132,
      },
    },
    "news_card_tail_icon": Object {
      "height": Object {
        "type": "fixed",
        "value": 40,
      },
      "image_url": "https://avatars.mds.yandex.net/get-bunker/61205/4abc6b3c7e424f57a5981178a638d91c9c01ccd5/orig",
      "margins": Object {
        "bottom": 11,
        "top": 98,
      },
      "type": "image",
      "width": Object {
        "type": "fixed",
        "value": 40,
      },
    },
    "news_div2_annot": Object {
      "$max_lines": "annot_max_lines",
      "$text": "annot",
      "font_size": 14,
      "line_height": 18,
      "type": "text",
    },
    "news_div2_body": Object {
      "alignment_vertical": "top",
      "height": Object {
        "type": "match_parent",
        "weight": 1,
      },
      "items": Array [
        Object {
          "type": "news_div2_title",
        },
        Object {
          "type": "news_div2_annot",
        },
      ],
      "orientation": "vertical",
      "paddings": Object {
        "$top": "body_padding_top",
        "bottom": 10,
        "left": 12,
        "right": 12,
      },
      "type": "container",
    },
    "news_div2_card": Object {
      "background": Array [
        Object {
          "$color": "bg_color",
          "type": "solid",
        },
      ],
      "border": Object {
        "corner_radius": 6,
        "has_shadow": 1,
      },
      "height": Object {
        "type": "fixed",
        "value": 276,
      },
      "items": Array [
        Object {
          "type": "news_div2_picture",
        },
        Object {
          "type": "news_div2_body",
        },
        Object {
          "type": "news_div2_footer",
        },
      ],
      "orientation": "vertical",
      "type": "container",
      "width": Object {
        "type": "fixed",
        "value": 256,
      },
    },
    "news_div2_card_no_pic": Object {
      "background": Array [
        Object {
          "$color": "bg_color",
          "type": "solid",
        },
      ],
      "border": Object {
        "corner_radius": 6,
        "has_shadow": 1,
      },
      "height": Object {
        "type": "fixed",
        "value": 276,
      },
      "items": Array [
        Object {
          "type": "news_div2_body",
        },
        Object {
          "type": "news_div2_footer",
        },
      ],
      "orientation": "vertical",
      "type": "container",
      "width": Object {
        "type": "fixed",
        "value": 256,
      },
    },
    "news_div2_footer": Object {
      "alignment_vertical": "bottom",
      "height": Object {
        "type": "fixed",
        "value": 30,
      },
      "items": Array [
        Object {
          "type": "news_div2_source",
        },
      ],
      "orientation": "horizontal",
      "paddings": Object {
        "left": 12,
        "right": 12,
      },
      "type": "container",
    },
    "news_div2_picture": Object {
      "$background": "picture_bg",
      "$image_url": "picture",
      "height": Object {
        "type": "fixed",
        "value": 128,
      },
      "type": "image",
    },
    "news_div2_source": Object {
      "alignment_horizontal": "left",
      "content_alignment_vertical": "center",
      "items": Array [
        Object {
          "type": "news_div2_source_text",
        },
      ],
      "orientation": "horizontal",
      "type": "container",
    },
    "news_div2_source_text": Object {
      "$text": "source_name",
      "$text_color": "footer_text_color",
      "font_size": 13,
      "line_height": 20,
      "margins": Object {
        "right": 8,
      },
      "max_lines": 1,
      "text_alignment_horizontal": "left",
      "text_alignment_vertical": "center",
      "type": "text",
    },
    "news_div2_title": Object {
      "$max_lines": "title_max_lines",
      "$text": "title",
      "font_size": 16,
      "font_weight": "bold",
      "line_height": 20,
      "margins": Object {
        "bottom": 4,
      },
      "type": "text",
    },
  },
}
`;
