// Jest Snapshot v1, https://goo.gl/fbAQLP

exports[`card`] = `
Object {
  "states": Array [
    Object {
      "blocks": Array [
        Object {
          "action": Object {
            "log_id": "title",
            "url": "https://yandex.ru/sport/?utm_content=all_posts&utm_medium=promoblock&utm_source=morda&from=home",
          },
          "menu_color": "#808080",
          "text": "Спорт",
          "text_style": "title_m",
          "type": "div-title-block",
        },
        Object {
          "size": "s",
          "type": "div-separator-block",
        },
        Object {
          "alignment_vertical": "top",
          "children": Array [
            Object {
              "items": Array [
                Object {
                  "action": Object {
                    "log_id": "item.0(id=78911361)",
                    "url": "https://yandex.ru/sport/pinned?url=https%3A%2F%2Fsport24.ru%2Fnews%2Fother%2F2019-11-05-wada-napravilo-v-mezhdunarodnyye-federatsii-47-dopingovykh-del-rossiyskikh-sportsmenov-foto-instagram&from=morda_touch_div",
                  },
                  "alignment_horizontal": "center",
                  "alignment_vertical": "center",
                  "background": Array [
                    Object {
                      "color": "#00ffffff",
                      "type": "div-solid-background",
                    },
                  ],
                  "children": Array [
                    Object {
                      "background": Array [
                        Object {
                          "color": "#00000000",
                          "type": "div-solid-background",
                        },
                      ],
                      "children": Array [
                        Object {
                          "image": Object {
                            "image_url": "https://avatars.mds.yandex.net/get-ynews/2406108/05cb353a67fbce7fb281d4db00cd5e93/563x304",
                            "ratio": 2,
                            "type": "div-image-element",
                          },
                          "type": "div-image-block",
                        },
                      ],
                      "height": Object {
                        "type": "numeric",
                        "value": 122,
                      },
                      "type": "div-container-block",
                      "width": Object {
                        "type": "numeric",
                        "value": 244,
                      },
                    },
                    Object {
                      "size": "xxs",
                      "type": "div-separator-block",
                    },
                    Object {
                      "text_max_lines": 6,
                      "text_style": "text_s",
                      "title": "<font style=\\"color:#000\\">Против 47 русских спортсменов открыты допинговые дела. Эксперты уверены в доказательной базе</font>",
                      "title_max_lines": 3,
                      "title_style": "text_l",
                      "type": "div-universal-block",
                    },
                    Object {
                      "size": "match_parent",
                      "type": "div-separator-block",
                    },
                    Object {
                      "text": "<font style=\\"color:#999999\\">Sport24.ru</font>",
                      "text_max_lines": 1,
                      "text_style": "text_m",
                      "type": "div-universal-block",
                    },
                    Object {
                      "size": "xxs",
                      "type": "div-separator-block",
                    },
                  ],
                  "direction": "vertical",
                  "frame": Object {
                    "adaptive_bg": true,
                    "style": "shadow",
                  },
                  "height": Object {
                    "type": "numeric",
                    "value": 240,
                  },
                  "type": "div-container-block",
                  "width": Object {
                    "type": "numeric",
                    "value": 244,
                  },
                },
                Object {
                  "action": Object {
                    "log_id": "item.1(id=78902082)",
                    "url": "https://yandex.ru/sport/pinned?url=https%3A%2F%2Fnews.sportbox.ru%2FVidy_sporta%2FBoks%2FProfessionalnyj%2Fspbnews_NI1105650_Komissija_zapretila_Kovalevu_dratsa_do_janvara&from=morda_touch_div",
                  },
                  "alignment_horizontal": "center",
                  "alignment_vertical": "center",
                  "background": Array [
                    Object {
                      "color": "#00ffffff",
                      "type": "div-solid-background",
                    },
                  ],
                  "children": Array [
                    Object {
                      "background": Array [
                        Object {
                          "color": "#00000000",
                          "type": "div-solid-background",
                        },
                      ],
                      "children": Array [
                        Object {
                          "image": Object {
                            "image_url": "https://avatars.mds.yandex.net/get-ynews/2418015/10e75e2f9b3c54ec62f72562837df9e0/563x304",
                            "ratio": 2,
                            "type": "div-image-element",
                          },
                          "type": "div-image-block",
                        },
                      ],
                      "height": Object {
                        "type": "numeric",
                        "value": 122,
                      },
                      "type": "div-container-block",
                      "width": Object {
                        "type": "numeric",
                        "value": 244,
                      },
                    },
                    Object {
                      "size": "xxs",
                      "type": "div-separator-block",
                    },
                    Object {
                      "text_max_lines": 6,
                      "text_style": "text_s",
                      "title": "<font style=\\"color:#000\\">Комиссия запретила Ковалеву драться до января</font>",
                      "title_max_lines": 3,
                      "title_style": "text_l",
                      "type": "div-universal-block",
                    },
                    Object {
                      "size": "match_parent",
                      "type": "div-separator-block",
                    },
                    Object {
                      "text": "<font style=\\"color:#999999\\">Sportbox.RU</font>",
                      "text_max_lines": 1,
                      "text_style": "text_m",
                      "type": "div-universal-block",
                    },
                    Object {
                      "size": "xxs",
                      "type": "div-separator-block",
                    },
                  ],
                  "direction": "vertical",
                  "frame": Object {
                    "adaptive_bg": true,
                    "style": "shadow",
                  },
                  "height": Object {
                    "type": "numeric",
                    "value": 240,
                  },
                  "type": "div-container-block",
                  "width": Object {
                    "type": "numeric",
                    "value": 244,
                  },
                },
                Object {
                  "action": Object {
                    "log_id": "item.2(id=78906207)",
                    "url": "https://yandex.ru/sport/pinned?url=https%3A%2F%2Fwww.euro-football.ru%2Farticle%2F1003096931%2F1004271966_cherchesov_nazval_sostav_sbornoy_rossii_na_matchi_s_belgiey_i_san-marino&from=morda_touch_div",
                  },
                  "alignment_horizontal": "center",
                  "alignment_vertical": "center",
                  "background": Array [
                    Object {
                      "color": "#00ffffff",
                      "type": "div-solid-background",
                    },
                  ],
                  "children": Array [
                    Object {
                      "background": Array [
                        Object {
                          "color": "#00000000",
                          "type": "div-solid-background",
                        },
                      ],
                      "children": Array [
                        Object {
                          "image": Object {
                            "image_url": "https://avatars.mds.yandex.net/get-ynews/1774358/19fa9a0b984428cb3a6db30e797db971/563x304",
                            "ratio": 2,
                            "type": "div-image-element",
                          },
                          "type": "div-image-block",
                        },
                      ],
                      "height": Object {
                        "type": "numeric",
                        "value": 122,
                      },
                      "type": "div-container-block",
                      "width": Object {
                        "type": "numeric",
                        "value": 244,
                      },
                    },
                    Object {
                      "size": "xxs",
                      "type": "div-separator-block",
                    },
                    Object {
                      "text_max_lines": 6,
                      "text_style": "text_s",
                      "title": "<font style=\\"color:#000\\">Черчесов назвал состав сборной России на матчи с Бельгией и Сан-Марино</font>",
                      "title_max_lines": 3,
                      "title_style": "text_l",
                      "type": "div-universal-block",
                    },
                    Object {
                      "size": "match_parent",
                      "type": "div-separator-block",
                    },
                    Object {
                      "text": "<font style=\\"color:#999999\\">Евро-футбол.ру</font>",
                      "text_max_lines": 1,
                      "text_style": "text_m",
                      "type": "div-universal-block",
                    },
                    Object {
                      "size": "xxs",
                      "type": "div-separator-block",
                    },
                  ],
                  "direction": "vertical",
                  "frame": Object {
                    "adaptive_bg": true,
                    "style": "shadow",
                  },
                  "height": Object {
                    "type": "numeric",
                    "value": 240,
                  },
                  "type": "div-container-block",
                  "width": Object {
                    "type": "numeric",
                    "value": 244,
                  },
                },
                Object {
                  "action": Object {
                    "log_id": "item.3(id=78819407)",
                    "url": "https://yandex.ru/sport/pinned?url=https%3A%2F%2Fnews.sportbox.ru%2FVidy_sporta%2FFutbol%2FLiga_Chempionov%2Fspbnews_NI1106131_Barselona_pokazala_khudshuju_domashnuju_poseshhajemost_v_LCh_za_dva_goda&from=morda_touch_div",
                  },
                  "alignment_horizontal": "center",
                  "alignment_vertical": "center",
                  "background": Array [
                    Object {
                      "color": "#00ffffff",
                      "type": "div-solid-background",
                    },
                  ],
                  "children": Array [
                    Object {
                      "background": Array [
                        Object {
                          "color": "#00000000",
                          "type": "div-solid-background",
                        },
                      ],
                      "children": Array [
                        Object {
                          "image": Object {
                            "image_url": "https://avatars.mds.yandex.net/get-ynews/1881855/121a5e1a5cef9625b1f599c057432434/563x304",
                            "ratio": 2,
                            "type": "div-image-element",
                          },
                          "type": "div-image-block",
                        },
                      ],
                      "height": Object {
                        "type": "numeric",
                        "value": 122,
                      },
                      "type": "div-container-block",
                      "width": Object {
                        "type": "numeric",
                        "value": 244,
                      },
                    },
                    Object {
                      "size": "xxs",
                      "type": "div-separator-block",
                    },
                    Object {
                      "text_max_lines": 6,
                      "text_style": "text_s",
                      "title": "<font style=\\"color:#000\\">«Барселона» показала худшую домашнюю посещаемость в ЛЧ за два года</font>",
                      "title_max_lines": 3,
                      "title_style": "text_l",
                      "type": "div-universal-block",
                    },
                    Object {
                      "size": "match_parent",
                      "type": "div-separator-block",
                    },
                    Object {
                      "text": "<font style=\\"color:#999999\\">Sportbox.RU</font>",
                      "text_max_lines": 1,
                      "text_style": "text_m",
                      "type": "div-universal-block",
                    },
                    Object {
                      "size": "xxs",
                      "type": "div-separator-block",
                    },
                  ],
                  "direction": "vertical",
                  "frame": Object {
                    "adaptive_bg": true,
                    "style": "shadow",
                  },
                  "height": Object {
                    "type": "numeric",
                    "value": 240,
                  },
                  "type": "div-container-block",
                  "width": Object {
                    "type": "numeric",
                    "value": 244,
                  },
                },
                Object {
                  "action": Object {
                    "log_id": "item.4(id=78859842)",
                    "url": "https://yandex.ru/sport/pinned?url=https%3A%2F%2Finforeactor.ru%2F265365-skonchalsya-chempion-olimpiady-1996-goda-dmitrii-vasilenko&from=morda_touch_div",
                  },
                  "alignment_horizontal": "center",
                  "alignment_vertical": "center",
                  "background": Array [
                    Object {
                      "color": "#00ffffff",
                      "type": "div-solid-background",
                    },
                  ],
                  "children": Array [
                    Object {
                      "background": Array [
                        Object {
                          "color": "#00000000",
                          "type": "div-solid-background",
                        },
                      ],
                      "children": Array [
                        Object {
                          "image": Object {
                            "image_url": "https://avatars.mds.yandex.net/get-ynews/2384034/23b3492e9af132160e8eaadb84d7ab34/563x304",
                            "ratio": 2,
                            "type": "div-image-element",
                          },
                          "type": "div-image-block",
                        },
                      ],
                      "height": Object {
                        "type": "numeric",
                        "value": 122,
                      },
                      "type": "div-container-block",
                      "width": Object {
                        "type": "numeric",
                        "value": 244,
                      },
                    },
                    Object {
                      "size": "xxs",
                      "type": "div-separator-block",
                    },
                    Object {
                      "text_max_lines": 6,
                      "text_style": "text_s",
                      "title": "<font style=\\"color:#000\\">Скончался чемпион Олимпиады 1996 года Дмитрий Василенко</font>",
                      "title_max_lines": 3,
                      "title_style": "text_l",
                      "type": "div-universal-block",
                    },
                    Object {
                      "size": "match_parent",
                      "type": "div-separator-block",
                    },
                    Object {
                      "text": "<font style=\\"color:#999999\\">iReactor</font>",
                      "text_max_lines": 1,
                      "text_style": "text_m",
                      "type": "div-universal-block",
                    },
                    Object {
                      "size": "xxs",
                      "type": "div-separator-block",
                    },
                  ],
                  "direction": "vertical",
                  "frame": Object {
                    "adaptive_bg": true,
                    "style": "shadow",
                  },
                  "height": Object {
                    "type": "numeric",
                    "value": 240,
                  },
                  "type": "div-container-block",
                  "width": Object {
                    "type": "numeric",
                    "value": 244,
                  },
                },
                Object {
                  "action": Object {
                    "log_id": "item.5(id=78821969)",
                    "url": "https://yandex.ru/sport/pinned?url=https%3A%2F%2Frsport.ria.ru%2F20191105%2F1560601284.html&from=morda_touch_div",
                  },
                  "alignment_horizontal": "center",
                  "alignment_vertical": "center",
                  "background": Array [
                    Object {
                      "color": "#00ffffff",
                      "type": "div-solid-background",
                    },
                  ],
                  "children": Array [
                    Object {
                      "background": Array [
                        Object {
                          "color": "#00000000",
                          "type": "div-solid-background",
                        },
                      ],
                      "children": Array [
                        Object {
                          "image": Object {
                            "image_url": "https://avatars.mds.yandex.net/get-ynews/1925513/37b555af5415fea07f90d2bf233a9185/563x304",
                            "ratio": 2,
                            "type": "div-image-element",
                          },
                          "type": "div-image-block",
                        },
                      ],
                      "height": Object {
                        "type": "numeric",
                        "value": 122,
                      },
                      "type": "div-container-block",
                      "width": Object {
                        "type": "numeric",
                        "value": 244,
                      },
                    },
                    Object {
                      "size": "xxs",
                      "type": "div-separator-block",
                    },
                    Object {
                      "text_max_lines": 6,
                      "text_style": "text_s",
                      "title": "<font style=\\"color:#000\\">Бурдасов будет капитаном сборной России на Кубке Карьяла</font>",
                      "title_max_lines": 3,
                      "title_style": "text_l",
                      "type": "div-universal-block",
                    },
                    Object {
                      "size": "match_parent",
                      "type": "div-separator-block",
                    },
                    Object {
                      "text": "<font style=\\"color:#999999\\">РИА Новости</font>",
                      "text_max_lines": 1,
                      "text_style": "text_m",
                      "type": "div-universal-block",
                    },
                    Object {
                      "size": "xxs",
                      "type": "div-separator-block",
                    },
                  ],
                  "direction": "vertical",
                  "frame": Object {
                    "adaptive_bg": true,
                    "style": "shadow",
                  },
                  "height": Object {
                    "type": "numeric",
                    "value": 240,
                  },
                  "type": "div-container-block",
                  "width": Object {
                    "type": "numeric",
                    "value": 244,
                  },
                },
                Object {
                  "action": Object {
                    "log_id": "item.6(id=78981756)",
                    "url": "https://yandex.ru/sport/pinned?url=https%3A%2F%2Fwww.championat.com%2Fbasketball%2Farticle-3892803-obzor-igrovogo-dnja-nba-6-nojabrja-2019-goda-video.html&from=morda_touch_div",
                  },
                  "alignment_horizontal": "center",
                  "alignment_vertical": "center",
                  "background": Array [
                    Object {
                      "color": "#00ffffff",
                      "type": "div-solid-background",
                    },
                  ],
                  "children": Array [
                    Object {
                      "background": Array [
                        Object {
                          "color": "#00000000",
                          "type": "div-solid-background",
                        },
                      ],
                      "children": Array [
                        Object {
                          "image": Object {
                            "image_url": "https://avatars.mds.yandex.net/get-ynews/1881355/82266ff0edd5d1ae89ddf43449e8db7b/563x304",
                            "ratio": 2,
                            "type": "div-image-element",
                          },
                          "type": "div-image-block",
                        },
                      ],
                      "height": Object {
                        "type": "numeric",
                        "value": 122,
                      },
                      "type": "div-container-block",
                      "width": Object {
                        "type": "numeric",
                        "value": 244,
                      },
                    },
                    Object {
                      "size": "xxs",
                      "type": "div-separator-block",
                    },
                    Object {
                      "text_max_lines": 6,
                      "text_style": "text_s",
                      "title": "<font style=\\"color:#000\\">Обзор игрового дня НБА, 6 ноября 2019 года, видео</font>",
                      "title_max_lines": 3,
                      "title_style": "text_l",
                      "type": "div-universal-block",
                    },
                    Object {
                      "size": "match_parent",
                      "type": "div-separator-block",
                    },
                    Object {
                      "text": "<font style=\\"color:#999999\\">Чемпионат</font>",
                      "text_max_lines": 1,
                      "text_style": "text_m",
                      "type": "div-universal-block",
                    },
                    Object {
                      "size": "xxs",
                      "type": "div-separator-block",
                    },
                  ],
                  "direction": "vertical",
                  "frame": Object {
                    "adaptive_bg": true,
                    "style": "shadow",
                  },
                  "height": Object {
                    "type": "numeric",
                    "value": 240,
                  },
                  "type": "div-container-block",
                  "width": Object {
                    "type": "numeric",
                    "value": 244,
                  },
                },
                Object {
                  "action": Object {
                    "log_id": "item.7(id=78944137)",
                    "url": "https://yandex.ru/sport/pinned?url=https%3A%2F%2Frg.ru%2F2019%2F11%2F06%2Fcheryshev-poluchil-travmu-v-pobednom-matche-valensii-v-ligi-chempionov.html&from=morda_touch_div",
                  },
                  "alignment_horizontal": "center",
                  "alignment_vertical": "center",
                  "background": Array [
                    Object {
                      "color": "#00ffffff",
                      "type": "div-solid-background",
                    },
                  ],
                  "children": Array [
                    Object {
                      "background": Array [
                        Object {
                          "color": "#00000000",
                          "type": "div-solid-background",
                        },
                      ],
                      "children": Array [
                        Object {
                          "image": Object {
                            "image_url": "https://avatars.mds.yandex.net/get-ynews/2410235/f120ca23b064e78fd4de4dd3a8918b7c/563x304",
                            "ratio": 2,
                            "type": "div-image-element",
                          },
                          "type": "div-image-block",
                        },
                      ],
                      "height": Object {
                        "type": "numeric",
                        "value": 122,
                      },
                      "type": "div-container-block",
                      "width": Object {
                        "type": "numeric",
                        "value": 244,
                      },
                    },
                    Object {
                      "size": "xxs",
                      "type": "div-separator-block",
                    },
                    Object {
                      "text_max_lines": 6,
                      "text_style": "text_s",
                      "title": "<font style=\\"color:#000\\">Черышев получил травму в победном матче «Валенсии» в Лиге чемпионов</font>",
                      "title_max_lines": 3,
                      "title_style": "text_l",
                      "type": "div-universal-block",
                    },
                    Object {
                      "size": "match_parent",
                      "type": "div-separator-block",
                    },
                    Object {
                      "text": "<font style=\\"color:#999999\\">Российская газета</font>",
                      "text_max_lines": 1,
                      "text_style": "text_m",
                      "type": "div-universal-block",
                    },
                    Object {
                      "size": "xxs",
                      "type": "div-separator-block",
                    },
                  ],
                  "direction": "vertical",
                  "frame": Object {
                    "adaptive_bg": true,
                    "style": "shadow",
                  },
                  "height": Object {
                    "type": "numeric",
                    "value": 240,
                  },
                  "type": "div-container-block",
                  "width": Object {
                    "type": "numeric",
                    "value": 244,
                  },
                },
                Object {
                  "action": Object {
                    "log_id": "item.8(id=78952998)",
                    "url": "https://yandex.ru/sport/pinned?url=https%3A%2F%2Fwww.gazeta.ru%2Fsport%2Fnews%2F2019%2F11%2F06%2Fn_13662560.shtml&from=morda_touch_div",
                  },
                  "alignment_horizontal": "center",
                  "alignment_vertical": "center",
                  "background": Array [
                    Object {
                      "color": "#00ffffff",
                      "type": "div-solid-background",
                    },
                  ],
                  "children": Array [
                    Object {
                      "background": Array [
                        Object {
                          "color": "#00000000",
                          "type": "div-solid-background",
                        },
                      ],
                      "children": Array [
                        Object {
                          "image": Object {
                            "image_url": "https://avatars.mds.yandex.net/get-ynews/2420880/128e734b5f62e3f8fe30d58e67d9de1a/563x304",
                            "ratio": 2,
                            "type": "div-image-element",
                          },
                          "type": "div-image-block",
                        },
                      ],
                      "height": Object {
                        "type": "numeric",
                        "value": 122,
                      },
                      "type": "div-container-block",
                      "width": Object {
                        "type": "numeric",
                        "value": 244,
                      },
                    },
                    Object {
                      "size": "xxs",
                      "type": "div-separator-block",
                    },
                    Object {
                      "text_max_lines": 6,
                      "text_style": "text_s",
                      "title": "<font style=\\"color:#000\\">Эксперт Бубнов выразил недовольство игрой Дзюбы в матче с «Лейпцигом»</font>",
                      "title_max_lines": 3,
                      "title_style": "text_l",
                      "type": "div-universal-block",
                    },
                    Object {
                      "size": "match_parent",
                      "type": "div-separator-block",
                    },
                    Object {
                      "text": "<font style=\\"color:#999999\\">Газета.Ru</font>",
                      "text_max_lines": 1,
                      "text_style": "text_m",
                      "type": "div-universal-block",
                    },
                    Object {
                      "size": "xxs",
                      "type": "div-separator-block",
                    },
                  ],
                  "direction": "vertical",
                  "frame": Object {
                    "adaptive_bg": true,
                    "style": "shadow",
                  },
                  "height": Object {
                    "type": "numeric",
                    "value": 240,
                  },
                  "type": "div-container-block",
                  "width": Object {
                    "type": "numeric",
                    "value": 244,
                  },
                },
                Object {
                  "action": Object {
                    "log_id": "item.9(id=78885559)",
                    "url": "https://yandex.ru/sport/pinned?url=https%3A%2F%2Frussian.rt.com%2Fsport%2Fnews%2F683973-medvedev-itogovyi-turnir-tennis&from=morda_touch_div",
                  },
                  "alignment_horizontal": "center",
                  "alignment_vertical": "center",
                  "background": Array [
                    Object {
                      "color": "#00ffffff",
                      "type": "div-solid-background",
                    },
                  ],
                  "children": Array [
                    Object {
                      "background": Array [
                        Object {
                          "color": "#00000000",
                          "type": "div-solid-background",
                        },
                      ],
                      "children": Array [
                        Object {
                          "image": Object {
                            "image_url": "https://avatars.mds.yandex.net/get-ynews/2429038/8a6d0e44bb77ed33e9f79dd4fd67d062/563x304",
                            "ratio": 2,
                            "type": "div-image-element",
                          },
                          "type": "div-image-block",
                        },
                      ],
                      "height": Object {
                        "type": "numeric",
                        "value": 122,
                      },
                      "type": "div-container-block",
                      "width": Object {
                        "type": "numeric",
                        "value": 244,
                      },
                    },
                    Object {
                      "size": "xxs",
                      "type": "div-separator-block",
                    },
                    Object {
                      "text_max_lines": 6,
                      "text_style": "text_s",
                      "title": "<font style=\\"color:#000\\">Медведев сыграет с Надалем, Зверевым и Циципасом на Итоговом турнире ATP</font>",
                      "title_max_lines": 3,
                      "title_style": "text_l",
                      "type": "div-universal-block",
                    },
                    Object {
                      "size": "match_parent",
                      "type": "div-separator-block",
                    },
                    Object {
                      "text": "<font style=\\"color:#999999\\">RT на русском</font>",
                      "text_max_lines": 1,
                      "text_style": "text_m",
                      "type": "div-universal-block",
                    },
                    Object {
                      "size": "xxs",
                      "type": "div-separator-block",
                    },
                  ],
                  "direction": "vertical",
                  "frame": Object {
                    "adaptive_bg": true,
                    "style": "shadow",
                  },
                  "height": Object {
                    "type": "numeric",
                    "value": 240,
                  },
                  "type": "div-container-block",
                  "width": Object {
                    "type": "numeric",
                    "value": 244,
                  },
                },
                Object {
                  "action": Object {
                    "log_id": "item.10(id=78973964)",
                    "url": "https://yandex.ru/sport/pinned?url=https%3A%2F%2Fwww.gazeta.ru%2Fsport%2Fnews%2F2019%2F11%2F06%2Fn_13662806.shtml&from=morda_touch_div",
                  },
                  "alignment_horizontal": "center",
                  "alignment_vertical": "center",
                  "background": Array [
                    Object {
                      "color": "#00ffffff",
                      "type": "div-solid-background",
                    },
                  ],
                  "children": Array [
                    Object {
                      "background": Array [
                        Object {
                          "color": "#00000000",
                          "type": "div-solid-background",
                        },
                      ],
                      "children": Array [
                        Object {
                          "image": Object {
                            "image_url": "https://avatars.mds.yandex.net/get-ynews/1882860/01399e66dded23276787ade6bf97ee2d/563x304",
                            "ratio": 2,
                            "type": "div-image-element",
                          },
                          "type": "div-image-block",
                        },
                      ],
                      "height": Object {
                        "type": "numeric",
                        "value": 122,
                      },
                      "type": "div-container-block",
                      "width": Object {
                        "type": "numeric",
                        "value": 244,
                      },
                    },
                    Object {
                      "size": "xxs",
                      "type": "div-separator-block",
                    },
                    Object {
                      "text_max_lines": 6,
                      "text_style": "text_s",
                      "title": "<font style=\\"color:#000\\">Дзагоев отправился на выезд в Венгрию вместе с основным составом ЦСКА</font>",
                      "title_max_lines": 3,
                      "title_style": "text_l",
                      "type": "div-universal-block",
                    },
                    Object {
                      "size": "match_parent",
                      "type": "div-separator-block",
                    },
                    Object {
                      "text": "<font style=\\"color:#999999\\">Газета.Ru</font>",
                      "text_max_lines": 1,
                      "text_style": "text_m",
                      "type": "div-universal-block",
                    },
                    Object {
                      "size": "xxs",
                      "type": "div-separator-block",
                    },
                  ],
                  "direction": "vertical",
                  "frame": Object {
                    "adaptive_bg": true,
                    "style": "shadow",
                  },
                  "height": Object {
                    "type": "numeric",
                    "value": 240,
                  },
                  "type": "div-container-block",
                  "width": Object {
                    "type": "numeric",
                    "value": 244,
                  },
                },
                Object {
                  "action": Object {
                    "log_id": "item.11(id=78954561)",
                    "url": "https://yandex.ru/sport/pinned?url=https%3A%2F%2Frussian.rt.com%2Fsport%2Fnews%2F684262-promes-spartak-lyubov&from=morda_touch_div",
                  },
                  "alignment_horizontal": "center",
                  "alignment_vertical": "center",
                  "background": Array [
                    Object {
                      "color": "#00ffffff",
                      "type": "div-solid-background",
                    },
                  ],
                  "children": Array [
                    Object {
                      "background": Array [
                        Object {
                          "color": "#00000000",
                          "type": "div-solid-background",
                        },
                      ],
                      "children": Array [
                        Object {
                          "image": Object {
                            "image_url": "https://avatars.mds.yandex.net/get-ynews/1925513/bb74544e2264397bf10c65b72d5219d3/563x304",
                            "ratio": 2,
                            "type": "div-image-element",
                          },
                          "type": "div-image-block",
                        },
                      ],
                      "height": Object {
                        "type": "numeric",
                        "value": 122,
                      },
                      "type": "div-container-block",
                      "width": Object {
                        "type": "numeric",
                        "value": 244,
                      },
                    },
                    Object {
                      "size": "xxs",
                      "type": "div-separator-block",
                    },
                    Object {
                      "text_max_lines": 6,
                      "text_style": "text_s",
                      "title": "<font style=\\"color:#000\\">Промес признался в любви к «Спартаку» в Instagram</font>",
                      "title_max_lines": 3,
                      "title_style": "text_l",
                      "type": "div-universal-block",
                    },
                    Object {
                      "size": "match_parent",
                      "type": "div-separator-block",
                    },
                    Object {
                      "text": "<font style=\\"color:#999999\\">RT на русском</font>",
                      "text_max_lines": 1,
                      "text_style": "text_m",
                      "type": "div-universal-block",
                    },
                    Object {
                      "size": "xxs",
                      "type": "div-separator-block",
                    },
                  ],
                  "direction": "vertical",
                  "frame": Object {
                    "adaptive_bg": true,
                    "style": "shadow",
                  },
                  "height": Object {
                    "type": "numeric",
                    "value": 240,
                  },
                  "type": "div-container-block",
                  "width": Object {
                    "type": "numeric",
                    "value": 244,
                  },
                },
                Object {
                  "action": Object {
                    "log_id": "item.12(id=78827488)",
                    "url": "https://yandex.ru/sport/pinned?url=https%3A%2F%2Frussian.rt.com%2Fsport%2Fnews%2F683617-bestemyanova-kostornaya-zamechanie&from=morda_touch_div",
                  },
                  "alignment_horizontal": "center",
                  "alignment_vertical": "center",
                  "background": Array [
                    Object {
                      "color": "#00ffffff",
                      "type": "div-solid-background",
                    },
                  ],
                  "children": Array [
                    Object {
                      "background": Array [
                        Object {
                          "color": "#00000000",
                          "type": "div-solid-background",
                        },
                      ],
                      "children": Array [
                        Object {
                          "image": Object {
                            "image_url": "https://avatars.mds.yandex.net/get-ynews/2410235/3085958c8075275a39db9a0085edd7fe/563x304",
                            "ratio": 2,
                            "type": "div-image-element",
                          },
                          "type": "div-image-block",
                        },
                      ],
                      "height": Object {
                        "type": "numeric",
                        "value": 122,
                      },
                      "type": "div-container-block",
                      "width": Object {
                        "type": "numeric",
                        "value": 244,
                      },
                    },
                    Object {
                      "size": "xxs",
                      "type": "div-separator-block",
                    },
                    Object {
                      "text_max_lines": 6,
                      "text_style": "text_s",
                      "title": "<font style=\\"color:#000\\">Бестемьянова рассказала, какое замечание могла бы сделать Косторной</font>",
                      "title_max_lines": 3,
                      "title_style": "text_l",
                      "type": "div-universal-block",
                    },
                    Object {
                      "size": "match_parent",
                      "type": "div-separator-block",
                    },
                    Object {
                      "text": "<font style=\\"color:#999999\\">RT на русском</font>",
                      "text_max_lines": 1,
                      "text_style": "text_m",
                      "type": "div-universal-block",
                    },
                    Object {
                      "size": "xxs",
                      "type": "div-separator-block",
                    },
                  ],
                  "direction": "vertical",
                  "frame": Object {
                    "adaptive_bg": true,
                    "style": "shadow",
                  },
                  "height": Object {
                    "type": "numeric",
                    "value": 240,
                  },
                  "type": "div-container-block",
                  "width": Object {
                    "type": "numeric",
                    "value": 244,
                  },
                },
                Object {
                  "action": Object {
                    "log_id": "item.13(id=78921210)",
                    "url": "https://yandex.ru/sport/pinned?url=https%3A%2F%2Fmatchtv.ru%2Ffootball%2Fmatchtvnews_NI1106119_Anchelotti_i_futbolisty_Napoli_otkazalis_obshhatsa_s_pressoj_posle_matcha_s_Zalcburgom_Oni_buntujut_protiv_prezidenta_kluba&from=morda_touch_div",
                  },
                  "alignment_horizontal": "center",
                  "alignment_vertical": "center",
                  "background": Array [
                    Object {
                      "color": "#00ffffff",
                      "type": "div-solid-background",
                    },
                  ],
                  "children": Array [
                    Object {
                      "background": Array [
                        Object {
                          "color": "#00000000",
                          "type": "div-solid-background",
                        },
                      ],
                      "children": Array [
                        Object {
                          "image": Object {
                            "image_url": "https://avatars.mds.yandex.net/get-ynews/2395823/650caceca73d5352cdf895eed61a2ecc/563x304",
                            "ratio": 2,
                            "type": "div-image-element",
                          },
                          "type": "div-image-block",
                        },
                      ],
                      "height": Object {
                        "type": "numeric",
                        "value": 122,
                      },
                      "type": "div-container-block",
                      "width": Object {
                        "type": "numeric",
                        "value": 244,
                      },
                    },
                    Object {
                      "size": "xxs",
                      "type": "div-separator-block",
                    },
                    Object {
                      "text_max_lines": 6,
                      "text_style": "text_s",
                      "title": "<font style=\\"color:#000\\">Анчелотти и футболисты «Наполи» отказались общаться с прессой после матча с «Зальцбургом». Они бунтуют против президента клуба</font>",
                      "title_max_lines": 3,
                      "title_style": "text_l",
                      "type": "div-universal-block",
                    },
                    Object {
                      "size": "match_parent",
                      "type": "div-separator-block",
                    },
                    Object {
                      "text": "<font style=\\"color:#999999\\">Матч ТВ</font>",
                      "text_max_lines": 1,
                      "text_style": "text_m",
                      "type": "div-universal-block",
                    },
                    Object {
                      "size": "xxs",
                      "type": "div-separator-block",
                    },
                  ],
                  "direction": "vertical",
                  "frame": Object {
                    "adaptive_bg": true,
                    "style": "shadow",
                  },
                  "height": Object {
                    "type": "numeric",
                    "value": 240,
                  },
                  "type": "div-container-block",
                  "width": Object {
                    "type": "numeric",
                    "value": 244,
                  },
                },
              ],
              "padding_between_items": Object {
                "type": "numeric",
                "value": 12,
              },
              "tail": Object {
                "action": Object {
                  "log_id": "tail",
                  "url": "https://yandex.ru/sport/?utm_content=all_posts&utm_medium=promoblock&utm_source=morda&from=home",
                },
                "icon": Object {
                  "icon_color": "#808080",
                },
                "text": "<font style=\\"color:#000\\">Ещё новости</font>",
              },
              "type": "div-gallery-block",
            },
          ],
          "direction": "vertical",
          "height": Object {
            "type": "predefined",
            "value": "wrap_content",
          },
          "type": "div-container-block",
          "width": Object {
            "type": "predefined",
            "value": "wrap_content",
          },
        },
        Object {
          "size": "l",
          "type": "div-separator-block",
        },
        Object {
          "size": "xxs",
          "type": "div-separator-block",
        },
      ],
      "state_id": 1,
    },
  ],
}
`;
