// Jest Snapshot v1, https://goo.gl/fbAQLP

exports[`card`] = `
Object {
  "data": Object {
    "log_id": "alice_div2",
    "states": Array [
      Object {
        "div": Object {
          "items": Array [
            Object {
              "aliceLogoUrl": "https://yastatic.net/s3/quasar-ui/div/alice-logo@3x.png",
              "cardContent": Array [
                Object {
                  "items": Array [
                    Object {
                      "aliceNameLength": 5,
                      "text": "Алиса  Чтобы играть дальше, авторизуйтесь в навыке «Танки без грязи»",
                      "type": "aliceCardTextWithName/d939999efaa9341aea738f2d3bdb491e",
                    },
                  ],
                  "type": "aliceCardNameButtonWrapper/2bb7ee9402fb34909869a7d6c71abf39",
                },
              ],
              "cardSeparator": Array [
                Object {
                  "height": Object {
                    "type": "fixed",
                    "value": 0,
                  },
                  "type": "aliceCardSeparator/10ab6827194d6f342016a86cefa4f3af",
                },
              ],
              "type": "aliceCard/b49170112c184fe38db048e509b78f9b",
            },
            Object {
              "aliceLogoUrl": "https://yastatic.net/s3/quasar-ui/div/alice-logo@3x.png",
              "cardContent": Array [
                Object {
                  "items": Array [
                    Object {
                      "aliceNameLength": 5,
                      "text": "Алиса  Чтобы играть",
                      "type": "aliceCardTextWithName/d939999efaa9341aea738f2d3bdb491e",
                    },
                  ],
                  "type": "aliceCardNameButtonWrapper/2bb7ee9402fb34909869a7d6c71abf39",
                },
              ],
              "cardSeparator": Array [
                Object {
                  "height": Object {
                    "type": "fixed",
                    "value": 1,
                  },
                  "type": "aliceCardSeparator/10ab6827194d6f342016a86cefa4f3af",
                },
              ],
              "type": "aliceCard/b49170112c184fe38db048e509b78f9b",
            },
            Object {
              "action": Object {
                "log_id": "div_alice/action",
                "url": "https://ya.ru",
              },
              "aliceLogoUrl": "https://yastatic.net/s3/quasar-ui/div/alice-logo@3x.png",
              "cardContent": Array [
                Object {
                  "items": Array [
                    Object {
                      "aliceNameLength": 5,
                      "text": "Алиса  Чтобы играть дальше, авторизуйтесь в навыке «Танки без грязи»",
                      "type": "aliceCardTextWithName/d939999efaa9341aea738f2d3bdb491e",
                    },
                    Object {
                      "actionText": "Авторизоваться",
                      "type": "aliceCardButton/491f6113fea9b8c9e5bebde1a80184fd",
                    },
                  ],
                  "type": "aliceCardNameButtonWrapper/2bb7ee9402fb34909869a7d6c71abf39",
                },
                Object {
                  "imageUrl": "https://yastatic.net/s3/quasar-ui/div/test/img-1.jpg",
                  "type": "aliceCardImage/f59985fdc54f6c88976f2979a5be0b0f",
                  "width": Object {
                    "type": "fixed",
                    "value": 88,
                  },
                },
              ],
              "cardSeparator": Array [
                Object {
                  "height": Object {
                    "type": "fixed",
                    "value": 1,
                  },
                  "type": "aliceCardSeparator/10ab6827194d6f342016a86cefa4f3af",
                },
              ],
              "type": "aliceCard/b49170112c184fe38db048e509b78f9b",
            },
            Object {
              "action": Object {
                "log_id": "div_alice/action",
                "url": "https://ya.ru?text=square",
              },
              "aliceLogoUrl": "https://yastatic.net/s3/quasar-ui/div/alice-logo@3x.png",
              "cardContent": Array [
                Object {
                  "items": Array [
                    Object {
                      "aliceNameLength": 5,
                      "text": "Алиса  Чтобы продолжить, авторизуйтесь в навыке «Квадратный ЛитРес»",
                      "type": "aliceCardTextWithName/d939999efaa9341aea738f2d3bdb491e",
                    },
                    Object {
                      "actionText": "Авторизоваться",
                      "type": "aliceCardButton/491f6113fea9b8c9e5bebde1a80184fd",
                    },
                  ],
                  "type": "aliceCardNameButtonWrapper/2bb7ee9402fb34909869a7d6c71abf39",
                },
                Object {
                  "imageUrl": "https://yastatic.net/s3/quasar-ui/div/test/img-2.jpg",
                  "type": "aliceCardImage/f59985fdc54f6c88976f2979a5be0b0f",
                  "width": Object {
                    "type": "fixed",
                    "value": 48,
                  },
                },
              ],
              "cardSeparator": Array [
                Object {
                  "height": Object {
                    "type": "fixed",
                    "value": 1,
                  },
                  "type": "aliceCardSeparator/10ab6827194d6f342016a86cefa4f3af",
                },
              ],
              "type": "aliceCard/b49170112c184fe38db048e509b78f9b",
            },
          ],
          "type": "aliceCardList/b5781a274dc3a0953a170b574c9b923f",
        },
        "state_id": 1,
      },
    ],
  },
  "id": "alice_div2",
  "topic": "alice_div2_card",
  "ttl": 300,
  "ttv": 1200,
  "type": "div2",
  "utime": 1,
}
`;

exports[`req`] = `
Object {
  "json": Object {
    "auth": Object {
      "uid": undefined,
    },
    "client_id": "search_app",
  },
  "method": "POST",
  "options": Object {
    "retries": 1,
    "timeout": 300,
  },
  "url": "http://personal-cards.yandex.net/cards",
}
`;
