// Jest Snapshot v1, https://goo.gl/fbAQLP

exports[`card`] = `
Object {
  "data": Object {
    "log_id": "autoru_div2",
    "states": Array [
      Object {
        "div": Object {
          "items": Array [
            Object {
              "items": Array [
                Object {
                  "action": Object {
                    "log_id": "title",
                    "url": "yellowskin://?buttons_color=%234c4c4c&omnibox_color=%23eeeeee&status_bar_theme=light&background_color=%23fefefe&text_color=%23262626&url=https%3A%2F%2Fm.auto.ru%2F%3Fnosplash%3D1%26from%3Dsearch_app%26utm_source%3Dsearch_app%26utm_medium%3Dcpc%26utm_campaign%3Dlinks%26utm_content%3Doffers",
                  },
                  "icon": "https://yastatic.net/s3/home/div/icons/autoru_div2.3.png",
                  "type": "ghRedesignBlockIcon/db4b6c14e34fb2a37b4c2c693fd8575c",
                },
                Object {
                  "action": Object {
                    "log_id": "title",
                    "url": "yellowskin://?buttons_color=%234c4c4c&omnibox_color=%23eeeeee&status_bar_theme=light&background_color=%23fefefe&text_color=%23262626&url=https%3A%2F%2Fm.auto.ru%2F%3Fnosplash%3D1%26from%3Dsearch_app%26utm_source%3Dsearch_app%26utm_medium%3Dcpc%26utm_campaign%3Dlinks%26utm_content%3Doffers",
                  },
                  "title": "Авто.ру",
                  "type": "ghRedesignBlockTitleSimple/ac019fcdb23794e94612d3728648ab56",
                },
                Object {
                  "hideCardText": "Скрыть карточку",
                  "hideCardUrl": "hidecard://?topic_card_ids=autoru_div2_card&undo_snackbar_text=%D0%92%D1%8B%20%D1%81%D0%BA%D1%80%D1%8B%D0%BB%D0%B8%20%D0%BA%D0%B0%D1%80%D1%82%D0%BE%D1%87%D0%BA%D1%83",
                  "settingsText": "Настройки ленты",
                  "type": "ghRedesignBlockMenu/e3a3f829134528338515b3dc3c6de259",
                },
              ],
              "type": "ghRedesignBlockHead3/6a95f9360084cdb7c6ab0ec075d02e21",
            },
            Object {
              "items": Array [
                Object {
                  "div": Object {
                    "galleryItems": Array [
                      Object {
                        "action": Object {
                          "log_id": "item/0",
                          "url": "yellowskin://?buttons_color=%234c4c4c&omnibox_color=%23eeeeee&status_bar_theme=light&background_color=%23fefefe&text_color=%23262626&url=https%3A%2F%2Fm.auto.ru%2F%3Fpreset%3Ddizelnye%26from%3Dsearch_app_morda%26pinned_offer_id%3Dautoru-1099330952",
                        },
                        "itemImage": "https://avatars.mds.yandex.net/get-autoru-vos/2177100/892f4ce768012e762612fe4d43faf649/456x342",
                        "price": "639 000 ₽",
                        "title": "SsangYong Kyron, 2013",
                        "type": "redesignAutoruGalleryItem/3d2dd874ab0e3283244e9ed2e4eb9703",
                      },
                      Object {
                        "action": Object {
                          "log_id": "item/1",
                          "url": "yellowskin://?buttons_color=%234c4c4c&omnibox_color=%23eeeeee&status_bar_theme=light&background_color=%23fefefe&text_color=%23262626&url=https%3A%2F%2Fm.auto.ru%2F%3Fpreset%3Ddizelnye%26from%3Dsearch_app_morda%26pinned_offer_id%3Dautoru-1098544894",
                        },
                        "itemImage": "https://avatars.mds.yandex.net/get-autoru-vos/2045363/186e7b784acc27738fa1c27ec32eb4b0/456x342",
                        "price": "2 165 000 ₽",
                        "title": "Mercedes-Benz GL-Класс, 2013",
                        "type": "redesignAutoruGalleryItem/3d2dd874ab0e3283244e9ed2e4eb9703",
                      },
                      Object {
                        "action": Object {
                          "log_id": "item/2",
                          "url": "yellowskin://?buttons_color=%234c4c4c&omnibox_color=%23eeeeee&status_bar_theme=light&background_color=%23fefefe&text_color=%23262626&url=https%3A%2F%2Fm.auto.ru%2F%3Fpreset%3Ddizelnye%26from%3Dsearch_app_morda%26pinned_offer_id%3Dautoru-1099462780",
                        },
                        "itemImage": "https://avatars.mds.yandex.net/get-autoru-vos/2023653/ed76b43a47d2551a7440b6bb0beabb98/456x342",
                        "price": "615 000 ₽",
                        "title": "Mitsubishi Pajero, 2003",
                        "type": "redesignAutoruGalleryItem/3d2dd874ab0e3283244e9ed2e4eb9703",
                      },
                      Object {
                        "action": Object {
                          "log_id": "item/3",
                          "url": "yellowskin://?buttons_color=%234c4c4c&omnibox_color=%23eeeeee&status_bar_theme=light&background_color=%23fefefe&text_color=%23262626&url=https%3A%2F%2Fm.auto.ru%2F%3Fpreset%3Ddizelnye%26from%3Dsearch_app_morda%26pinned_offer_id%3Dautoru-1098205744",
                        },
                        "itemImage": "https://avatars.mds.yandex.net/get-autoru-vos/2001963/6e6ac639854ac9484d6f5255072f3b1b/456x342",
                        "price": "1 999 000 ₽",
                        "title": "BMW X5, 2015",
                        "type": "redesignAutoruGalleryItem/3d2dd874ab0e3283244e9ed2e4eb9703",
                      },
                      Object {
                        "action": Object {
                          "log_id": "item/4",
                          "url": "yellowskin://?buttons_color=%234c4c4c&omnibox_color=%23eeeeee&status_bar_theme=light&background_color=%23fefefe&text_color=%23262626&url=https%3A%2F%2Fm.auto.ru%2F%3Fpreset%3Ddizelnye%26from%3Dsearch_app_morda%26pinned_offer_id%3Dautoru-1092684372",
                        },
                        "itemImage": "https://avatars.mds.yandex.net/get-autoru-vos/2048373/5cd49624d5f400e24b8d01c8ae52e08d/456x342",
                        "price": "8 379 999 ₽",
                        "title": "BMW 7 серия, 2019",
                        "type": "redesignAutoruGalleryItem/3d2dd874ab0e3283244e9ed2e4eb9703",
                      },
                      Object {
                        "action": Object {
                          "log_id": "item/5",
                          "url": "yellowskin://?buttons_color=%234c4c4c&omnibox_color=%23eeeeee&status_bar_theme=light&background_color=%23fefefe&text_color=%23262626&url=https%3A%2F%2Fm.auto.ru%2F%3Fpreset%3Ddizelnye%26from%3Dsearch_app_morda%26pinned_offer_id%3Dautoru-1098803332",
                        },
                        "itemImage": "https://avatars.mds.yandex.net/get-autoru-vos/2161674/d70135182a6c2e16f7973c7dc2ef9ba1/456x342",
                        "price": "1 050 000 ₽",
                        "title": "BMW 5 серия, 2012",
                        "type": "redesignAutoruGalleryItem/3d2dd874ab0e3283244e9ed2e4eb9703",
                      },
                      Object {
                        "action": Object {
                          "log_id": "item/6",
                          "url": "yellowskin://?buttons_color=%234c4c4c&omnibox_color=%23eeeeee&status_bar_theme=light&background_color=%23fefefe&text_color=%23262626&url=https%3A%2F%2Fm.auto.ru%2F%3Fpreset%3Ddizelnye%26from%3Dsearch_app_morda%26pinned_offer_id%3Dautoru-1099468652",
                        },
                        "itemImage": "https://avatars.mds.yandex.net/get-autoru-vos/2177499/db2b098b31b2ff23a467959ef989b515/456x342",
                        "price": "450 000 ₽",
                        "title": "Volkswagen Touran, 2008",
                        "type": "redesignAutoruGalleryItem/3d2dd874ab0e3283244e9ed2e4eb9703",
                      },
                      Object {
                        "action": Object {
                          "log_id": "item/7",
                          "url": "yellowskin://?buttons_color=%234c4c4c&omnibox_color=%23eeeeee&status_bar_theme=light&background_color=%23fefefe&text_color=%23262626&url=https%3A%2F%2Fm.auto.ru%2F%3Fpreset%3Ddizelnye%26from%3Dsearch_app_morda%26pinned_offer_id%3Dautoru-1099351386",
                        },
                        "itemImage": "https://avatars.mds.yandex.net/get-autoru-vos/2126349/ce9fceb20735bb4cff8f8fbd9e132a35/456x342",
                        "price": "2 639 900 ₽",
                        "title": "Opel Zafira Life, 2020",
                        "type": "redesignAutoruGalleryItem/3d2dd874ab0e3283244e9ed2e4eb9703",
                      },
                      Object {
                        "action": Object {
                          "log_id": "item/8",
                          "url": "yellowskin://?buttons_color=%234c4c4c&omnibox_color=%23eeeeee&status_bar_theme=light&background_color=%23fefefe&text_color=%23262626&url=https%3A%2F%2Fm.auto.ru%2F%3Fpreset%3Ddizelnye%26from%3Dsearch_app_morda%26pinned_offer_id%3Dautoru-1099466548",
                        },
                        "itemImage": "https://avatars.mds.yandex.net/get-autoru-vos/1723628/066f137a867420f0bb81200ce03249a9/456x342",
                        "price": "2 689 900 ₽",
                        "title": "Opel Zafira Life, 2020",
                        "type": "redesignAutoruGalleryItem/3d2dd874ab0e3283244e9ed2e4eb9703",
                      },
                      Object {
                        "action": Object {
                          "log_id": "item/9",
                          "url": "yellowskin://?buttons_color=%234c4c4c&omnibox_color=%23eeeeee&status_bar_theme=light&background_color=%23fefefe&text_color=%23262626&url=https%3A%2F%2Fm.auto.ru%2F%3Fpreset%3Ddizelnye%26from%3Dsearch_app_morda%26pinned_offer_id%3Dautoru-1099358136",
                        },
                        "itemImage": "https://avatars.mds.yandex.net/get-autoru-vos/2158063/864c48a9786b6f7508c41492d8c4eb4c/456x342",
                        "price": "450 000 ₽",
                        "title": "Peugeot Partner, 2011",
                        "type": "redesignAutoruGalleryItem/3d2dd874ab0e3283244e9ed2e4eb9703",
                      },
                    ],
                    "type": "ghRedesignGallery/38e419ce70d082f43908ad942bb72e09",
                  },
                  "title": "Дизельные",
                  "title_click_action": Object {
                    "log_id": "tab/dizelnye",
                    "url": "yellowskin://?buttons_color=%234c4c4c&omnibox_color=%23eeeeee&status_bar_theme=light&background_color=%23fefefe&text_color=%23262626&url=https%3A%2F%2Fm.auto.ru%2F%3Fpreset%3Ddizelnye%26from%3Dsearch_app_morda",
                  },
                },
                Object {
                  "div": Object {
                    "galleryItems": Array [
                      Object {
                        "action": Object {
                          "log_id": "item/0",
                          "url": "yellowskin://?buttons_color=%234c4c4c&omnibox_color=%23eeeeee&status_bar_theme=light&background_color=%23fefefe&text_color=%23262626&url=https%3A%2F%2Fm.auto.ru%2F%3Fpreset%3D1_vladelec%26from%3Dsearch_app_morda%26pinned_offer_id%3Dautoru-1099207706",
                        },
                        "itemImage": "https://avatars.mds.yandex.net/get-autoru-vos/2171884/722747233c139c76818088f692e2bdcb/456x342",
                        "price": "4 700 000 ₽",
                        "title": "Porsche Cayenne, 2017",
                        "type": "redesignAutoruGalleryItem/3d2dd874ab0e3283244e9ed2e4eb9703",
                      },
                      Object {
                        "action": Object {
                          "log_id": "item/1",
                          "url": "yellowskin://?buttons_color=%234c4c4c&omnibox_color=%23eeeeee&status_bar_theme=light&background_color=%23fefefe&text_color=%23262626&url=https%3A%2F%2Fm.auto.ru%2F%3Fpreset%3D1_vladelec%26from%3Dsearch_app_morda%26pinned_offer_id%3Dautoru-1098205744",
                        },
                        "itemImage": "https://avatars.mds.yandex.net/get-autoru-vos/2001963/6e6ac639854ac9484d6f5255072f3b1b/456x342",
                        "price": "1 999 000 ₽",
                        "title": "BMW X5, 2015",
                        "type": "redesignAutoruGalleryItem/3d2dd874ab0e3283244e9ed2e4eb9703",
                      },
                      Object {
                        "action": Object {
                          "log_id": "item/2",
                          "url": "yellowskin://?buttons_color=%234c4c4c&omnibox_color=%23eeeeee&status_bar_theme=light&background_color=%23fefefe&text_color=%23262626&url=https%3A%2F%2Fm.auto.ru%2F%3Fpreset%3D1_vladelec%26from%3Dsearch_app_morda%26pinned_offer_id%3Dautoru-1099470614",
                        },
                        "itemImage": "https://avatars.mds.yandex.net/get-autoru-vos/2167142/289eeab0df37b3bfcc4ca270d2675299/456x342",
                        "price": "409 000 ₽",
                        "title": "Volkswagen Golf, 2011",
                        "type": "redesignAutoruGalleryItem/3d2dd874ab0e3283244e9ed2e4eb9703",
                      },
                      Object {
                        "action": Object {
                          "log_id": "item/3",
                          "url": "yellowskin://?buttons_color=%234c4c4c&omnibox_color=%23eeeeee&status_bar_theme=light&background_color=%23fefefe&text_color=%23262626&url=https%3A%2F%2Fm.auto.ru%2F%3Fpreset%3D1_vladelec%26from%3Dsearch_app_morda%26pinned_offer_id%3Dautoru-1099469612",
                        },
                        "itemImage": "https://avatars.mds.yandex.net/get-autoru-vos/2176895/56a92d08064bc01f9a7204886f720841/456x342",
                        "price": "499 000 ₽",
                        "title": "Hyundai Solaris, 2015",
                        "type": "redesignAutoruGalleryItem/3d2dd874ab0e3283244e9ed2e4eb9703",
                      },
                      Object {
                        "action": Object {
                          "log_id": "item/4",
                          "url": "yellowskin://?buttons_color=%234c4c4c&omnibox_color=%23eeeeee&status_bar_theme=light&background_color=%23fefefe&text_color=%23262626&url=https%3A%2F%2Fm.auto.ru%2F%3Fpreset%3D1_vladelec%26from%3Dsearch_app_morda%26pinned_offer_id%3Dautoru-1092684372",
                        },
                        "itemImage": "https://avatars.mds.yandex.net/get-autoru-vos/2048373/5cd49624d5f400e24b8d01c8ae52e08d/456x342",
                        "price": "8 379 999 ₽",
                        "title": "BMW 7 серия, 2019",
                        "type": "redesignAutoruGalleryItem/3d2dd874ab0e3283244e9ed2e4eb9703",
                      },
                      Object {
                        "action": Object {
                          "log_id": "item/5",
                          "url": "yellowskin://?buttons_color=%234c4c4c&omnibox_color=%23eeeeee&status_bar_theme=light&background_color=%23fefefe&text_color=%23262626&url=https%3A%2F%2Fm.auto.ru%2F%3Fpreset%3D1_vladelec%26from%3Dsearch_app_morda%26pinned_offer_id%3Dautoru-1099127502",
                        },
                        "itemImage": "https://avatars.mds.yandex.net/get-autoru-vos/2057538/558ff27b32642c3d0abcc9ca5f6b1f0f/456x342",
                        "price": "849 000 ₽",
                        "title": "BMW 3 серия, 2014",
                        "type": "redesignAutoruGalleryItem/3d2dd874ab0e3283244e9ed2e4eb9703",
                      },
                      Object {
                        "action": Object {
                          "log_id": "item/6",
                          "url": "yellowskin://?buttons_color=%234c4c4c&omnibox_color=%23eeeeee&status_bar_theme=light&background_color=%23fefefe&text_color=%23262626&url=https%3A%2F%2Fm.auto.ru%2F%3Fpreset%3D1_vladelec%26from%3Dsearch_app_morda%26pinned_offer_id%3Dautoru-1099468652",
                        },
                        "itemImage": "https://avatars.mds.yandex.net/get-autoru-vos/2177499/db2b098b31b2ff23a467959ef989b515/456x342",
                        "price": "450 000 ₽",
                        "title": "Volkswagen Touran, 2008",
                        "type": "redesignAutoruGalleryItem/3d2dd874ab0e3283244e9ed2e4eb9703",
                      },
                      Object {
                        "action": Object {
                          "log_id": "item/7",
                          "url": "yellowskin://?buttons_color=%234c4c4c&omnibox_color=%23eeeeee&status_bar_theme=light&background_color=%23fefefe&text_color=%23262626&url=https%3A%2F%2Fm.auto.ru%2F%3Fpreset%3D1_vladelec%26from%3Dsearch_app_morda%26pinned_offer_id%3Dautoru-1098121868",
                        },
                        "itemImage": "https://avatars.mds.yandex.net/get-autoru-vos/1575294/b9230f52b78d2f7ac1662ba52c375d7e/456x342",
                        "price": "900 000 ₽",
                        "title": "Nissan Pathfinder, 2010",
                        "type": "redesignAutoruGalleryItem/3d2dd874ab0e3283244e9ed2e4eb9703",
                      },
                      Object {
                        "action": Object {
                          "log_id": "item/8",
                          "url": "yellowskin://?buttons_color=%234c4c4c&omnibox_color=%23eeeeee&status_bar_theme=light&background_color=%23fefefe&text_color=%23262626&url=https%3A%2F%2Fm.auto.ru%2F%3Fpreset%3D1_vladelec%26from%3Dsearch_app_morda%26pinned_offer_id%3Dautoru-1099330952",
                        },
                        "itemImage": "https://avatars.mds.yandex.net/get-autoru-vos/2177100/892f4ce768012e762612fe4d43faf649/456x342",
                        "price": "639 000 ₽",
                        "title": "SsangYong Kyron, 2013",
                        "type": "redesignAutoruGalleryItem/3d2dd874ab0e3283244e9ed2e4eb9703",
                      },
                      Object {
                        "action": Object {
                          "log_id": "item/9",
                          "url": "yellowskin://?buttons_color=%234c4c4c&omnibox_color=%23eeeeee&status_bar_theme=light&background_color=%23fefefe&text_color=%23262626&url=https%3A%2F%2Fm.auto.ru%2F%3Fpreset%3D1_vladelec%26from%3Dsearch_app_morda%26pinned_offer_id%3Dautoru-1099079172",
                        },
                        "itemImage": "https://avatars.mds.yandex.net/get-autoru-vos/2195081/17e9149b57d84f8cad783ed181bf06f2/456x342",
                        "price": "1 859 000 ₽",
                        "title": "Volkswagen Multivan, 2015",
                        "type": "redesignAutoruGalleryItem/3d2dd874ab0e3283244e9ed2e4eb9703",
                      },
                    ],
                    "type": "ghRedesignGallery/38e419ce70d082f43908ad942bb72e09",
                  },
                  "title": "1 владелец",
                  "title_click_action": Object {
                    "log_id": "tab/1_vladelec",
                    "url": "yellowskin://?buttons_color=%234c4c4c&omnibox_color=%23eeeeee&status_bar_theme=light&background_color=%23fefefe&text_color=%23262626&url=https%3A%2F%2Fm.auto.ru%2F%3Fpreset%3D1_vladelec%26from%3Dsearch_app_morda",
                  },
                },
                Object {
                  "div": Object {
                    "galleryItems": Array [
                      Object {
                        "action": Object {
                          "log_id": "item/0",
                          "url": "yellowskin://?buttons_color=%234c4c4c&omnibox_color=%23eeeeee&status_bar_theme=light&background_color=%23fefefe&text_color=%23262626&url=https%3A%2F%2Fm.auto.ru%2F%3Fpreset%3Dotlichnaja_cena%26from%3Dsearch_app_morda%26pinned_offer_id%3Dautoru-1098746630",
                        },
                        "itemImage": "https://avatars.mds.yandex.net/get-autoru-vos/2161339/52bee116476b02d14d5b8c9a4bc8b9ff/456x342",
                        "price": "949 000 ₽",
                        "title": "Cadillac Escalade, 2008",
                        "type": "redesignAutoruGalleryItem/3d2dd874ab0e3283244e9ed2e4eb9703",
                      },
                      Object {
                        "action": Object {
                          "log_id": "item/1",
                          "url": "yellowskin://?buttons_color=%234c4c4c&omnibox_color=%23eeeeee&status_bar_theme=light&background_color=%23fefefe&text_color=%23262626&url=https%3A%2F%2Fm.auto.ru%2F%3Fpreset%3Dotlichnaja_cena%26from%3Dsearch_app_morda%26pinned_offer_id%3Dautoru-1099249346",
                        },
                        "itemImage": "https://avatars.mds.yandex.net/get-autoru-vos/2110460/4f646a7fdf10362dc9929ffb73bead8e/456x342",
                        "price": "1 197 000 ₽",
                        "title": "Ford Kuga, 2017",
                        "type": "redesignAutoruGalleryItem/3d2dd874ab0e3283244e9ed2e4eb9703",
                      },
                      Object {
                        "action": Object {
                          "log_id": "item/2",
                          "url": "yellowskin://?buttons_color=%234c4c4c&omnibox_color=%23eeeeee&status_bar_theme=light&background_color=%23fefefe&text_color=%23262626&url=https%3A%2F%2Fm.auto.ru%2F%3Fpreset%3Dotlichnaja_cena%26from%3Dsearch_app_morda%26pinned_offer_id%3Dautoru-1088747940",
                        },
                        "itemImage": "https://avatars.mds.yandex.net/get-autoru-vos/1880362/5184b344543803fb4126bfa64fd32062/456x342",
                        "price": "580 000 ₽",
                        "title": "Subaru Forester, 2008",
                        "type": "redesignAutoruGalleryItem/3d2dd874ab0e3283244e9ed2e4eb9703",
                      },
                      Object {
                        "action": Object {
                          "log_id": "item/3",
                          "url": "yellowskin://?buttons_color=%234c4c4c&omnibox_color=%23eeeeee&status_bar_theme=light&background_color=%23fefefe&text_color=%23262626&url=https%3A%2F%2Fm.auto.ru%2F%3Fpreset%3Dotlichnaja_cena%26from%3Dsearch_app_morda%26pinned_offer_id%3Dautoru-1099469978",
                        },
                        "itemImage": "https://avatars.mds.yandex.net/get-autoru-vos/1567935/5af96c4bc56cf07db6c6526a92c3ea97/456x342",
                        "price": "490 000 ₽",
                        "title": "LADA (ВАЗ) Vesta, 2017",
                        "type": "redesignAutoruGalleryItem/3d2dd874ab0e3283244e9ed2e4eb9703",
                      },
                      Object {
                        "action": Object {
                          "log_id": "item/4",
                          "url": "yellowskin://?buttons_color=%234c4c4c&omnibox_color=%23eeeeee&status_bar_theme=light&background_color=%23fefefe&text_color=%23262626&url=https%3A%2F%2Fm.auto.ru%2F%3Fpreset%3Dotlichnaja_cena%26from%3Dsearch_app_morda%26pinned_offer_id%3Dautoru-1099293464",
                        },
                        "itemImage": "https://avatars.mds.yandex.net/get-autoru-vos/1894474/071f1a4b74c1205a47d5f866c6c585f9/456x342",
                        "price": "649 999 ₽",
                        "title": "Skoda Octavia RS, 2012",
                        "type": "redesignAutoruGalleryItem/3d2dd874ab0e3283244e9ed2e4eb9703",
                      },
                      Object {
                        "action": Object {
                          "log_id": "item/5",
                          "url": "yellowskin://?buttons_color=%234c4c4c&omnibox_color=%23eeeeee&status_bar_theme=light&background_color=%23fefefe&text_color=%23262626&url=https%3A%2F%2Fm.auto.ru%2F%3Fpreset%3Dotlichnaja_cena%26from%3Dsearch_app_morda%26pinned_offer_id%3Dautoru-1099465964",
                        },
                        "itemImage": "https://avatars.mds.yandex.net/get-autoru-vos/2154714/06ee82d79c91ea4497f7a81d4e77ad69/456x342",
                        "price": "920 000 ₽",
                        "title": "Audi A6, 2014",
                        "type": "redesignAutoruGalleryItem/3d2dd874ab0e3283244e9ed2e4eb9703",
                      },
                      Object {
                        "action": Object {
                          "log_id": "item/6",
                          "url": "yellowskin://?buttons_color=%234c4c4c&omnibox_color=%23eeeeee&status_bar_theme=light&background_color=%23fefefe&text_color=%23262626&url=https%3A%2F%2Fm.auto.ru%2F%3Fpreset%3Dotlichnaja_cena%26from%3Dsearch_app_morda%26pinned_offer_id%3Dautoru-1099469052",
                        },
                        "itemImage": "https://avatars.mds.yandex.net/get-autoru-vos/2089331/a9cbe2cfc520cfa30d8b8d7373766fe1/456x342",
                        "price": "795 000 ₽",
                        "title": "Hyundai Equus, 2013",
                        "type": "redesignAutoruGalleryItem/3d2dd874ab0e3283244e9ed2e4eb9703",
                      },
                      Object {
                        "action": Object {
                          "log_id": "item/7",
                          "url": "yellowskin://?buttons_color=%234c4c4c&omnibox_color=%23eeeeee&status_bar_theme=light&background_color=%23fefefe&text_color=%23262626&url=https%3A%2F%2Fm.auto.ru%2F%3Fpreset%3Dotlichnaja_cena%26from%3Dsearch_app_morda%26pinned_offer_id%3Dautoru-1099469642",
                        },
                        "itemImage": "https://avatars.mds.yandex.net/get-autoru-vos/2164965/1123b9e02a05fb480ff31152164f09f2/456x342",
                        "price": "545 000 ₽",
                        "title": "Volkswagen Jetta, 2014",
                        "type": "redesignAutoruGalleryItem/3d2dd874ab0e3283244e9ed2e4eb9703",
                      },
                      Object {
                        "action": Object {
                          "log_id": "item/8",
                          "url": "yellowskin://?buttons_color=%234c4c4c&omnibox_color=%23eeeeee&status_bar_theme=light&background_color=%23fefefe&text_color=%23262626&url=https%3A%2F%2Fm.auto.ru%2F%3Fpreset%3Dotlichnaja_cena%26from%3Dsearch_app_morda%26pinned_offer_id%3Dautoru-1099471312",
                        },
                        "itemImage": "https://avatars.mds.yandex.net/get-autoru-vos/2172876/a2db5e756a094223481880136639099c/456x342",
                        "price": "485 000 ₽",
                        "title": "Ford Mondeo, 2014",
                        "type": "redesignAutoruGalleryItem/3d2dd874ab0e3283244e9ed2e4eb9703",
                      },
                      Object {
                        "action": Object {
                          "log_id": "item/9",
                          "url": "yellowskin://?buttons_color=%234c4c4c&omnibox_color=%23eeeeee&status_bar_theme=light&background_color=%23fefefe&text_color=%23262626&url=https%3A%2F%2Fm.auto.ru%2F%3Fpreset%3Dotlichnaja_cena%26from%3Dsearch_app_morda%26pinned_offer_id%3Dautoru-1099357926",
                        },
                        "itemImage": "https://avatars.mds.yandex.net/get-autoru-vos/2051006/3b92134e081845daf07cd3ea151a9eec/456x342",
                        "price": "489 000 ₽",
                        "title": "Volkswagen Tiguan, 2008",
                        "type": "redesignAutoruGalleryItem/3d2dd874ab0e3283244e9ed2e4eb9703",
                      },
                    ],
                    "type": "ghRedesignGallery/38e419ce70d082f43908ad942bb72e09",
                  },
                  "title": "Отличная цена",
                  "title_click_action": Object {
                    "log_id": "tab/otlichnaja_cena",
                    "url": "yellowskin://?buttons_color=%234c4c4c&omnibox_color=%23eeeeee&status_bar_theme=light&background_color=%23fefefe&text_color=%23262626&url=https%3A%2F%2Fm.auto.ru%2F%3Fpreset%3Dotlichnaja_cena%26from%3Dsearch_app_morda",
                  },
                },
                Object {
                  "div": Object {
                    "galleryItems": Array [
                      Object {
                        "action": Object {
                          "log_id": "item/0",
                          "url": "yellowskin://?buttons_color=%234c4c4c&omnibox_color=%23eeeeee&status_bar_theme=light&background_color=%23fefefe&text_color=%23262626&url=https%3A%2F%2Fm.auto.ru%2F%3Fpreset%3Dvnedorogniki%26from%3Dsearch_app_morda%26pinned_offer_id%3Dautoru-1088747940",
                        },
                        "itemImage": "https://avatars.mds.yandex.net/get-autoru-vos/1880362/5184b344543803fb4126bfa64fd32062/456x342",
                        "price": "580 000 ₽",
                        "title": "Subaru Forester, 2008",
                        "type": "redesignAutoruGalleryItem/3d2dd874ab0e3283244e9ed2e4eb9703",
                      },
                      Object {
                        "action": Object {
                          "log_id": "item/1",
                          "url": "yellowskin://?buttons_color=%234c4c4c&omnibox_color=%23eeeeee&status_bar_theme=light&background_color=%23fefefe&text_color=%23262626&url=https%3A%2F%2Fm.auto.ru%2F%3Fpreset%3Dvnedorogniki%26from%3Dsearch_app_morda%26pinned_offer_id%3Dautoru-1098667496",
                        },
                        "itemImage": "https://avatars.mds.yandex.net/get-autoru-vos/2168853/ce947dba02c63e1bb6e1713cc293c114/456x342",
                        "price": "2 200 000 ₽",
                        "title": "BMW X4, 2016",
                        "type": "redesignAutoruGalleryItem/3d2dd874ab0e3283244e9ed2e4eb9703",
                      },
                      Object {
                        "action": Object {
                          "log_id": "item/2",
                          "url": "yellowskin://?buttons_color=%234c4c4c&omnibox_color=%23eeeeee&status_bar_theme=light&background_color=%23fefefe&text_color=%23262626&url=https%3A%2F%2Fm.auto.ru%2F%3Fpreset%3Dvnedorogniki%26from%3Dsearch_app_morda%26pinned_offer_id%3Dautoru-1099298662",
                        },
                        "itemImage": "https://avatars.mds.yandex.net/get-autoru-vos/1687199/97325a3d316377bc6679bccca60da2b2/456x342",
                        "price": "967 490 ₽",
                        "title": "УАЗ Patriot, 2020",
                        "type": "redesignAutoruGalleryItem/3d2dd874ab0e3283244e9ed2e4eb9703",
                      },
                      Object {
                        "action": Object {
                          "log_id": "item/3",
                          "url": "yellowskin://?buttons_color=%234c4c4c&omnibox_color=%23eeeeee&status_bar_theme=light&background_color=%23fefefe&text_color=%23262626&url=https%3A%2F%2Fm.auto.ru%2F%3Fpreset%3Dvnedorogniki%26from%3Dsearch_app_morda%26pinned_offer_id%3Dautoru-1099123505",
                        },
                        "itemImage": "https://avatars.mds.yandex.net/get-autoru-vos/1967864/03b3233ea257174f0e0d7a11d05b90c7/456x342",
                        "price": "1 750 000 ₽",
                        "title": "Lexus GX, 2011",
                        "type": "redesignAutoruGalleryItem/3d2dd874ab0e3283244e9ed2e4eb9703",
                      },
                      Object {
                        "action": Object {
                          "log_id": "item/4",
                          "url": "yellowskin://?buttons_color=%234c4c4c&omnibox_color=%23eeeeee&status_bar_theme=light&background_color=%23fefefe&text_color=%23262626&url=https%3A%2F%2Fm.auto.ru%2F%3Fpreset%3Dvnedorogniki%26from%3Dsearch_app_morda%26pinned_offer_id%3Dautoru-1099330952",
                        },
                        "itemImage": "https://avatars.mds.yandex.net/get-autoru-vos/2177100/892f4ce768012e762612fe4d43faf649/456x342",
                        "price": "639 000 ₽",
                        "title": "SsangYong Kyron, 2013",
                        "type": "redesignAutoruGalleryItem/3d2dd874ab0e3283244e9ed2e4eb9703",
                      },
                      Object {
                        "action": Object {
                          "log_id": "item/5",
                          "url": "yellowskin://?buttons_color=%234c4c4c&omnibox_color=%23eeeeee&status_bar_theme=light&background_color=%23fefefe&text_color=%23262626&url=https%3A%2F%2Fm.auto.ru%2F%3Fpreset%3Dvnedorogniki%26from%3Dsearch_app_morda%26pinned_offer_id%3Dautoru-1098372826",
                        },
                        "itemImage": "https://avatars.mds.yandex.net/get-autoru-vos/1873229/5cc8a3a60d5dce0fbfbf1610da36408e/456x342",
                        "price": "3 200 000 ₽",
                        "title": "Mercedes-Benz GL-Класс AMG, 2014",
                        "type": "redesignAutoruGalleryItem/3d2dd874ab0e3283244e9ed2e4eb9703",
                      },
                      Object {
                        "action": Object {
                          "log_id": "item/6",
                          "url": "yellowskin://?buttons_color=%234c4c4c&omnibox_color=%23eeeeee&status_bar_theme=light&background_color=%23fefefe&text_color=%23262626&url=https%3A%2F%2Fm.auto.ru%2F%3Fpreset%3Dvnedorogniki%26from%3Dsearch_app_morda%26pinned_offer_id%3Dautoru-1099316798",
                        },
                        "itemImage": "https://avatars.mds.yandex.net/get-autoru-vos/2164174/8758d09eeed9cacb14409a494251c22f/456x342",
                        "price": "3 500 000 ₽",
                        "title": "BMW X6 M, 2015",
                        "type": "redesignAutoruGalleryItem/3d2dd874ab0e3283244e9ed2e4eb9703",
                      },
                      Object {
                        "action": Object {
                          "log_id": "item/7",
                          "url": "yellowskin://?buttons_color=%234c4c4c&omnibox_color=%23eeeeee&status_bar_theme=light&background_color=%23fefefe&text_color=%23262626&url=https%3A%2F%2Fm.auto.ru%2F%3Fpreset%3Dvnedorogniki%26from%3Dsearch_app_morda%26pinned_offer_id%3Dautoru-1099298666",
                        },
                        "itemImage": "https://avatars.mds.yandex.net/get-autoru-vos/1972780/91c7bedd45a07b46ded4c68bc84f50c5/456x342",
                        "price": "1 290 200 ₽",
                        "title": "УАЗ Patriot, 2020",
                        "type": "redesignAutoruGalleryItem/3d2dd874ab0e3283244e9ed2e4eb9703",
                      },
                      Object {
                        "action": Object {
                          "log_id": "item/8",
                          "url": "yellowskin://?buttons_color=%234c4c4c&omnibox_color=%23eeeeee&status_bar_theme=light&background_color=%23fefefe&text_color=%23262626&url=https%3A%2F%2Fm.auto.ru%2F%3Fpreset%3Dvnedorogniki%26from%3Dsearch_app_morda%26pinned_offer_id%3Dautoru-1098205744",
                        },
                        "itemImage": "https://avatars.mds.yandex.net/get-autoru-vos/2001963/6e6ac639854ac9484d6f5255072f3b1b/456x342",
                        "price": "1 999 000 ₽",
                        "title": "BMW X5, 2015",
                        "type": "redesignAutoruGalleryItem/3d2dd874ab0e3283244e9ed2e4eb9703",
                      },
                      Object {
                        "action": Object {
                          "log_id": "item/9",
                          "url": "yellowskin://?buttons_color=%234c4c4c&omnibox_color=%23eeeeee&status_bar_theme=light&background_color=%23fefefe&text_color=%23262626&url=https%3A%2F%2Fm.auto.ru%2F%3Fpreset%3Dvnedorogniki%26from%3Dsearch_app_morda%26pinned_offer_id%3Dautoru-1099269814",
                        },
                        "itemImage": "https://avatars.mds.yandex.net/get-autoru-vos/2197701/31fd6f251a10ec2ccd0202f40f9a331c/456x342",
                        "price": "2 100 000 ₽",
                        "title": "Mercedes-Benz GL-Класс, 2012",
                        "type": "redesignAutoruGalleryItem/3d2dd874ab0e3283244e9ed2e4eb9703",
                      },
                    ],
                    "type": "ghRedesignGallery/38e419ce70d082f43908ad942bb72e09",
                  },
                  "title": "Внедорожники",
                  "title_click_action": Object {
                    "log_id": "tab/vnedorogniki",
                    "url": "yellowskin://?buttons_color=%234c4c4c&omnibox_color=%23eeeeee&status_bar_theme=light&background_color=%23fefefe&text_color=%23262626&url=https%3A%2F%2Fm.auto.ru%2F%3Fpreset%3Dvnedorogniki%26from%3Dsearch_app_morda",
                  },
                },
                Object {
                  "div": Object {
                    "galleryItems": Array [
                      Object {
                        "action": Object {
                          "log_id": "item/0",
                          "url": "yellowskin://?buttons_color=%234c4c4c&omnibox_color=%23eeeeee&status_bar_theme=light&background_color=%23fefefe&text_color=%23262626&url=https%3A%2F%2Fm.auto.ru%2F%3Fpreset%3Ddiler-auto%26from%3Dsearch_app_morda%26pinned_offer_id%3Dautoru-1099470756",
                        },
                        "itemImage": "https://avatars.mds.yandex.net/get-autoru-vos/2003768/78ed6035890e6a4602b3cf4cf2f20c3b/456x342",
                        "price": "499 000 ₽",
                        "title": "Opel Astra, 2013",
                        "type": "redesignAutoruGalleryItem/3d2dd874ab0e3283244e9ed2e4eb9703",
                      },
                      Object {
                        "action": Object {
                          "log_id": "item/1",
                          "url": "yellowskin://?buttons_color=%234c4c4c&omnibox_color=%23eeeeee&status_bar_theme=light&background_color=%23fefefe&text_color=%23262626&url=https%3A%2F%2Fm.auto.ru%2F%3Fpreset%3Ddiler-auto%26from%3Dsearch_app_morda%26pinned_offer_id%3Dautoru-1097561204",
                        },
                        "itemImage": "https://avatars.mds.yandex.net/get-autoru-vos/2144979/daae0fda90bca71a6b8a2e6e4421944c/456x342",
                        "price": "850 000 ₽",
                        "title": "Hyundai Solaris, 2019",
                        "type": "redesignAutoruGalleryItem/3d2dd874ab0e3283244e9ed2e4eb9703",
                      },
                      Object {
                        "action": Object {
                          "log_id": "item/2",
                          "url": "yellowskin://?buttons_color=%234c4c4c&omnibox_color=%23eeeeee&status_bar_theme=light&background_color=%23fefefe&text_color=%23262626&url=https%3A%2F%2Fm.auto.ru%2F%3Fpreset%3Ddiler-auto%26from%3Dsearch_app_morda%26pinned_offer_id%3Dautoru-1099470614",
                        },
                        "itemImage": "https://avatars.mds.yandex.net/get-autoru-vos/2167142/289eeab0df37b3bfcc4ca270d2675299/456x342",
                        "price": "409 000 ₽",
                        "title": "Volkswagen Golf, 2011",
                        "type": "redesignAutoruGalleryItem/3d2dd874ab0e3283244e9ed2e4eb9703",
                      },
                      Object {
                        "action": Object {
                          "log_id": "item/3",
                          "url": "yellowskin://?buttons_color=%234c4c4c&omnibox_color=%23eeeeee&status_bar_theme=light&background_color=%23fefefe&text_color=%23262626&url=https%3A%2F%2Fm.auto.ru%2F%3Fpreset%3Ddiler-auto%26from%3Dsearch_app_morda%26pinned_offer_id%3Dautoru-1097749896",
                        },
                        "itemImage": "https://avatars.mds.yandex.net/get-autoru-vos/2196765/a21e881715c74daeb25bc586f02d6a46/456x342",
                        "price": "289 000 ₽",
                        "title": "Ford Focus, 2007",
                        "type": "redesignAutoruGalleryItem/3d2dd874ab0e3283244e9ed2e4eb9703",
                      },
                      Object {
                        "action": Object {
                          "log_id": "item/4",
                          "url": "yellowskin://?buttons_color=%234c4c4c&omnibox_color=%23eeeeee&status_bar_theme=light&background_color=%23fefefe&text_color=%23262626&url=https%3A%2F%2Fm.auto.ru%2F%3Fpreset%3Ddiler-auto%26from%3Dsearch_app_morda%26pinned_offer_id%3Dautoru-1098791780",
                        },
                        "itemImage": "https://avatars.mds.yandex.net/get-autoru-vos/2166065/fc051299df9fc2cc7c0769825616828b/456x342",
                        "price": "1 147 000 ₽",
                        "title": "Hyundai Creta, 2020",
                        "type": "redesignAutoruGalleryItem/3d2dd874ab0e3283244e9ed2e4eb9703",
                      },
                      Object {
                        "action": Object {
                          "log_id": "item/5",
                          "url": "yellowskin://?buttons_color=%234c4c4c&omnibox_color=%23eeeeee&status_bar_theme=light&background_color=%23fefefe&text_color=%23262626&url=https%3A%2F%2Fm.auto.ru%2F%3Fpreset%3Ddiler-auto%26from%3Dsearch_app_morda%26pinned_offer_id%3Dautoru-1096483258",
                        },
                        "itemImage": "https://avatars.mds.yandex.net/get-autoru-vos/2069460/b0361a949a4ed8d791f6360b0400d942/456x342",
                        "price": "1 050 000 ₽",
                        "title": "Mitsubishi ASX, 2019",
                        "type": "redesignAutoruGalleryItem/3d2dd874ab0e3283244e9ed2e4eb9703",
                      },
                      Object {
                        "action": Object {
                          "log_id": "item/6",
                          "url": "yellowskin://?buttons_color=%234c4c4c&omnibox_color=%23eeeeee&status_bar_theme=light&background_color=%23fefefe&text_color=%23262626&url=https%3A%2F%2Fm.auto.ru%2F%3Fpreset%3Ddiler-auto%26from%3Dsearch_app_morda%26pinned_offer_id%3Dautoru-1099298666",
                        },
                        "itemImage": "https://avatars.mds.yandex.net/get-autoru-vos/1972780/91c7bedd45a07b46ded4c68bc84f50c5/456x342",
                        "price": "1 290 200 ₽",
                        "title": "УАЗ Patriot, 2020",
                        "type": "redesignAutoruGalleryItem/3d2dd874ab0e3283244e9ed2e4eb9703",
                      },
                      Object {
                        "action": Object {
                          "log_id": "item/7",
                          "url": "yellowskin://?buttons_color=%234c4c4c&omnibox_color=%23eeeeee&status_bar_theme=light&background_color=%23fefefe&text_color=%23262626&url=https%3A%2F%2Fm.auto.ru%2F%3Fpreset%3Ddiler-auto%26from%3Dsearch_app_morda%26pinned_offer_id%3Dautoru-1099298662",
                        },
                        "itemImage": "https://avatars.mds.yandex.net/get-autoru-vos/1687199/97325a3d316377bc6679bccca60da2b2/456x342",
                        "price": "967 490 ₽",
                        "title": "УАЗ Patriot, 2020",
                        "type": "redesignAutoruGalleryItem/3d2dd874ab0e3283244e9ed2e4eb9703",
                      },
                      Object {
                        "action": Object {
                          "log_id": "item/8",
                          "url": "yellowskin://?buttons_color=%234c4c4c&omnibox_color=%23eeeeee&status_bar_theme=light&background_color=%23fefefe&text_color=%23262626&url=https%3A%2F%2Fm.auto.ru%2F%3Fpreset%3Ddiler-auto%26from%3Dsearch_app_morda%26pinned_offer_id%3Dautoru-1098791752",
                        },
                        "itemImage": "https://avatars.mds.yandex.net/get-autoru-vos/1956707/f8a7877d6d82415701dbd86f51c0dbeb/456x342",
                        "price": "911 000 ₽",
                        "title": "Hyundai Solaris, 2020",
                        "type": "redesignAutoruGalleryItem/3d2dd874ab0e3283244e9ed2e4eb9703",
                      },
                      Object {
                        "action": Object {
                          "log_id": "item/9",
                          "url": "yellowskin://?buttons_color=%234c4c4c&omnibox_color=%23eeeeee&status_bar_theme=light&background_color=%23fefefe&text_color=%23262626&url=https%3A%2F%2Fm.auto.ru%2F%3Fpreset%3Ddiler-auto%26from%3Dsearch_app_morda%26pinned_offer_id%3Dautoru-1098105978",
                        },
                        "itemImage": "https://avatars.mds.yandex.net/get-autoru-vos/2163924/3f80d88a2c45915fcc9100bc02fe0fd9/456x342",
                        "price": "1 888 900 ₽",
                        "title": "Volkswagen Tiguan, 2020",
                        "type": "redesignAutoruGalleryItem/3d2dd874ab0e3283244e9ed2e4eb9703",
                      },
                    ],
                    "type": "ghRedesignGallery/38e419ce70d082f43908ad942bb72e09",
                  },
                  "title": "Машины от дилеров",
                  "title_click_action": Object {
                    "log_id": "tab/diler-auto",
                    "url": "yellowskin://?buttons_color=%234c4c4c&omnibox_color=%23eeeeee&status_bar_theme=light&background_color=%23fefefe&text_color=%23262626&url=https%3A%2F%2Fm.auto.ru%2F%3Fpreset%3Ddiler-auto%26from%3Dsearch_app_morda",
                  },
                },
              ],
              "type": "ghRedesignTabs/898861463afb1abfd1a42e7255c88fb6",
            },
            Object {
              "footerText": "Все объявления",
              "footerUrl": "yellowskin://?buttons_color=%234c4c4c&omnibox_color=%23eeeeee&status_bar_theme=light&background_color=%23fefefe&text_color=%23262626&url=https%3A%2F%2Fm.auto.ru%2F%3Fnosplash%3D1%26from%3Dsearch_app%26utm_source%3Dsearch_app%26utm_medium%3Dcpc%26utm_campaign%3Dlinks%26utm_content%3Doffers",
              "type": "ghRedesignBlockFooter/06a84ba343879c72bb7b276ac75c826f",
            },
          ],
          "type": "ghRedesignBlock/b115580746095068034c93814502406b",
        },
        "state_id": 0,
      },
    ],
  },
  "id": "autoru_div2",
  "topic": "autoru_div2_card",
  "ttl": 300,
  "ttv": 1200,
  "type": "div2",
  "utime": 1,
}
`;

exports[`req`] = `
Object {
  "options": Object {
    "retries": 1,
    "timeout": 400,
  },
  "url": Object {
    "hostname": "search-app.auto.ru",
    "pathname": "/api/1.0/app-morda-data/",
    "protocol": "https",
    "query": Object {
      "geo_id": "2",
      "yandexuid": "5589342201582727680",
    },
  },
}
`;
