// Jest Snapshot v1, https://goo.gl/fbAQLP

exports[`card`] = `
Object {
  "data": Object {
    "background": Array [
      Object {
        "color": "#ffffff",
        "type": "div-solid-background",
      },
    ],
    "states": Array [
      Object {
        "blocks": Array [
          Object {
            "action": Object {
              "log_id": "title",
              "url": "mordanavigate://?page=sport&url=https%3A%2F%2Fyandex.ru%2Fsport%2F%3Futm_content%3Dall_posts%26utm_medium%3Dpromoblock%26utm_source%3Dappsearch%26from%3Dhome%26appsearch_header%3D1%26vertical%3D1&fallback=yellowskin%3A%2F%2F%3Fbuttons_color%3D%25234c4c4c%26omnibox_color%3D%2523eeeeee%26status_bar_theme%3Dlight%26background_color%3D%2523fefefe%26text_color%3D%2523262626%26url%3Dhttps%253A%252F%252Fyandex.ru%252Fsport%252F%253Futm_content%253Dall_posts%2526utm_medium%253Dpromoblock%2526utm_source%253Dappsearch%2526from%253Dhome%2526appsearch_header%253D1",
            },
            "menu_color": "#808080",
            "menu_items": Array [
              Object {
                "text": "Настройки ленты",
                "url": "opensettings://?screen=feed",
              },
              Object {
                "text": "Скрыть карточку",
                "url": "hidecard://?topic_card_ids=sport_div_card&undo_snackbar_text=%D0%92%D1%8B%20%D1%81%D0%BA%D1%80%D1%8B%D0%BB%D0%B8%20%D0%BA%D0%B0%D1%80%D1%82%D0%BE%D1%87%D0%BA%D1%83",
              },
            ],
            "text": "Спорт",
            "text_style": "title_m",
            "type": "div-title-block",
          },
          Object {
            "has_delimiter": 0,
            "size": "s",
            "type": "div-separator-block",
          },
          Object {
            "alignment_vertical": "top",
            "children": Array [
              Object {
                "items": Array [
                  Object {
                    "alignment_horizontal": "center",
                    "alignment_vertical": "center",
                    "children": Array [
                      Object {
                        "action": Object {
                          "log_id": "item/0",
                          "url": "mordanavigate://?page=sport&url=https%3A%2F%2Fyandex.ru%2Fsport%2Fpinned%3Furl%3Dhttps%253A%252F%252Fnevasport.ru%252F178842-zhulin-slyshal-u-shherbakovoj-bylo-chut-li-ne-vospalenie-lyogkih%252F%26vertical%3D1&fallback=yellowskin%3A%2F%2F%3Fbuttons_color%3D%25234c4c4c%26omnibox_color%3D%2523eeeeee%26status_bar_theme%3Dlight%26background_color%3D%2523fefefe%26text_color%3D%2523262626%26url%3Dhttps%253A%252F%252Fyandex.ru%252Fsport%252Fpinned%253Furl%253Dhttps%25253A%25252F%25252Fnevasport.ru%25252F178842-zhulin-slyshal-u-shherbakovoj-bylo-chut-li-ne-vospalenie-lyogkih%25252F%2526vertical%253D1",
                        },
                        "alignment_vertical": "top",
                        "background": Array [
                          Object {
                            "color": "#ffffff",
                            "type": "div-solid-background",
                          },
                        ],
                        "children": Array [
                          Object {
                            "image": Object {
                              "image_url": "https://avatars.mds.yandex.net/get-ynews/2373085/d38b4455acfec13cc30b29a629fd347e/563x304",
                              "ratio": 2,
                              "type": "div-image-element",
                            },
                            "type": "div-image-block",
                          },
                          Object {
                            "has_delimiter": 0,
                            "size": "xxs",
                            "type": "div-separator-block",
                          },
                          Object {
                            "text_max_lines": 4,
                            "text_style": "text_l",
                            "title": "<font color=\\"#333333\\">Жулин: Слышал, у Щербаковой было чуть ли не воспаление лёгких</font>",
                            "title_max_lines": 3,
                            "title_style": "title_s",
                            "type": "div-universal-block",
                          },
                          Object {
                            "has_delimiter": 0,
                            "size": "match_parent",
                            "type": "div-separator-block",
                          },
                          Object {
                            "text": "<font color=\\"#999999\\">Нева Спорт</font>",
                            "text_max_lines": 1,
                            "text_style": "text_s",
                            "title_style": "title_m",
                            "type": "div-universal-block",
                          },
                          Object {
                            "has_delimiter": 0,
                            "size": "xxs",
                            "type": "div-separator-block",
                          },
                        ],
                        "direction": "vertical",
                        "frame": Object {
                          "color": "#dcdee0",
                          "style": "border",
                        },
                        "height": Object {
                          "type": "numeric",
                          "unit": "dp",
                          "value": 240,
                        },
                        "type": "div-container-block",
                        "width": Object {
                          "type": "numeric",
                          "unit": "dp",
                          "value": 244,
                        },
                      },
                    ],
                    "direction": "vertical",
                    "height": Object {
                      "type": "numeric",
                      "unit": "dp",
                      "value": 240,
                    },
                    "type": "div-container-block",
                    "width": Object {
                      "type": "numeric",
                      "unit": "dp",
                      "value": 244,
                    },
                  },
                  Object {
                    "alignment_horizontal": "center",
                    "alignment_vertical": "center",
                    "children": Array [
                      Object {
                        "action": Object {
                          "log_id": "item/1",
                          "url": "mordanavigate://?page=sport&url=https%3A%2F%2Fyandex.ru%2Fsport%2Fpinned%3Furl%3Dhttps%253A%252F%252Fwww.liveresult.ru%252Fnews%252F79695%252F%26vertical%3D1&fallback=yellowskin%3A%2F%2F%3Fbuttons_color%3D%25234c4c4c%26omnibox_color%3D%2523eeeeee%26status_bar_theme%3Dlight%26background_color%3D%2523fefefe%26text_color%3D%2523262626%26url%3Dhttps%253A%252F%252Fyandex.ru%252Fsport%252Fpinned%253Furl%253Dhttps%25253A%25252F%25252Fwww.liveresult.ru%25252Fnews%25252F79695%25252F%2526vertical%253D1",
                        },
                        "alignment_vertical": "top",
                        "background": Array [
                          Object {
                            "color": "#ffffff",
                            "type": "div-solid-background",
                          },
                        ],
                        "children": Array [
                          Object {
                            "image": Object {
                              "image_url": "https://avatars.mds.yandex.net/get-ynews/2373085/58b46e45e544eae0da259e92e0fbd8a7/563x304",
                              "ratio": 2,
                              "type": "div-image-element",
                            },
                            "type": "div-image-block",
                          },
                          Object {
                            "has_delimiter": 0,
                            "size": "xxs",
                            "type": "div-separator-block",
                          },
                          Object {
                            "text_max_lines": 4,
                            "text_style": "text_l",
                            "title": "<font color=\\"#333333\\">От Бикфалви с любовью: Румынский игрок «Урала» отправил Россию в третью корзину перед отбором к ЧМ-2022</font>",
                            "title_max_lines": 3,
                            "title_style": "title_s",
                            "type": "div-universal-block",
                          },
                          Object {
                            "has_delimiter": 0,
                            "size": "match_parent",
                            "type": "div-separator-block",
                          },
                          Object {
                            "text": "<font color=\\"#999999\\">LiveResult.Ru</font>",
                            "text_max_lines": 1,
                            "text_style": "text_s",
                            "title_style": "title_m",
                            "type": "div-universal-block",
                          },
                          Object {
                            "has_delimiter": 0,
                            "size": "xxs",
                            "type": "div-separator-block",
                          },
                        ],
                        "direction": "vertical",
                        "frame": Object {
                          "color": "#dcdee0",
                          "style": "border",
                        },
                        "height": Object {
                          "type": "numeric",
                          "unit": "dp",
                          "value": 240,
                        },
                        "type": "div-container-block",
                        "width": Object {
                          "type": "numeric",
                          "unit": "dp",
                          "value": 244,
                        },
                      },
                    ],
                    "direction": "vertical",
                    "height": Object {
                      "type": "numeric",
                      "unit": "dp",
                      "value": 240,
                    },
                    "type": "div-container-block",
                    "width": Object {
                      "type": "numeric",
                      "unit": "dp",
                      "value": 244,
                    },
                  },
                  Object {
                    "alignment_horizontal": "center",
                    "alignment_vertical": "center",
                    "children": Array [
                      Object {
                        "action": Object {
                          "log_id": "item/2",
                          "url": "mordanavigate://?page=sport&url=https%3A%2F%2Fyandex.ru%2Fsport%2Fpinned%3Furl%3Dhttps%253A%252F%252Fbash.news%252Fnews%252F138324-salavat-yulaev-vstretitsya-s-moskovskim-spartakom%26vertical%3D1&fallback=yellowskin%3A%2F%2F%3Fbuttons_color%3D%25234c4c4c%26omnibox_color%3D%2523eeeeee%26status_bar_theme%3Dlight%26background_color%3D%2523fefefe%26text_color%3D%2523262626%26url%3Dhttps%253A%252F%252Fyandex.ru%252Fsport%252Fpinned%253Furl%253Dhttps%25253A%25252F%25252Fbash.news%25252Fnews%25252F138324-salavat-yulaev-vstretitsya-s-moskovskim-spartakom%2526vertical%253D1",
                        },
                        "alignment_vertical": "top",
                        "background": Array [
                          Object {
                            "color": "#ffffff",
                            "type": "div-solid-background",
                          },
                        ],
                        "children": Array [
                          Object {
                            "image": Object {
                              "image_url": "https://avatars.mds.yandex.net/get-ynews/2774058/e674e0092b0e1e82cc644ef2f0069b67/563x304",
                              "ratio": 2,
                              "type": "div-image-element",
                            },
                            "type": "div-image-block",
                          },
                          Object {
                            "has_delimiter": 0,
                            "size": "xxs",
                            "type": "div-separator-block",
                          },
                          Object {
                            "text_max_lines": 4,
                            "text_style": "text_l",
                            "title": "<font color=\\"#333333\\">«Салават Юлаев» встретится с московским «Спартаком»</font>",
                            "title_max_lines": 3,
                            "title_style": "title_s",
                            "type": "div-universal-block",
                          },
                          Object {
                            "has_delimiter": 0,
                            "size": "match_parent",
                            "type": "div-separator-block",
                          },
                          Object {
                            "text": "<font color=\\"#999999\\">Bash.News</font>",
                            "text_max_lines": 1,
                            "text_style": "text_s",
                            "title_style": "title_m",
                            "type": "div-universal-block",
                          },
                          Object {
                            "has_delimiter": 0,
                            "size": "xxs",
                            "type": "div-separator-block",
                          },
                        ],
                        "direction": "vertical",
                        "frame": Object {
                          "color": "#dcdee0",
                          "style": "border",
                        },
                        "height": Object {
                          "type": "numeric",
                          "unit": "dp",
                          "value": 240,
                        },
                        "type": "div-container-block",
                        "width": Object {
                          "type": "numeric",
                          "unit": "dp",
                          "value": 244,
                        },
                      },
                    ],
                    "direction": "vertical",
                    "height": Object {
                      "type": "numeric",
                      "unit": "dp",
                      "value": 240,
                    },
                    "type": "div-container-block",
                    "width": Object {
                      "type": "numeric",
                      "unit": "dp",
                      "value": 244,
                    },
                  },
                  Object {
                    "alignment_horizontal": "center",
                    "alignment_vertical": "center",
                    "children": Array [
                      Object {
                        "action": Object {
                          "log_id": "item/3",
                          "url": "mordanavigate://?page=sport&url=https%3A%2F%2Fyandex.ru%2Fsport%2Fpinned%3Furl%3Dhttps%253A%252F%252Fbetonmobile.ru%252Fdzhikiya-tonko-potrollil-eshhenko%26vertical%3D1&fallback=yellowskin%3A%2F%2F%3Fbuttons_color%3D%25234c4c4c%26omnibox_color%3D%2523eeeeee%26status_bar_theme%3Dlight%26background_color%3D%2523fefefe%26text_color%3D%2523262626%26url%3Dhttps%253A%252F%252Fyandex.ru%252Fsport%252Fpinned%253Furl%253Dhttps%25253A%25252F%25252Fbetonmobile.ru%25252Fdzhikiya-tonko-potrollil-eshhenko%2526vertical%253D1",
                        },
                        "alignment_vertical": "top",
                        "background": Array [
                          Object {
                            "color": "#ffffff",
                            "type": "div-solid-background",
                          },
                        ],
                        "children": Array [
                          Object {
                            "image": Object {
                              "image_url": "https://avatars.mds.yandex.net/get-ynews/2756383/5bfa968fe2c2f5530fb27b24a65936a2/563x304",
                              "ratio": 2,
                              "type": "div-image-element",
                            },
                            "type": "div-image-block",
                          },
                          Object {
                            "has_delimiter": 0,
                            "size": "xxs",
                            "type": "div-separator-block",
                          },
                          Object {
                            "text_max_lines": 4,
                            "text_style": "text_l",
                            "title": "<font color=\\"#333333\\">Джикия тонко потроллил Ещенко</font>",
                            "title_max_lines": 3,
                            "title_style": "title_s",
                            "type": "div-universal-block",
                          },
                          Object {
                            "has_delimiter": 0,
                            "size": "match_parent",
                            "type": "div-separator-block",
                          },
                          Object {
                            "text": "<font color=\\"#999999\\">BetOn</font>",
                            "text_max_lines": 1,
                            "text_style": "text_s",
                            "title_style": "title_m",
                            "type": "div-universal-block",
                          },
                          Object {
                            "has_delimiter": 0,
                            "size": "xxs",
                            "type": "div-separator-block",
                          },
                        ],
                        "direction": "vertical",
                        "frame": Object {
                          "color": "#dcdee0",
                          "style": "border",
                        },
                        "height": Object {
                          "type": "numeric",
                          "unit": "dp",
                          "value": 240,
                        },
                        "type": "div-container-block",
                        "width": Object {
                          "type": "numeric",
                          "unit": "dp",
                          "value": 244,
                        },
                      },
                    ],
                    "direction": "vertical",
                    "height": Object {
                      "type": "numeric",
                      "unit": "dp",
                      "value": 240,
                    },
                    "type": "div-container-block",
                    "width": Object {
                      "type": "numeric",
                      "unit": "dp",
                      "value": 244,
                    },
                  },
                  Object {
                    "alignment_horizontal": "center",
                    "alignment_vertical": "center",
                    "children": Array [
                      Object {
                        "action": Object {
                          "log_id": "item/4",
                          "url": "mordanavigate://?page=sport&url=https%3A%2F%2Fyandex.ru%2Fsport%2Fpinned%3Furl%3Dhttps%253A%252F%252Frsport.ria.ru%252F20201120%252Fdraka-1585455855.html%26vertical%3D1&fallback=yellowskin%3A%2F%2F%3Fbuttons_color%3D%25234c4c4c%26omnibox_color%3D%2523eeeeee%26status_bar_theme%3Dlight%26background_color%3D%2523fefefe%26text_color%3D%2523262626%26url%3Dhttps%253A%252F%252Fyandex.ru%252Fsport%252Fpinned%253Furl%253Dhttps%25253A%25252F%25252Frsport.ria.ru%25252F20201120%25252Fdraka-1585455855.html%2526vertical%253D1",
                        },
                        "alignment_vertical": "top",
                        "background": Array [
                          Object {
                            "color": "#ffffff",
                            "type": "div-solid-background",
                          },
                        ],
                        "children": Array [
                          Object {
                            "image": Object {
                              "image_url": "https://avatars.mds.yandex.net/get-ynews/3125310/d89bae5ff2063b713da8cbccdfeae3f0/563x304",
                              "ratio": 2,
                              "type": "div-image-element",
                            },
                            "type": "div-image-block",
                          },
                          Object {
                            "has_delimiter": 0,
                            "size": "xxs",
                            "type": "div-separator-block",
                          },
                          Object {
                            "text_max_lines": 4,
                            "text_style": "text_l",
                            "title": "<font color=\\"#333333\\">Матч женских гандбольных команд превратился в массовую бойню</font>",
                            "title_max_lines": 3,
                            "title_style": "title_s",
                            "type": "div-universal-block",
                          },
                          Object {
                            "has_delimiter": 0,
                            "size": "match_parent",
                            "type": "div-separator-block",
                          },
                          Object {
                            "text": "<font color=\\"#999999\\">РИА Новости</font>",
                            "text_max_lines": 1,
                            "text_style": "text_s",
                            "title_style": "title_m",
                            "type": "div-universal-block",
                          },
                          Object {
                            "has_delimiter": 0,
                            "size": "xxs",
                            "type": "div-separator-block",
                          },
                        ],
                        "direction": "vertical",
                        "frame": Object {
                          "color": "#dcdee0",
                          "style": "border",
                        },
                        "height": Object {
                          "type": "numeric",
                          "unit": "dp",
                          "value": 240,
                        },
                        "type": "div-container-block",
                        "width": Object {
                          "type": "numeric",
                          "unit": "dp",
                          "value": 244,
                        },
                      },
                    ],
                    "direction": "vertical",
                    "height": Object {
                      "type": "numeric",
                      "unit": "dp",
                      "value": 240,
                    },
                    "type": "div-container-block",
                    "width": Object {
                      "type": "numeric",
                      "unit": "dp",
                      "value": 244,
                    },
                  },
                  Object {
                    "alignment_horizontal": "center",
                    "alignment_vertical": "center",
                    "children": Array [
                      Object {
                        "action": Object {
                          "log_id": "item/5",
                          "url": "mordanavigate://?page=sport&url=https%3A%2F%2Fyandex.ru%2Fsport%2Fpinned%3Furl%3Dhttps%253A%252F%252Ftnv.ru%252Fnews%252Fsport%252F138927-zaripov-provedet-600-y-match-kkhl-v-chetvertom-zvene-ak-barsa%252F%26vertical%3D1&fallback=yellowskin%3A%2F%2F%3Fbuttons_color%3D%25234c4c4c%26omnibox_color%3D%2523eeeeee%26status_bar_theme%3Dlight%26background_color%3D%2523fefefe%26text_color%3D%2523262626%26url%3Dhttps%253A%252F%252Fyandex.ru%252Fsport%252Fpinned%253Furl%253Dhttps%25253A%25252F%25252Ftnv.ru%25252Fnews%25252Fsport%25252F138927-zaripov-provedet-600-y-match-kkhl-v-chetvertom-zvene-ak-barsa%25252F%2526vertical%253D1",
                        },
                        "alignment_vertical": "top",
                        "background": Array [
                          Object {
                            "color": "#ffffff",
                            "type": "div-solid-background",
                          },
                        ],
                        "children": Array [
                          Object {
                            "image": Object {
                              "image_url": "https://avatars.mds.yandex.net/get-ynews/2433085/36c9b3d8a94254a98173b03cdbcb91cb/563x304",
                              "ratio": 2,
                              "type": "div-image-element",
                            },
                            "type": "div-image-block",
                          },
                          Object {
                            "has_delimiter": 0,
                            "size": "xxs",
                            "type": "div-separator-block",
                          },
                          Object {
                            "text_max_lines": 4,
                            "text_style": "text_l",
                            "title": "<font color=\\"#333333\\">Зарипов проведет 600-й матч КХЛ в четвертом звене «Ак Барса»</font>",
                            "title_max_lines": 3,
                            "title_style": "title_s",
                            "type": "div-universal-block",
                          },
                          Object {
                            "has_delimiter": 0,
                            "size": "match_parent",
                            "type": "div-separator-block",
                          },
                          Object {
                            "text": "<font color=\\"#999999\\">Новый Век</font>",
                            "text_max_lines": 1,
                            "text_style": "text_s",
                            "title_style": "title_m",
                            "type": "div-universal-block",
                          },
                          Object {
                            "has_delimiter": 0,
                            "size": "xxs",
                            "type": "div-separator-block",
                          },
                        ],
                        "direction": "vertical",
                        "frame": Object {
                          "color": "#dcdee0",
                          "style": "border",
                        },
                        "height": Object {
                          "type": "numeric",
                          "unit": "dp",
                          "value": 240,
                        },
                        "type": "div-container-block",
                        "width": Object {
                          "type": "numeric",
                          "unit": "dp",
                          "value": 244,
                        },
                      },
                    ],
                    "direction": "vertical",
                    "height": Object {
                      "type": "numeric",
                      "unit": "dp",
                      "value": 240,
                    },
                    "type": "div-container-block",
                    "width": Object {
                      "type": "numeric",
                      "unit": "dp",
                      "value": 244,
                    },
                  },
                  Object {
                    "alignment_horizontal": "center",
                    "alignment_vertical": "center",
                    "children": Array [
                      Object {
                        "action": Object {
                          "log_id": "item/6",
                          "url": "mordanavigate://?page=sport&url=https%3A%2F%2Fyandex.ru%2Fsport%2Fpinned%3Furl%3Dhttps%253A%252F%252Fwww.championat.com%252Ffootball%252Fnews-4194135-bubnov--ob-igre-sbornoj-rossii-eto-byl-polnyj-proval-k-cherchesovu-mnogo-voprosov.html%26vertical%3D1&fallback=yellowskin%3A%2F%2F%3Fbuttons_color%3D%25234c4c4c%26omnibox_color%3D%2523eeeeee%26status_bar_theme%3Dlight%26background_color%3D%2523fefefe%26text_color%3D%2523262626%26url%3Dhttps%253A%252F%252Fyandex.ru%252Fsport%252Fpinned%253Furl%253Dhttps%25253A%25252F%25252Fwww.championat.com%25252Ffootball%25252Fnews-4194135-bubnov--ob-igre-sbornoj-rossii-eto-byl-polnyj-proval-k-cherchesovu-mnogo-voprosov.html%2526vertical%253D1",
                        },
                        "alignment_vertical": "top",
                        "background": Array [
                          Object {
                            "color": "#ffffff",
                            "type": "div-solid-background",
                          },
                        ],
                        "children": Array [
                          Object {
                            "image": Object {
                              "image_url": "https://avatars.mds.yandex.net/get-ynews/1738766/9c6172f5151eaf01522fc35b3be6435e/563x304",
                              "ratio": 2,
                              "type": "div-image-element",
                            },
                            "type": "div-image-block",
                          },
                          Object {
                            "has_delimiter": 0,
                            "size": "xxs",
                            "type": "div-separator-block",
                          },
                          Object {
                            "text_max_lines": 4,
                            "text_style": "text_l",
                            "title": "<font color=\\"#333333\\">Бубнов – об игре сборной России: это был полный провал. К Черчесову много вопросов</font>",
                            "title_max_lines": 3,
                            "title_style": "title_s",
                            "type": "div-universal-block",
                          },
                          Object {
                            "has_delimiter": 0,
                            "size": "match_parent",
                            "type": "div-separator-block",
                          },
                          Object {
                            "text": "<font color=\\"#999999\\">Чемпионат</font>",
                            "text_max_lines": 1,
                            "text_style": "text_s",
                            "title_style": "title_m",
                            "type": "div-universal-block",
                          },
                          Object {
                            "has_delimiter": 0,
                            "size": "xxs",
                            "type": "div-separator-block",
                          },
                        ],
                        "direction": "vertical",
                        "frame": Object {
                          "color": "#dcdee0",
                          "style": "border",
                        },
                        "height": Object {
                          "type": "numeric",
                          "unit": "dp",
                          "value": 240,
                        },
                        "type": "div-container-block",
                        "width": Object {
                          "type": "numeric",
                          "unit": "dp",
                          "value": 244,
                        },
                      },
                    ],
                    "direction": "vertical",
                    "height": Object {
                      "type": "numeric",
                      "unit": "dp",
                      "value": 240,
                    },
                    "type": "div-container-block",
                    "width": Object {
                      "type": "numeric",
                      "unit": "dp",
                      "value": 244,
                    },
                  },
                  Object {
                    "alignment_horizontal": "center",
                    "alignment_vertical": "center",
                    "children": Array [
                      Object {
                        "action": Object {
                          "log_id": "item/7",
                          "url": "mordanavigate://?page=sport&url=https%3A%2F%2Fyandex.ru%2Fsport%2Fpinned%3Furl%3Dhttps%253A%252F%252Frussian.rt.com%252Fsport%252Fnews%252F804825-chm-2021-hokkei-perenos-minsk-moskva%26vertical%3D1&fallback=yellowskin%3A%2F%2F%3Fbuttons_color%3D%25234c4c4c%26omnibox_color%3D%2523eeeeee%26status_bar_theme%3Dlight%26background_color%3D%2523fefefe%26text_color%3D%2523262626%26url%3Dhttps%253A%252F%252Fyandex.ru%252Fsport%252Fpinned%253Furl%253Dhttps%25253A%25252F%25252Frussian.rt.com%25252Fsport%25252Fnews%25252F804825-chm-2021-hokkei-perenos-minsk-moskva%2526vertical%253D1",
                        },
                        "alignment_vertical": "top",
                        "background": Array [
                          Object {
                            "color": "#ffffff",
                            "type": "div-solid-background",
                          },
                        ],
                        "children": Array [
                          Object {
                            "image": Object {
                              "image_url": "https://avatars.mds.yandex.net/get-ynews/2792244/8a2448015d77e3b67e9950ab619047ee/563x304",
                              "ratio": 2,
                              "type": "div-image-element",
                            },
                            "type": "div-image-block",
                          },
                          Object {
                            "has_delimiter": 0,
                            "size": "xxs",
                            "type": "div-separator-block",
                          },
                          Object {
                            "text_max_lines": 4,
                            "text_style": "text_l",
                            "title": "<font color=\\"#333333\\">Источник: ЧМ-2021 по хоккею перенесут из Минска в Москву</font>",
                            "title_max_lines": 3,
                            "title_style": "title_s",
                            "type": "div-universal-block",
                          },
                          Object {
                            "has_delimiter": 0,
                            "size": "match_parent",
                            "type": "div-separator-block",
                          },
                          Object {
                            "text": "<font color=\\"#999999\\">RT на русском</font>",
                            "text_max_lines": 1,
                            "text_style": "text_s",
                            "title_style": "title_m",
                            "type": "div-universal-block",
                          },
                          Object {
                            "has_delimiter": 0,
                            "size": "xxs",
                            "type": "div-separator-block",
                          },
                        ],
                        "direction": "vertical",
                        "frame": Object {
                          "color": "#dcdee0",
                          "style": "border",
                        },
                        "height": Object {
                          "type": "numeric",
                          "unit": "dp",
                          "value": 240,
                        },
                        "type": "div-container-block",
                        "width": Object {
                          "type": "numeric",
                          "unit": "dp",
                          "value": 244,
                        },
                      },
                    ],
                    "direction": "vertical",
                    "height": Object {
                      "type": "numeric",
                      "unit": "dp",
                      "value": 240,
                    },
                    "type": "div-container-block",
                    "width": Object {
                      "type": "numeric",
                      "unit": "dp",
                      "value": 244,
                    },
                  },
                  Object {
                    "alignment_horizontal": "center",
                    "alignment_vertical": "center",
                    "children": Array [
                      Object {
                        "action": Object {
                          "log_id": "item/8",
                          "url": "mordanavigate://?page=sport&url=https%3A%2F%2Fyandex.ru%2Fsport%2Fpinned%3Furl%3Dhttps%253A%252F%252Fcsn-tv.ru%252Fposts%252Fid10779-karelin-prokommentiroval-skandal-svyazannyi-s-dzyuboi%26vertical%3D1&fallback=yellowskin%3A%2F%2F%3Fbuttons_color%3D%25234c4c4c%26omnibox_color%3D%2523eeeeee%26status_bar_theme%3Dlight%26background_color%3D%2523fefefe%26text_color%3D%2523262626%26url%3Dhttps%253A%252F%252Fyandex.ru%252Fsport%252Fpinned%253Furl%253Dhttps%25253A%25252F%25252Fcsn-tv.ru%25252Fposts%25252Fid10779-karelin-prokommentiroval-skandal-svyazannyi-s-dzyuboi%2526vertical%253D1",
                        },
                        "alignment_vertical": "top",
                        "background": Array [
                          Object {
                            "color": "#ffffff",
                            "type": "div-solid-background",
                          },
                        ],
                        "children": Array [
                          Object {
                            "image": Object {
                              "image_url": "https://avatars.mds.yandex.net/get-ynews/1879941/6c1d3631e7708807c1836f293b0049d6/563x304",
                              "ratio": 2,
                              "type": "div-image-element",
                            },
                            "type": "div-image-block",
                          },
                          Object {
                            "has_delimiter": 0,
                            "size": "xxs",
                            "type": "div-separator-block",
                          },
                          Object {
                            "text_max_lines": 4,
                            "text_style": "text_l",
                            "title": "<font color=\\"#333333\\">Карелин прокомментировал скандал, связанный с Дзюбой</font>",
                            "title_max_lines": 3,
                            "title_style": "title_s",
                            "type": "div-universal-block",
                          },
                          Object {
                            "has_delimiter": 0,
                            "size": "match_parent",
                            "type": "div-separator-block",
                          },
                          Object {
                            "text": "<font color=\\"#999999\\">Центральная Служба Новостей</font>",
                            "text_max_lines": 1,
                            "text_style": "text_s",
                            "title_style": "title_m",
                            "type": "div-universal-block",
                          },
                          Object {
                            "has_delimiter": 0,
                            "size": "xxs",
                            "type": "div-separator-block",
                          },
                        ],
                        "direction": "vertical",
                        "frame": Object {
                          "color": "#dcdee0",
                          "style": "border",
                        },
                        "height": Object {
                          "type": "numeric",
                          "unit": "dp",
                          "value": 240,
                        },
                        "type": "div-container-block",
                        "width": Object {
                          "type": "numeric",
                          "unit": "dp",
                          "value": 244,
                        },
                      },
                    ],
                    "direction": "vertical",
                    "height": Object {
                      "type": "numeric",
                      "unit": "dp",
                      "value": 240,
                    },
                    "type": "div-container-block",
                    "width": Object {
                      "type": "numeric",
                      "unit": "dp",
                      "value": 244,
                    },
                  },
                  Object {
                    "alignment_horizontal": "center",
                    "alignment_vertical": "center",
                    "children": Array [
                      Object {
                        "action": Object {
                          "log_id": "item/9",
                          "url": "mordanavigate://?page=sport&url=https%3A%2F%2Fyandex.ru%2Fsport%2Fpinned%3Furl%3Dhttps%253A%252F%252Fwww.sport-express.ru%252Ffootball%252Fnation-league%252Freviews%252Fserbiya-rossiya-5-0-reakciya-rossiyskih-smi-na-porazhenie-v-lige-naciy-18-noyabrya-1730102%252F%26vertical%3D1&fallback=yellowskin%3A%2F%2F%3Fbuttons_color%3D%25234c4c4c%26omnibox_color%3D%2523eeeeee%26status_bar_theme%3Dlight%26background_color%3D%2523fefefe%26text_color%3D%2523262626%26url%3Dhttps%253A%252F%252Fyandex.ru%252Fsport%252Fpinned%253Furl%253Dhttps%25253A%25252F%25252Fwww.sport-express.ru%25252Ffootball%25252Fnation-league%25252Freviews%25252Fserbiya-rossiya-5-0-reakciya-rossiyskih-smi-na-porazhenie-v-lige-naciy-18-noyabrya-1730102%25252F%2526vertical%253D1",
                        },
                        "alignment_vertical": "top",
                        "background": Array [
                          Object {
                            "color": "#ffffff",
                            "type": "div-solid-background",
                          },
                        ],
                        "children": Array [
                          Object {
                            "image": Object {
                              "image_url": "https://avatars.mds.yandex.net/get-ynews/106605/5d148a76640cdff83d3e2fd19279f82e/563x304",
                              "ratio": 2,
                              "type": "div-image-element",
                            },
                            "type": "div-image-block",
                          },
                          Object {
                            "has_delimiter": 0,
                            "size": "xxs",
                            "type": "div-separator-block",
                          },
                          Object {
                            "text_max_lines": 4,
                            "text_style": "text_l",
                            "title": "<font color=\\"#333333\\">Реакция российских СМИ на провал сборной России в матче с Сербией в Лиге наций</font>",
                            "title_max_lines": 3,
                            "title_style": "title_s",
                            "type": "div-universal-block",
                          },
                          Object {
                            "has_delimiter": 0,
                            "size": "match_parent",
                            "type": "div-separator-block",
                          },
                          Object {
                            "text": "<font color=\\"#999999\\">Спорт-Экспресс</font>",
                            "text_max_lines": 1,
                            "text_style": "text_s",
                            "title_style": "title_m",
                            "type": "div-universal-block",
                          },
                          Object {
                            "has_delimiter": 0,
                            "size": "xxs",
                            "type": "div-separator-block",
                          },
                        ],
                        "direction": "vertical",
                        "frame": Object {
                          "color": "#dcdee0",
                          "style": "border",
                        },
                        "height": Object {
                          "type": "numeric",
                          "unit": "dp",
                          "value": 240,
                        },
                        "type": "div-container-block",
                        "width": Object {
                          "type": "numeric",
                          "unit": "dp",
                          "value": 244,
                        },
                      },
                    ],
                    "direction": "vertical",
                    "height": Object {
                      "type": "numeric",
                      "unit": "dp",
                      "value": 240,
                    },
                    "type": "div-container-block",
                    "width": Object {
                      "type": "numeric",
                      "unit": "dp",
                      "value": 244,
                    },
                  },
                  Object {
                    "alignment_horizontal": "center",
                    "alignment_vertical": "center",
                    "children": Array [
                      Object {
                        "action": Object {
                          "log_id": "item/10",
                          "url": "mordanavigate://?page=sport&url=https%3A%2F%2Fyandex.ru%2Fsport%2Fpinned%3Furl%3Dhttps%253A%252F%252Fwww.gazeta.ru%252Fsport%252Fnews%252F2020%252F11%252F18%252Fn_15244447.shtml%26vertical%3D1&fallback=yellowskin%3A%2F%2F%3Fbuttons_color%3D%25234c4c4c%26omnibox_color%3D%2523eeeeee%26status_bar_theme%3Dlight%26background_color%3D%2523fefefe%26text_color%3D%2523262626%26url%3Dhttps%253A%252F%252Fyandex.ru%252Fsport%252Fpinned%253Furl%253Dhttps%25253A%25252F%25252Fwww.gazeta.ru%25252Fsport%25252Fnews%25252F2020%25252F11%25252F18%25252Fn_15244447.shtml%2526vertical%253D1",
                        },
                        "alignment_vertical": "top",
                        "background": Array [
                          Object {
                            "color": "#ffffff",
                            "type": "div-solid-background",
                          },
                        ],
                        "children": Array [
                          Object {
                            "image": Object {
                              "image_url": "https://avatars.mds.yandex.net/get-ynews/2776621/ca05cacf870e72a8263276aafd1f2792/563x304",
                              "ratio": 2,
                              "type": "div-image-element",
                            },
                            "type": "div-image-block",
                          },
                          Object {
                            "has_delimiter": 0,
                            "size": "xxs",
                            "type": "div-separator-block",
                          },
                          Object {
                            "text_max_lines": 4,
                            "text_style": "text_l",
                            "title": "<font color=\\"#333333\\">Сборная России по биатлону объявила состав на первые два этапа Кубка мира</font>",
                            "title_max_lines": 3,
                            "title_style": "title_s",
                            "type": "div-universal-block",
                          },
                          Object {
                            "has_delimiter": 0,
                            "size": "match_parent",
                            "type": "div-separator-block",
                          },
                          Object {
                            "text": "<font color=\\"#999999\\">Газета.Ru</font>",
                            "text_max_lines": 1,
                            "text_style": "text_s",
                            "title_style": "title_m",
                            "type": "div-universal-block",
                          },
                          Object {
                            "has_delimiter": 0,
                            "size": "xxs",
                            "type": "div-separator-block",
                          },
                        ],
                        "direction": "vertical",
                        "frame": Object {
                          "color": "#dcdee0",
                          "style": "border",
                        },
                        "height": Object {
                          "type": "numeric",
                          "unit": "dp",
                          "value": 240,
                        },
                        "type": "div-container-block",
                        "width": Object {
                          "type": "numeric",
                          "unit": "dp",
                          "value": 244,
                        },
                      },
                    ],
                    "direction": "vertical",
                    "height": Object {
                      "type": "numeric",
                      "unit": "dp",
                      "value": 240,
                    },
                    "type": "div-container-block",
                    "width": Object {
                      "type": "numeric",
                      "unit": "dp",
                      "value": 244,
                    },
                  },
                  Object {
                    "alignment_horizontal": "center",
                    "alignment_vertical": "center",
                    "children": Array [
                      Object {
                        "action": Object {
                          "log_id": "item/11",
                          "url": "mordanavigate://?page=sport&url=https%3A%2F%2Fyandex.ru%2Fsport%2Fpinned%3Furl%3Dhttps%253A%252F%252Fwww.championat.com%252Fboxing%252Farticle-4194089-ej-dzhej-makki--dorion-kolduell-bellator-253-pobeda-nokautom-video.html%26vertical%3D1&fallback=yellowskin%3A%2F%2F%3Fbuttons_color%3D%25234c4c4c%26omnibox_color%3D%2523eeeeee%26status_bar_theme%3Dlight%26background_color%3D%2523fefefe%26text_color%3D%2523262626%26url%3Dhttps%253A%252F%252Fyandex.ru%252Fsport%252Fpinned%253Furl%253Dhttps%25253A%25252F%25252Fwww.championat.com%25252Fboxing%25252Farticle-4194089-ej-dzhej-makki--dorion-kolduell-bellator-253-pobeda-nokautom-video.html%2526vertical%253D1",
                        },
                        "alignment_vertical": "top",
                        "background": Array [
                          Object {
                            "color": "#ffffff",
                            "type": "div-solid-background",
                          },
                        ],
                        "children": Array [
                          Object {
                            "image": Object {
                              "image_url": "https://avatars.mds.yandex.net/get-ynews/2433085/c53c837121329f1fe5a21f1524677369/563x304",
                              "ratio": 2,
                              "type": "div-image-element",
                            },
                            "type": "div-image-block",
                          },
                          Object {
                            "has_delimiter": 0,
                            "size": "xxs",
                            "type": "div-separator-block",
                          },
                          Object {
                            "text_max_lines": 4,
                            "text_style": "text_l",
                            "title": "<font color=\\"#333333\\">Звёздный Макки победил удивительным приёмом. Его тут же предложили назвать в честь бойца</font>",
                            "title_max_lines": 3,
                            "title_style": "title_s",
                            "type": "div-universal-block",
                          },
                          Object {
                            "has_delimiter": 0,
                            "size": "match_parent",
                            "type": "div-separator-block",
                          },
                          Object {
                            "text": "<font color=\\"#999999\\">Чемпионат</font>",
                            "text_max_lines": 1,
                            "text_style": "text_s",
                            "title_style": "title_m",
                            "type": "div-universal-block",
                          },
                          Object {
                            "has_delimiter": 0,
                            "size": "xxs",
                            "type": "div-separator-block",
                          },
                        ],
                        "direction": "vertical",
                        "frame": Object {
                          "color": "#dcdee0",
                          "style": "border",
                        },
                        "height": Object {
                          "type": "numeric",
                          "unit": "dp",
                          "value": 240,
                        },
                        "type": "div-container-block",
                        "width": Object {
                          "type": "numeric",
                          "unit": "dp",
                          "value": 244,
                        },
                      },
                    ],
                    "direction": "vertical",
                    "height": Object {
                      "type": "numeric",
                      "unit": "dp",
                      "value": 240,
                    },
                    "type": "div-container-block",
                    "width": Object {
                      "type": "numeric",
                      "unit": "dp",
                      "value": 244,
                    },
                  },
                  Object {
                    "alignment_horizontal": "center",
                    "alignment_vertical": "center",
                    "children": Array [
                      Object {
                        "action": Object {
                          "log_id": "item/12",
                          "url": "mordanavigate://?page=sport&url=https%3A%2F%2Fyandex.ru%2Fsport%2Fpinned%3Furl%3Dhttps%253A%252F%252Fmatchtv.ru%252Ffootball%252Fmatchtvnews_NI1272911_Shamil_Gazizov_Vydumyvat_mozhno_vse_no_kak_futbolist_Kokorin__top_top_top%26vertical%3D1&fallback=yellowskin%3A%2F%2F%3Fbuttons_color%3D%25234c4c4c%26omnibox_color%3D%2523eeeeee%26status_bar_theme%3Dlight%26background_color%3D%2523fefefe%26text_color%3D%2523262626%26url%3Dhttps%253A%252F%252Fyandex.ru%252Fsport%252Fpinned%253Furl%253Dhttps%25253A%25252F%25252Fmatchtv.ru%25252Ffootball%25252Fmatchtvnews_NI1272911_Shamil_Gazizov_Vydumyvat_mozhno_vse_no_kak_futbolist_Kokorin__top_top_top%2526vertical%253D1",
                        },
                        "alignment_vertical": "top",
                        "background": Array [
                          Object {
                            "color": "#ffffff",
                            "type": "div-solid-background",
                          },
                        ],
                        "children": Array [
                          Object {
                            "image": Object {
                              "image_url": "https://avatars.mds.yandex.net/get-ynews/2448620/d2c55abb9918df4c7be56cb53a1cfcde/563x304",
                              "ratio": 2,
                              "type": "div-image-element",
                            },
                            "type": "div-image-block",
                          },
                          Object {
                            "has_delimiter": 0,
                            "size": "xxs",
                            "type": "div-separator-block",
                          },
                          Object {
                            "text_max_lines": 4,
                            "text_style": "text_l",
                            "title": "<font color=\\"#333333\\">Шамиль Газизов: «Выдумывать можно все, но как футболист Кокорин — топ, топ, топ!»</font>",
                            "title_max_lines": 3,
                            "title_style": "title_s",
                            "type": "div-universal-block",
                          },
                          Object {
                            "has_delimiter": 0,
                            "size": "match_parent",
                            "type": "div-separator-block",
                          },
                          Object {
                            "text": "<font color=\\"#999999\\">Матч ТВ</font>",
                            "text_max_lines": 1,
                            "text_style": "text_s",
                            "title_style": "title_m",
                            "type": "div-universal-block",
                          },
                          Object {
                            "has_delimiter": 0,
                            "size": "xxs",
                            "type": "div-separator-block",
                          },
                        ],
                        "direction": "vertical",
                        "frame": Object {
                          "color": "#dcdee0",
                          "style": "border",
                        },
                        "height": Object {
                          "type": "numeric",
                          "unit": "dp",
                          "value": 240,
                        },
                        "type": "div-container-block",
                        "width": Object {
                          "type": "numeric",
                          "unit": "dp",
                          "value": 244,
                        },
                      },
                    ],
                    "direction": "vertical",
                    "height": Object {
                      "type": "numeric",
                      "unit": "dp",
                      "value": 240,
                    },
                    "type": "div-container-block",
                    "width": Object {
                      "type": "numeric",
                      "unit": "dp",
                      "value": 244,
                    },
                  },
                  Object {
                    "alignment_horizontal": "center",
                    "alignment_vertical": "center",
                    "children": Array [
                      Object {
                        "action": Object {
                          "log_id": "item/13",
                          "url": "mordanavigate://?page=sport&url=https%3A%2F%2Fyandex.ru%2Fsport%2Fpinned%3Furl%3Dhttps%253A%252F%252Fbetonmobile.ru%252Fufc-razorval-kontrakt-s-byivshim-chempionom-andersonom-silvoy%26vertical%3D1&fallback=yellowskin%3A%2F%2F%3Fbuttons_color%3D%25234c4c4c%26omnibox_color%3D%2523eeeeee%26status_bar_theme%3Dlight%26background_color%3D%2523fefefe%26text_color%3D%2523262626%26url%3Dhttps%253A%252F%252Fyandex.ru%252Fsport%252Fpinned%253Furl%253Dhttps%25253A%25252F%25252Fbetonmobile.ru%25252Fufc-razorval-kontrakt-s-byivshim-chempionom-andersonom-silvoy%2526vertical%253D1",
                        },
                        "alignment_vertical": "top",
                        "background": Array [
                          Object {
                            "color": "#ffffff",
                            "type": "div-solid-background",
                          },
                        ],
                        "children": Array [
                          Object {
                            "image": Object {
                              "image_url": "https://avatars.mds.yandex.net/get-ynews/3339532/e874093d4088e87aa1a42d8fe56ee264/563x304",
                              "ratio": 2,
                              "type": "div-image-element",
                            },
                            "type": "div-image-block",
                          },
                          Object {
                            "has_delimiter": 0,
                            "size": "xxs",
                            "type": "div-separator-block",
                          },
                          Object {
                            "text_max_lines": 4,
                            "text_style": "text_l",
                            "title": "<font color=\\"#333333\\">UFC разорвал контракт с бывшим чемпионом Андерсоном Силвой</font>",
                            "title_max_lines": 3,
                            "title_style": "title_s",
                            "type": "div-universal-block",
                          },
                          Object {
                            "has_delimiter": 0,
                            "size": "match_parent",
                            "type": "div-separator-block",
                          },
                          Object {
                            "text": "<font color=\\"#999999\\">BetOn</font>",
                            "text_max_lines": 1,
                            "text_style": "text_s",
                            "title_style": "title_m",
                            "type": "div-universal-block",
                          },
                          Object {
                            "has_delimiter": 0,
                            "size": "xxs",
                            "type": "div-separator-block",
                          },
                        ],
                        "direction": "vertical",
                        "frame": Object {
                          "color": "#dcdee0",
                          "style": "border",
                        },
                        "height": Object {
                          "type": "numeric",
                          "unit": "dp",
                          "value": 240,
                        },
                        "type": "div-container-block",
                        "width": Object {
                          "type": "numeric",
                          "unit": "dp",
                          "value": 244,
                        },
                      },
                    ],
                    "direction": "vertical",
                    "height": Object {
                      "type": "numeric",
                      "unit": "dp",
                      "value": 240,
                    },
                    "type": "div-container-block",
                    "width": Object {
                      "type": "numeric",
                      "unit": "dp",
                      "value": 244,
                    },
                  },
                  Object {
                    "alignment_horizontal": "center",
                    "alignment_vertical": "center",
                    "children": Array [
                      Object {
                        "action": Object {
                          "log_id": "item/14",
                          "url": "mordanavigate://?page=sport&url=https%3A%2F%2Fyandex.ru%2Fsport%2Fpinned%3Furl%3Dhttps%253A%252F%252Fwww.gazeta.ru%252Fsport%252Fnews%252F2020%252F11%252F20%252Fn_15251521.shtml%26vertical%3D1&fallback=yellowskin%3A%2F%2F%3Fbuttons_color%3D%25234c4c4c%26omnibox_color%3D%2523eeeeee%26status_bar_theme%3Dlight%26background_color%3D%2523fefefe%26text_color%3D%2523262626%26url%3Dhttps%253A%252F%252Fyandex.ru%252Fsport%252Fpinned%253Furl%253Dhttps%25253A%25252F%25252Fwww.gazeta.ru%25252Fsport%25252Fnews%25252F2020%25252F11%25252F20%25252Fn_15251521.shtml%2526vertical%253D1",
                        },
                        "alignment_vertical": "top",
                        "background": Array [
                          Object {
                            "color": "#ffffff",
                            "type": "div-solid-background",
                          },
                        ],
                        "children": Array [
                          Object {
                            "image": Object {
                              "image_url": "https://avatars.mds.yandex.net/get-ynews/2781938/2abfcd9b3f833b9e9f9278d98a58e052/563x304",
                              "ratio": 2,
                              "type": "div-image-element",
                            },
                            "type": "div-image-block",
                          },
                          Object {
                            "has_delimiter": 0,
                            "size": "xxs",
                            "type": "div-separator-block",
                          },
                          Object {
                            "text_max_lines": 4,
                            "text_style": "text_l",
                            "title": "<font color=\\"#333333\\">Ягудин хочет восхищаться учениками Плющенко</font>",
                            "title_max_lines": 3,
                            "title_style": "title_s",
                            "type": "div-universal-block",
                          },
                          Object {
                            "has_delimiter": 0,
                            "size": "match_parent",
                            "type": "div-separator-block",
                          },
                          Object {
                            "text": "<font color=\\"#999999\\">Газета.Ru</font>",
                            "text_max_lines": 1,
                            "text_style": "text_s",
                            "title_style": "title_m",
                            "type": "div-universal-block",
                          },
                          Object {
                            "has_delimiter": 0,
                            "size": "xxs",
                            "type": "div-separator-block",
                          },
                        ],
                        "direction": "vertical",
                        "frame": Object {
                          "color": "#dcdee0",
                          "style": "border",
                        },
                        "height": Object {
                          "type": "numeric",
                          "unit": "dp",
                          "value": 240,
                        },
                        "type": "div-container-block",
                        "width": Object {
                          "type": "numeric",
                          "unit": "dp",
                          "value": 244,
                        },
                      },
                    ],
                    "direction": "vertical",
                    "height": Object {
                      "type": "numeric",
                      "unit": "dp",
                      "value": 240,
                    },
                    "type": "div-container-block",
                    "width": Object {
                      "type": "numeric",
                      "unit": "dp",
                      "value": 244,
                    },
                  },
                  Object {
                    "alignment_horizontal": "center",
                    "alignment_vertical": "center",
                    "children": Array [
                      Object {
                        "action": Object {
                          "log_id": "item/15",
                          "url": "mordanavigate://?page=sport&url=https%3A%2F%2Fyandex.ru%2Fsport%2Fpinned%3Furl%3Dhttps%253A%252F%252Fnevasport.ru%252F178826-smi-yartsev-gospitalizirovan-s-koronavirusom%252F%26vertical%3D1&fallback=yellowskin%3A%2F%2F%3Fbuttons_color%3D%25234c4c4c%26omnibox_color%3D%2523eeeeee%26status_bar_theme%3Dlight%26background_color%3D%2523fefefe%26text_color%3D%2523262626%26url%3Dhttps%253A%252F%252Fyandex.ru%252Fsport%252Fpinned%253Furl%253Dhttps%25253A%25252F%25252Fnevasport.ru%25252F178826-smi-yartsev-gospitalizirovan-s-koronavirusom%25252F%2526vertical%253D1",
                        },
                        "alignment_vertical": "top",
                        "background": Array [
                          Object {
                            "color": "#ffffff",
                            "type": "div-solid-background",
                          },
                        ],
                        "children": Array [
                          Object {
                            "image": Object {
                              "image_url": "https://avatars.mds.yandex.net/get-ynews/1980447/5ad81b11b7c5865b827729ac39f49ff9/563x304",
                              "ratio": 2,
                              "type": "div-image-element",
                            },
                            "type": "div-image-block",
                          },
                          Object {
                            "has_delimiter": 0,
                            "size": "xxs",
                            "type": "div-separator-block",
                          },
                          Object {
                            "text_max_lines": 4,
                            "text_style": "text_l",
                            "title": "<font color=\\"#333333\\">СМИ: Ярцев госпитализирован с коронавирусом</font>",
                            "title_max_lines": 3,
                            "title_style": "title_s",
                            "type": "div-universal-block",
                          },
                          Object {
                            "has_delimiter": 0,
                            "size": "match_parent",
                            "type": "div-separator-block",
                          },
                          Object {
                            "text": "<font color=\\"#999999\\">Нева Спорт</font>",
                            "text_max_lines": 1,
                            "text_style": "text_s",
                            "title_style": "title_m",
                            "type": "div-universal-block",
                          },
                          Object {
                            "has_delimiter": 0,
                            "size": "xxs",
                            "type": "div-separator-block",
                          },
                        ],
                        "direction": "vertical",
                        "frame": Object {
                          "color": "#dcdee0",
                          "style": "border",
                        },
                        "height": Object {
                          "type": "numeric",
                          "unit": "dp",
                          "value": 240,
                        },
                        "type": "div-container-block",
                        "width": Object {
                          "type": "numeric",
                          "unit": "dp",
                          "value": 244,
                        },
                      },
                    ],
                    "direction": "vertical",
                    "height": Object {
                      "type": "numeric",
                      "unit": "dp",
                      "value": 240,
                    },
                    "type": "div-container-block",
                    "width": Object {
                      "type": "numeric",
                      "unit": "dp",
                      "value": 244,
                    },
                  },
                ],
                "tail": Object {
                  "action": Object {
                    "log_id": "tail",
                    "url": "mordanavigate://?page=sport&url=https%3A%2F%2Fyandex.ru%2Fsport%2F%3Futm_content%3Dall_posts%26utm_medium%3Dpromoblock%26utm_source%3Dappsearch%26from%3Dhome%26appsearch_header%3D1%26vertical%3D1&fallback=yellowskin%3A%2F%2F%3Fbuttons_color%3D%25234c4c4c%26omnibox_color%3D%2523eeeeee%26status_bar_theme%3Dlight%26background_color%3D%2523fefefe%26text_color%3D%2523262626%26url%3Dhttps%253A%252F%252Fyandex.ru%252Fsport%252F%253Futm_content%253Dall_posts%2526utm_medium%253Dpromoblock%2526utm_source%253Dappsearch%2526from%253Dhome%2526appsearch_header%253D1",
                  },
                  "icon": Object {
                    "icon_color": "#808080",
                  },
                  "text": "<font color=\\"#808080\\">Ещё новости</font>",
                  "text_style": "text_m",
                },
                "type": "div-gallery-block",
              },
            ],
            "direction": "vertical",
            "height": Object {
              "type": "numeric",
              "unit": "dp",
              "value": 240,
            },
            "type": "div-container-block",
            "width": Object {
              "type": "predefined",
              "value": "match_parent",
            },
          },
          Object {
            "action": Object {
              "log_id": "footer",
              "url": "mordanavigate://?page=sport&url=https%3A%2F%2Fyandex.ru%2Fsport%2F%3Futm_content%3Dall_posts%26utm_medium%3Dpromoblock%26utm_source%3Dappsearch%26from%3Dhome%26appsearch_header%3D1%26vertical%3D1&fallback=yellowskin%3A%2F%2F%3Fbuttons_color%3D%25234c4c4c%26omnibox_color%3D%2523eeeeee%26status_bar_theme%3Dlight%26background_color%3D%2523fefefe%26text_color%3D%2523262626%26url%3Dhttps%253A%252F%252Fyandex.ru%252Fsport%252F%253Futm_content%253Dall_posts%2526utm_medium%253Dpromoblock%2526utm_source%253Dappsearch%2526from%253Dhome%2526appsearch_header%253D1",
            },
            "text": "ДРУГИЕ НОВОСТИ СПОРТА",
            "type": "div-footer-block",
          },
        ],
        "state_id": 1,
      },
    ],
  },
  "id": "sport_div",
  "menu": Object {
    "button_color": "#808080",
    "menu_list": Array [
      Object {
        "action": "opensettings://?screen=feed",
        "text": "Настройки ленты",
      },
      Object {
        "action": "hidecard://?topic_card_ids=sport_div_card&undo_snackbar_text=%D0%92%D1%8B%20%D1%81%D0%BA%D1%80%D1%8B%D0%BB%D0%B8%20%D0%BA%D0%B0%D1%80%D1%82%D0%BE%D1%87%D0%BA%D1%83",
        "text": "Скрыть карточку",
      },
    ],
  },
  "topic": "sport_div_card",
  "ttl": 300,
  "ttv": 1200,
  "type": "div",
  "utime": 1,
}
`;

exports[`req`] = `
Object {
  "options": Object {
    "retries": 0,
    "timeout": 300,
  },
  "url": Object {
    "hostname": "data.news.yandex.ru",
    "pathname": "/sport/api/v1/personal_feed",
    "protocol": "http",
    "query": Object {
      "count": "20",
      "device_id": "152487FE-0E8E-4457-B471-9FD48CB962A8",
      "disable_header": "1",
      "drop_sensitive": "1",
      "is_touch": "1",
      "need_pictures": "1",
      "picture_sizes": "563.304.1",
      "yandexuid": "5589342201582727680",
    },
  },
}
`;
