// Jest Snapshot v1, https://goo.gl/fbAQLP

exports[`card`] = `
Object {
  "data": Object {
    "log_id": "trends_div2",
    "states": Array [
      Object {
        "div": Object {
          "gallery_items": Array [
            Object {
              "background_url": "https://avatars.mds.yandex.net/get-kino-vod-films-gallery/177294/2a0000016f3cbd3227a1c55033e9d52f73c1/224x126_2",
              "comments_text": "Ещё 222 отзыва",
              "label_background_url": "https://avatars.mds.yandex.net/get-entity_search/2266583/418677657/S114x171",
              "label_rating_text": "8.7",
              "main_text": "Фильм в лучших традициях Гая Ричи. Непредсказуемая развязка ,отлично подобранные актёры,крутой английский юмор и классная съёмка держат в напряжении до самого окончания ленты.",
              "review_avatar_url": "https://avatars.mds.yandex.net/get-yapic/0/0-0/islands-small",
              "subtitle": "2020, боевик, комедия",
              "title": "Джентльмены",
              "trend_item_link": "https://yandex.ru/search/?ento=0oCgpydXc3OTY5MjQxGAI6qG6-;tab%3Dreviews&noreask=1&text=%D0%94%D0%B6%D0%B5%D0%BD%D1%82%D0%BB%D1%8C%D0%BC%D0%B5%D0%BD%D1%8B+%D0%BE%D1%82%D0%B7%D1%8B%D0%B2%D1%8B&utm_source=home_discussed",
              "type": "trend_gallery_film",
            },
            Object {
              "background_url": "https://avatars.mds.yandex.net/get-kino-vod-films-gallery/28788/2a0000016f9075b17f531b7034d8c8f0a51c/224x126_2",
              "comments_text": "Ещё 4435 отзывов",
              "label_background_url": "https://avatars.mds.yandex.net/get-entity_search/2115421/423664608/S114x171",
              "label_rating_text": "6.3",
              "main_text": "Фильм понравился своей эпичностью,правдой о событиях,режиссурой,игрой актёров, масштабностью сьёмок и шикарными компьютерными  видами Санкт Петербурга. Рассмотрел в деталях русскую военную форму ! Благими намерениями выстлана дорога в Ад....В этой трагедийной странице истории Великой России это видно очень отчётливо.Спасибо создателям фильма!",
              "review_avatar_url": "https://avatars.mds.yandex.net/get-yapic/61207/MP9ynzvPqnC49LzoKBbaEdmIadM-1/islands-small",
              "subtitle": "2019, история, биография",
              "title": "Союз Спасения",
              "trend_item_link": "https://yandex.ru/search/?ento=0oCgpydXc3NDQ1NjUwGAKsVwgc;tab%3Dreviews&noreask=1&text=%D0%A1%D0%BE%D1%8E%D0%B7+%D0%A1%D0%BF%D0%B0%D1%81%D0%B5%D0%BD%D0%B8%D1%8F+%D0%BE%D1%82%D0%B7%D1%8B%D0%B2%D1%8B&utm_source=home_discussed",
              "type": "trend_gallery_film",
            },
            Object {
              "background_url": "https://avatars.mds.yandex.net/get-kino-vod-films-gallery/27707/2a0000016ff8acec39b8a6fd3f6dbe175217/x120_2",
              "comments_text": "Ещё 430 отзывов",
              "label_background_url": "https://avatars.mds.yandex.net/get-entity_search/1667736/420353608/S114x171",
              "label_rating_text": "6.4",
              "main_text": "Посмотрел фильм - отвратительно,просто отвратительно. Мало того,что игра актерского состава никудышная,в фильме откровенно пропагандируется тотальный феминизм,что расстраивает меня - разрушить межличностные отношения и сделать общество еще более агрессивным,теперь пытаются не только через рекламу,но еще и через кинематограф. Очень жалею,что сходил. Жалко,что деньги ушли на съемки столько БЕСПОЛЕЗНОГО кино, могли бы детям или малоимущим помочь,чем снимать парашу для больных на всю голову тотальных феминисток,идеи которых представляют из себя уже не самозащиту,а ничто иное,как нападение и унижение всех вокруг себя. Не рекомендую к просмотру,в общем.",
              "review_avatar_url": "https://avatars.mds.yandex.net/get-yapic/28053/270597508-1543652885/islands-small",
              "subtitle": "2020, боевик",
              "title": "Хищные птицы: Потрясающая история Харли Квинн",
              "trend_item_link": "https://yandex.ru/search/?ento=0oCgpydXc3Njk5OTIzGAIkSlQL;tab%3Dreviews&noreask=1&text=%D0%A5%D0%B8%D1%89%D0%BD%D1%8B%D0%B5+%D0%BF%D1%82%D0%B8%D1%86%D1%8B%3A+%D0%9F%D0%BE%D1%82%D1%80%D1%8F%D1%81%D0%B0%D1%8E%D1%89%D0%B0%D1%8F+%D0%B8%D1%81%D1%82%D0%BE%D1%80%D0%B8%D1%8F+%D0%A5%D0%B0%D1%80%D0%BB%D0%B8+%D0%9A%D0%B2%D0%B8%D0%BD%D0%BD+%D0%BE%D1%82%D0%B7%D1%8B%D0%B2%D1%8B&utm_source=home_discussed",
              "type": "trend_gallery_film",
            },
            Object {
              "background_url": "https://avatars.mds.yandex.net/get-shinyserp/1048015/2a000001705796f5af535cc04310e4856eb4/thumbnail",
              "comments_text": "Ещё 1181 комментарий",
              "main_text": "Неужели так трудно понять, что столько негатива идёт от того, что перестали индексировать пенсии работающим пенсионерам? Надо срочно возвращать индексацию. Пенсионеры работают не от скуки и не с жиру бесятся. Денег не хватает. И напряжение в обществе накоплено до предела. Совет Федерации, Госдума,  неужели для вас не очевиден вопрос решения этой проблемы?",
              "review_avatar_url": "https://avatars.mds.yandex.net/get-yapic/0/0-0/islands-small",
              "subtitle": "",
              "title": "В Госдуму внесли проект об индексации пенсий работающих пенсионеров",
              "trend_item_link": "https://yandex.ru/news/story/V_Gosdumu_vnesli_proekt_ob_indeksacii_pensij_rabotayushhikh_pensionerov--39dc10223034965411236b6f9e06544c?persistent_id=88517665&utm_source=home_discussed",
              "type": "trend_gallery_news",
            },
            Object {
              "background_url": "https://avatars.mds.yandex.net/get-shinyserp/936189/2a00000170585d4538eeefb30243700f2efe/thumbnail",
              "comments_text": "Ещё 2286 комментариев",
              "main_text": "15 лет суд рассматривал дело ЮКОСа. Суд резюмировал что отняли компанию на политических основаниях. И шансов нет что мы не заплатим. Люди которые решают платить или нет примут те кто имеет паспорта  ЕС. Не будут они свои паспорта сдавать и жить в нашем серпентарии",
              "review_avatar_url": "https://avatars.mds.yandex.net/get-yapic/0/0-0/islands-small",
              "subtitle": "",
              "title": "Суд в Гааге обязал Россию выплатить $50 млрд бывшим акционерам ЮКОСа",
              "trend_item_link": "https://yandex.ru/news/story/Sud_v_Gaage_obyazal_Rossiyu_vyplatit_$50_mlrd_byvshim_akcioneram_YUKOSa--807f806ab76b6165537d259d5070687a?persistent_id=88527570&utm_source=home_discussed",
              "type": "trend_gallery_news",
            },
            Object {
              "background_url": "https://avatars.mds.yandex.net/get-shinyserp/1041338/2a00000170590e72600f1d8333b9d8b990e0/thumbnail",
              "comments_text": "Ещё 423 комментария",
              "main_text": "Многие вегетарианцы претендуют на звание любителей и защитников животных.
Крупные «зоозащитные» организации продвигают вегетарианство наравне с веганством, и даже активнее.
Такая позиция выгодна для их кошелька (ведь вегетарианцев и других невеганов больше, чем веганов, следовательно, пожертвований они несут тоже больше), но точно не для животных: продвижение образа жизни, включающего эксплуатацию животных, неизбежно разрушает идею о том, что веганство — это наш моральный долг.
Если вас заботят животные, переходите на веганство сами и агитируйте других к веганству, и ни к чему меньшему.
Для перехода на веганство не нужны никакие маленькие шаги, оно безопасно для здоровья и не требует постепенного перехода.",
              "review_avatar_url": "https://avatars.mds.yandex.net/get-yapic/39803/u0AhGG19P1ZsSsKXccb4oy3rg-1/islands-small",
              "subtitle": "",
              "title": "Роскачество нашло антибиотики и ДНК лошади в говяжьей тушенке",
              "trend_item_link": "https://yandex.ru/news/story/Roskachestvo_ne_nashlo_ni_odnoj_tushenki_po_GOSTu--be3409ef61935bfb91f47b600091c4dc?persistent_id=88541133&utm_source=home_discussed",
              "type": "trend_gallery_news",
            },
            Object {
              "background_url": "https://avatars.mds.yandex.net/get-shinyserp/936189/2a00000170590e7951b8b689d62d71f15a5e/thumbnail",
              "comments_text": "Ещё 605 комментариев",
              "main_text": "налоговая нарыла долг за 17 год , приставы наложили ограничения на имущество , сходил к приставам взял квитанцию , оплатил , отнёс обратно через два дня эту сумму удержали с карточки . Звонил в сбер - мы не причём , опять к приставам - это программа ! карта кстати пенсионная ! беспредел ! когда это кончится !!??",
              "review_avatar_url": "https://avatars.mds.yandex.net/get-yapic/15430/306217365-482928393/islands-small",
              "subtitle": "",
              "title": "ЦБ впервые за восемь лет уточнит основания для блокировки счетов",
              "trend_item_link": "https://yandex.ru/news/story/CB_vpervye_izmenit_osnovaniya_dlya_blokirovki_schetov--45d6bf8bad2b56f0af3abd71ea2b34f3?persistent_id=88448424&utm_source=home_discussed",
              "type": "trend_gallery_news",
            },
            Object {
              "background_url": "https://avatars.mds.yandex.net/get-shinyserp/1048015/2a0000017056115ef20d2e750decdff9bac9/thumbnail",
              "comments_text": "Ещё 1178 комментариев",
              "main_text": "Где критерии,кто определял и проводил?Я живу в Казани (Татарстан) и я бы не сказал,что здесь хорошо и замечательно,как говорят.Казань зделали третьей столицей в России,а сколько заплатили за этот титул,никто не знает?Так и сейчас,Татарстан вошел в пятерку и снова откат сделали Москве,денег лишних много ведь (деньги будут делать деньги),рейтинг надо подымать для того чтобы бабло сюдю гнали,но не для народа,а для себя.В правительство уже залезли (купили портфели) чтобы снова бабла больше гнать в Татарстан,только не жителям,а себе опять,а нам так копейки выделяются чтобы не здохли.Все это показуха,обман и слова,жизнь дорогая и з/п низкие.Если что-то делается и строится,то это не для жителей,а так для показухи и з

а все надо платить.Деньги есть и они выделяютс
я,но все это очередная показуха и если ничего не делать и не строить,то  ничего не заработаешь и не положишь в карман т.к все прекрасно знают,что сумма выделяется одна,а фактически тратится другая,плюс аткаты и у многих чиновников свои фирмы  и предприятиях которые заинтересованы в этом (понятно о чем).Поэтому жизненый уровень большинства людей,как в России так и в Татарстане низкий и не надо тут ляляля,как говорится у кого-то бриллианты маленькие,а у кого-то суп жидкий....",
              "review_avatar_url": "https://avatars.mds.yandex.net/get-yapic/0/0-0/islands-small",
              "subtitle": "",
              "title": "Кузбасс опустился в рейтинге качества жизни российских регионов",
              "trend_item_link": "https://yandex.ru/news/story/Opublikovan_rejting_gorodov_i_regionov_Rossii_po_urovnyu_kachestva_zhizni--ee47af97d20fb3f4c95761e4a93f8a11?persistent_id=88446481&utm_source=home_discussed",
              "type": "trend_gallery_news",
            },
            Object {
              "background_url": "https://avatars.mds.yandex.net/get-shinyserp/936189/2a00000170581d42e854539c4f78236e5117/thumbnail",
              "comments_text": "Ещё 504 комментария",
              "main_text": "У нас у двери  висел список должников. Человек 100 было в списке, у кого-то долг 5-10 тыс, а были и больше 300 тысяч. Им явно никто не отключал коммунальные услуги.  Если сейчас на законодательном уровне закрепят такую норму, то еще больше людей не будут платить, а бремя платежей может лечь на добросовестных жителей.",
              "review_avatar_url": "https://avatars.mds.yandex.net/get-yapic/42215/pE1UWFuqWDYO42tzIk3Goy0y4w-1/islands-small",
              "subtitle": "",
              "title": "Отключение услуг ЖКХ должникам могут запретить",
              "trend_item_link": "https://yandex.ru/news/story/Otklyuchenie_uslug_ZHKKH_dolzhnikam_mogut_zapretit--a81b8bc070c1b6f62876f0413fff19a3?persistent_id=88475313&utm_source=home_discussed",
              "type": "trend_gallery_news",
            },
            Object {
              "background_url": "https://avatars.mds.yandex.net/get-shinyserp/1383221/2a0000017055904b7d8df791a14c811d2c97/thumbnail",
              "comments_text": "Ещё 542 комментария",
              "main_text": "\\"сли действия силовиков «подпадали под нарушение прав и свобод граждан», возбуждались уголовные дела. Деталей сенатор не привел\\"
Зачем тогда было делать заявления, если никаких деталей в доказательство свооих слоов приводить никто не собирался? Молчали бы дальше по полной программе.
А то так любой может, что угодно заявить бездоказательно...",
              "review_avatar_url": "https://avatars.mds.yandex.net/get-yapic/63032/QDBkqNA6ykgcXxyrc9Rg3zIHPM-1/islands-small",
              "subtitle": "",
              "title": "В Совфеде сообщили о наказанных за работу на митингах росгвардейцах",
              "trend_item_link": "https://yandex.ru/news/story/V_Sovfede_soobshhili_o_nakazannykh_za_rabotu_na_mitingakh_rosgvardejcakh--7a297ea5624b338a9286ed14d84be79d?persistent_id=88462516&utm_source=home_discussed",
              "type": "trend_gallery_news",
            },
            Object {
              "background_url": "https://avatars.mds.yandex.net/get-kino-vod-films-gallery/34144/2a000001702ef4c96e3abf928e4b42ca3956/224x126_2",
              "comments_text": "Ещё 547 отзывов",
              "label_background_url": "https://avatars.mds.yandex.net/get-entity_search/1978677/413273251/S114x171",
              "label_rating_text": "7",
              "main_text": "Фильм бомба, превзошёл все ожидания. Очень понравился сюжет, много юмора, даже есть лирика(всплакнула), игра актёров на высоте. Советую к просмотру!",
              "review_avatar_url": "https://avatars.mds.yandex.net/get-yapic/0/0-0/islands-small",
              "subtitle": "2020, боевик, триллер",
              "title": "Плохие парни навсегда",
              "trend_item_link": "https://yandex.ru/search/?ento=0oCgpydXc3NzI5OTAxGAKtBJSY;tab%3Dreviews&noreask=1&text=%D0%9F%D0%BB%D0%BE%D1%85%D0%B8%D0%B5+%D0%BF%D0%B0%D1%80%D0%BD%D0%B8+%D0%BD%D0%B0%D0%B2%D1%81%D0%B5%D0%B3%D0%B4%D0%B0+%D0%BE%D1%82%D0%B7%D1%8B%D0%B2%D1%8B&utm_source=home_discussed",
              "type": "trend_gallery_film",
            },
            Object {
              "background_url": "https://avatars.mds.yandex.net/get-shinyserp/1463331/2a00000170581d4841ea1773cce116d4e319/thumbnail",
              "comments_text": "Ещё 125 комментариев",
              "main_text": "Если говорить о законе рекламы, пока ты не сказал сам название организации, предлагающей услугу холодному клиенту , закона ты не нарушаешь. Клиент спросил, ты отвестил , тоже закон не нарушаешь. Так что ,хоть обзвонить. И вообще, операторы сами продают свои базы крупным компаниям. Мы же расспись при регистрации в сети, что согласны с использованием данных по усмотрению оператора.",
              "review_avatar_url": "https://avatars.mds.yandex.net/get-yapic/0/0-0/islands-small",
              "subtitle": "",
              "title": "В России появился новый метод хищения персональных данных",
              "trend_item_link": "https://yandex.ru/news/story/V_Rossii_poyavilsya_novyj_metod_khishheniya_personalnykh_dannykh--eb5f0de6d04951505bc4bfd51220bc9b?persistent_id=88446403&utm_source=home_discussed",
              "type": "trend_gallery_news",
            },
            Object {
              "background_url": "https://avatars.mds.yandex.net/get-kino-vod-films-gallery/34144/2a000001700b9b0691685ae967c32be3f370/224x126_2",
              "comments_text": "Ещё 2188 отзывов",
              "label_background_url": "https://avatars.mds.yandex.net/get-entity_search/1720441/385639159/S114x171",
              "label_rating_text": "8.1",
              "main_text": "За идею ставлю 5. Уж очень необычно. А вот по сюжету странновато, конечно. В начале это комедия, потом непонятно что, какой-то трэш. А в концовке вообще мясо. Но в любом случае, посмотреть стоит.",
              "review_avatar_url": "https://avatars.mds.yandex.net/get-yapic/27232/540200360-1548532419/islands-small",
              "subtitle": "2019, драма, комедия",
              "title": "Паразиты",
              "trend_item_link": "https://yandex.ru/search/?ento=0oCgpydXc3ODk5NzIyGAKN0mbt;tab%3Dreviews&noreask=1&text=%D0%9F%D0%B0%D1%80%D0%B0%D0%B7%D0%B8%D1%82%D1%8B+%D0%BE%D1%82%D0%B7%D1%8B%D0%B2%D1%8B&utm_source=home_discussed",
              "type": "trend_gallery_film",
            },
            Object {
              "background_url": "https://avatars.mds.yandex.net/get-kino-vod-films-gallery/33804/2a0000016eb755989750d21ab86db313467a/224x126_2",
              "comments_text": "Ещё 1486 отзывов",
              "label_background_url": "https://avatars.mds.yandex.net/get-entity_search/2044927/416932905/S114x171",
              "label_rating_text": "5.9",
              "main_text": "Фильм-шлак, от слова совсем. Несмешно, неинтересно. Никак! Как было интересно смотреть одноименный сериал, да и 1 часть Беспредела еще более менее, так отвратительно было смотреть этот \\"фильм\\". Неуместная похабщина.",
              "review_avatar_url": "https://avatars.mds.yandex.net/get-yapic/50595/RmTwp4KlV8QQLuWLMXNbvnEfpAg-1/islands-small",
              "subtitle": "2019, комедия, приключения",
              "title": "Полицейский с Рублёвки. Новогодний беспредел 2",
              "trend_item_link": "https://yandex.ru/search/?ento=0oCgpydXc4MDE0MzE0GAI1lp2x;tab%3Dreviews&noreask=1&text=%D0%9F%D0%BE%D0%BB%D0%B8%D1%86%D0%B5%D0%B9%D1%81%D0%BA%D0%B8%D0%B9+%D1%81+%D0%A0%D1%83%D0%B1%D0%BB%D1%91%D0%B2%D0%BA%D0%B8.+%D0%9D%D0%BE%D0%B2%D0%BE%D0%B3%D0%BE%D0%B4%D0%BD%D0%B8%D0%B9+%D0%B1%D0%B5%D1%81%D0%BF%D1%80%D0%B5%D0%B4%D0%B5%D0%BB+2+%D0%BE%D1%82%D0%B7%D1%8B%D0%B2%D1%8B&utm_source=home_discussed",
              "type": "trend_gallery_film",
            },
            Object {
              "background_url": "https://avatars.mds.yandex.net/get-shinyserp/1042426/2a0000017055d4a7bde0ea77519d28683d34/thumbnail",
              "comments_text": "Ещё 39 комментариев",
              "main_text": "Свалки, заводы, аэропорты и пр., строились таким образом, что они никому не мешали. Но потом,
особо умные решили застроить пустыри вокруг этих предприятий. И другие особо умные переехали в эти дома.",
              "review_avatar_url": "https://avatars.mds.yandex.net/get-yapic/0/0-0/islands-small",
              "subtitle": "",
              "title": "Самолет «Аэрофлота» едва не упал на жилые дома в Лобне",
              "trend_item_link": "https://yandex.ru/news/story/Aehroflot_oproverg_informaciyu_chto_samolyot_chut_ne_zadel_doma_v_Lobne--429c0edff2e269b950602fc9832326a9?persistent_id=88429176&utm_source=home_discussed",
              "type": "trend_gallery_news",
            },
            Object {
              "background_url": "https://avatars.mds.yandex.net/get-kino-vod-films-gallery/175804/2a00000167f569238bfafd310b7cb3c856ce/224x126_2",
              "comments_text": "Ещё 398 отзывов",
              "label_background_url": "https://avatars.mds.yandex.net/get-entity_search/2357591/413808838/S114x171",
              "label_rating_text": "6.7",
              "main_text": "Для российского кино очень даже хорошо сделан фильм: потрясающие кадры, качественный монтаж, замечательный актёрский состав, сюжет хороший. Имеется один недостаток: отсутствия экшена. Все события в фильме развиваются как бы одним серым оттенком, любое событие не запоминается (не хватает красок и зрелищности). Это не бросалась так в глаза, но то, в каком жанре снимается этот фильм - без экшена и ярких моментов не обойтись. И всё же мне фильм понравился, так как интересный, необычный по своей составляющей. Порекомендовать могу, на один раз.
4 звезды поставила по причинам выше, а по 10 бальной шкале ставлю 7/10 из-за однообразности моментов",
              "review_avatar_url": "https://avatars.mds.yandex.net/get-yapic/50595/671035894-1562572299/islands-small",
              "subtitle": "2019, фантастика, фэнтези",
              "title": "Кома",
              "trend_item_link": "https://yandex.ru/search/?ento=0oCgpydXc2NjE0NjI1GAJvuNht;tab%3Dreviews&noreask=1&text=%D0%9A%D0%BE%D0%BC%D0%B0+%D0%BE%D1%82%D0%B7%D1%8B%D0%B2%D1%8B&utm_source=home_discussed",
              "type": "trend_gallery_film",
            },
            Object {
              "background_url": "https://avatars.mds.yandex.net/get-shinyserp/935449/2a000001704a50bb5e86f7c81513bd7b0974/thumbnail",
              "comments_text": "Ещё 506 комментариев",
              "main_text": "А как с противостоянием тюменских инвалидов требующих от властей внимание гарантированное федеральными и областными законами Голодовка инвалидов в Тюмени все-таки состоится. Она была отложена после личной встречи тюменского активиста Андрея Романова с губернатором Александром Моором. Однако, те условия, которые выдвигал правозащитник, по его словам, выполнены чиновниками не были",
              "review_avatar_url": "https://avatars.mds.yandex.net/get-yapic/0/0-0/islands-small",
              "subtitle": "",
              "title": "В России могут снизить выплаты по ипотеке",
              "trend_item_link": "https://yandex.ru/news/story/V_Rossii_mozhet_snizitsya_razmer_vyplat_po_ipoteke--1051fffd09e98a01636bff09bb1c72c0?persistent_id=88317024&utm_source=home_discussed",
              "type": "trend_gallery_news",
            },
            Object {
              "background_url": "https://avatars.mds.yandex.net/get-kino-vod-films-gallery/69336/2a00000151749da610666c7505ecd3ff0ba0/224x126_2",
              "comments_text": "Ещё 7785 отзывов",
              "label_background_url": "https://avatars.mds.yandex.net/get-entity_search/122335/130301321/S114x171",
              "label_rating_text": "8.9",
              "main_text": "Крутой шедевр с прекрасной музыкой и великолепным Томом Хенксом в главной роли...
Музыка, режиссура, игра актеров,
сам сюжет - все слито в идеальный фильм, который пересматриваешь с удовольствием.
Много юмора и возможность задуматься над многими вещами в жизни.
Просто посмотрите если не смотрели и пересмотрите, если видели, в очередной раз.",
              "review_avatar_url": "https://avatars.mds.yandex.net/get-yapic/27503/599760771-1556453292/islands-small",
              "subtitle": "1994, драма, мелодрама",
              "title": "Форрест Гамп",
              "trend_item_link": "https://yandex.ru/search/?ento=0oCglydXcxMTU2MTUYAgDd_cE;tab%3Dreviews&noreask=1&text=%D0%A4%D0%BE%D1%80%D1%80%D0%B5%D1%81%D1%82+%D0%93%D0%B0%D0%BC%D0%BF+%D0%BE%D1%82%D0%B7%D1%8B%D0%B2%D1%8B&utm_source=home_discussed",
              "type": "trend_gallery_film",
            },
            Object {
              "background_url": "https://avatars.mds.yandex.net/get-kino-vod-films-gallery/28788/2a000001701f786cb842135c14dfeb9ecb78/x178_2",
              "comments_text": "Ещё 228 отзывов",
              "label_background_url": "https://avatars.mds.yandex.net/get-entity_search/1595090/421584682/S114x171",
              "label_rating_text": "7.3",
              "main_text": "Стукнем-грянем чаш об чашу, не помрёт потомство наше!
Очень необычный фильм. Точно не назвала бы его фэнтези. Ужасы - наиболее точное определение, пожалуй.
Фильм чёрно-белый. Операторская работа отличная. Интересные ракурсы. Идеально выверенные планы. Атмосфера очень точно выдержана. Фильм выполнен в стилистике старых ужастиков.
Где-то у берегов Новой Англии, где благодаря мистеру Стивену Кингу творится большая часть жути в мире, стоит в море одинокий маяк. Остров маленький, вокруг бушуют шторма.  К смотрителю маяка приезжает новый помощник. Вместе им предстоит жить и работать месяц. Юноша горит энтузиазмом, но странный старик знает, как остудить его пыл. На острове все требует починки, куча рутинных дел, так что на сам маяк Уинслоу попасть не может. Постепенно тоскливая атмосфера начинает сводить его с ума. Спасение одно - пьянство. Но спасение ли?..
С концом перемудрили. А в целом фильм стоит того, чтобы посмотреть.
Неплохой саундтрек.
Дефо из тех актёров, которые все больше на эпизодических ролях, даже не вторых, им по-человечески сочувствуешь, но главные роли они и впрямь не тянут. Тут он более-менее справился. Безумный бородатый старик, который несёт несусветную xpeнь и мы, чepт возьми, видим как разгорается безумие в его глазах.
Никогда не была особой фанаткой мусье Патисона, ума не приложу где там у него сечение с позолотой, но фингал ему к лицу. Опять же образ кочегара с папироской в котельной - сколь много в нем отозвалось для сердца русского рокера. Но сами понимаете, если вы предпочитали его засахаренную сумеречную версию, то лучше не ломайте себе психику, не смотрите это.
Ценителям очень рекомендую перевод Сербина. Добавляет атмосферности.",
              "review_avatar_url": "https://avatars.mds.yandex.net/get-yapic/0/0-0/islands-small",
              "subtitle": "2019, ужасы, фэнтези",
              "title": "Маяк",
              "trend_item_link": "https://yandex.ru/search/?ento=0oCgpydXc3OTk0MTI5GAK4KU9o;tab%3Dreviews&noreask=1&text=%D0%9C%D0%B0%D1%8F%D0%BA+%D0%BE%D1%82%D0%B7%D1%8B%D0%B2%D1%8B&utm_source=home_discussed",
              "type": "trend_gallery_film",
            },
            Object {
              "background_url": "https://avatars.mds.yandex.net/get-pdb/2839338/6647d572-afed-4d33-b84b-ed18d2a79c92/smart_crop_483x322",
              "comments_text": "Ещё 8630 отзывов",
              "label_background_url": "https://avatars.mds.yandex.net/get-entity_search/1948726/421198301/S114x171",
              "label_rating_text": "7.4",
              "main_text": "Ведьмака прочла еще в 90е. В домашней библиотеке есть все киги серии и другие произведения Сапковского. Сериал воспринимаю как отличное фэнтези. Конечно,мои главные герои выглядят иначе,но это и понятно,сколько читателей,столько и Ведьмаков,Лютиков и остальных героев. Но,повторюсь,это почтение саги мне нравится.",
              "review_avatar_url": "https://avatars.mds.yandex.net/get-yapic/0/0-0/islands-small",
              "subtitle": "2019, ужасы, фэнтези",
              "title": "Ведьмак",
              "trend_item_link": "https://yandex.ru/search/?ento=0oCgpydXc3MzI4ODQ3GAKyqRev;tab%3Dreviews&noreask=1&text=%D0%92%D0%B5%D0%B4%D1%8C%D0%BC%D0%B0%D0%BA+%D0%BE%D1%82%D0%B7%D1%8B%D0%B2%D1%8B&utm_source=home_discussed",
              "type": "trend_gallery_film",
            },
          ],
          "type": "trend_card",
        },
        "state_id": 1,
      },
    ],
  },
  "id": "trends_div2",
  "topic": "trends_div2_card",
  "ttl": 300,
  "ttv": 1200,
  "type": "div2",
  "utime": 1,
}
`;

exports[`req`] = `
Object {
  "options": Object {
    "retries": 1,
    "timeout": 300,
  },
  "url": Object {
    "hostname": "rtx.yandex.net",
    "pathname": "rtx/discuss",
    "protocol": "http",
    "query": Object {
      "format": "div2",
      "platform": "searchapp",
    },
  },
}
`;
