// Jest Snapshot v1, https://goo.gl/fbAQLP

exports[`card`] = `
Object {
  "data": Object {
    "log_id": "weather_survey_div2",
    "states": Array [
      Object {
        "div": Object {
          "items": Array [
            Object {
              "items": Array [
                Object {
                  "title": "Какая у вас погода?",
                  "type": "ghRedesignBlockTitleSimple/ac019fcdb23794e94612d3728648ab56",
                },
                Object {
                  "hideCardText": "Скрыть карточку",
                  "hideCardUrl": "hidecard://?topic_card_ids=weather_survey_div2_card&undo_snackbar_text=%D0%92%D1%8B%20%D1%81%D0%BA%D1%80%D1%8B%D0%BB%D0%B8%20%D0%BA%D0%B0%D1%80%D1%82%D0%BE%D1%87%D0%BA%D1%83",
                  "settingsText": "Настройки ленты",
                  "type": "ghRedesignBlockMenu/e3a3f829134528338515b3dc3c6de259",
                },
              ],
              "margins": Object {
                "bottom": 0,
                "left": 16,
                "right": 14,
                "top": 10,
              },
              "type": "ghRedesignBlockHead3/6a95f9360084cdb7c6ab0ec075d02e21",
            },
            Object {
              "descriptionText": "Ваш ответ поможет нам формировать более точный прогноз",
              "type": "description/53a480969e4b6dcdd5e603150b94b5c6",
            },
            Object {
              "alignment_vertical": "top",
              "items": Array [
                Object {
                  "condition": "ясно",
                  "img": "https://yastatic.net/weather/i/icons/funky/png/dark/48/bkn_n.png",
                  "reportUrl": "https://api.weather-tst.yandex.net/v2/nowcast/report?from=geohelper&user_id=-1956131982&region_id=225&precision=0&lat=59.938951&lon=30.315635&temp=-4&prec_type=0&prec_strength=0&cloudiness=4&nowcast_gen_time=1610970631&user_cloudiness=4&user_prec_type=0",
                  "stateAction": "div-action://set_state?temporary=true&state_id=2",
                  "type": "button/4ae6f35aa67eb17a387c7a71477118a6",
                  "yabsUrl": "http://yabs.yandex.ru/count/",
                },
                Object {
                  "condition": "облачно",
                  "img": "https://yastatic.net/weather/i/icons/funky/png/dark/48/bkn_d.png",
                  "reportUrl": "https://api.weather-tst.yandex.net/v2/nowcast/report?from=geohelper&user_id=-1956131982&region_id=225&precision=0&lat=59.938951&lon=30.315635&temp=-4&prec_type=0&prec_strength=0&cloudiness=4&nowcast_gen_time=1610970631&user_cloudiness=2",
                  "stateAction": "div-action://set_state?temporary=true&state_id=3",
                  "type": "button/4ae6f35aa67eb17a387c7a71477118a6",
                  "yabsUrl": "http://yabs.yandex.ru/count/",
                },
                Object {
                  "condition": "пасмурно",
                  "img": "https://yastatic.net/weather/i/icons/funky/png/dark/48/ovc.png",
                  "reportUrl": "https://api.weather-tst.yandex.net/v2/nowcast/report?from=geohelper&user_id=-1956131982&region_id=225&precision=0&lat=59.938951&lon=30.315635&temp=-4&prec_type=0&prec_strength=0&cloudiness=4&nowcast_gen_time=1610970631&user_cloudiness=4",
                  "stateAction": "div-action://set_state?temporary=true&state_id=3",
                  "type": "button/4ae6f35aa67eb17a387c7a71477118a6",
                  "yabsUrl": "http://yabs.yandex.ru/count/",
                },
                Object {
                  "condition": "снег",
                  "img": "https://yastatic.net/weather/i/icons/funky/png/dark/48/ovc_sn.png",
                  "reportUrl": "https://api.weather-tst.yandex.net/v2/nowcast/report?from=geohelper&user_id=-1956131982&region_id=225&precision=0&lat=59.938951&lon=30.315635&temp=-4&prec_type=0&prec_strength=0&cloudiness=4&nowcast_gen_time=1610970631&user_prec_type=1",
                  "stateAction": "div-action://set_state?temporary=true&state_id=3",
                  "type": "button/4ae6f35aa67eb17a387c7a71477118a6",
                  "yabsUrl": "http://yabs.yandex.ru/count/",
                },
              ],
              "orientation": "horizontal",
              "paddings": Object {
                "bottom": 10,
                "left": 20,
                "right": 20,
                "top": 10,
              },
              "type": "container",
            },
          ],
          "type": "ghRedesignBlock/b115580746095068034c93814502406b",
          "visibility_action": Object {
            "log_id": "weather_survey_div2",
            "url": "http://yabs.yandex.ru/count/",
          },
        },
        "state_id": 1,
      },
      Object {
        "div": Object {
          "items": Array [
            Object {
              "items": Array [
                Object {
                  "title": "Какая у вас погода?",
                  "type": "ghRedesignBlockTitleSimple/ac019fcdb23794e94612d3728648ab56",
                },
                Object {
                  "hideCardText": "Скрыть карточку",
                  "hideCardUrl": "hidecard://?topic_card_ids=weather_survey_div2_card&undo_snackbar_text=%D0%92%D1%8B%20%D1%81%D0%BA%D1%80%D1%8B%D0%BB%D0%B8%20%D0%BA%D0%B0%D1%80%D1%82%D0%BE%D1%87%D0%BA%D1%83",
                  "settingsText": "Настройки ленты",
                  "type": "ghRedesignBlockMenu/e3a3f829134528338515b3dc3c6de259",
                },
              ],
              "margins": Object {
                "bottom": 0,
                "left": 16,
                "right": 14,
                "top": 10,
              },
              "type": "ghRedesignBlockHead3/6a95f9360084cdb7c6ab0ec075d02e21",
            },
            Object {
              "descriptionText": "Спасибо за уточнение — это помогает Яндексу формировать прогноз погоды",
              "type": "description/53a480969e4b6dcdd5e603150b94b5c6",
            },
          ],
          "type": "ghRedesignBlock/b115580746095068034c93814502406b",
          "visibility_action": Object {
            "log_id": "weather_survey_div2",
            "url": "http://yabs.yandex.ru/count/",
          },
        },
        "state_id": 2,
      },
      Object {
        "div": Object {
          "items": Array [
            Object {
              "items": Array [
                Object {
                  "title": "Какая у вас погода?",
                  "type": "ghRedesignBlockTitleSimple/ac019fcdb23794e94612d3728648ab56",
                },
                Object {
                  "hideCardText": "Скрыть карточку",
                  "hideCardUrl": "hidecard://?topic_card_ids=weather_survey_div2_card&undo_snackbar_text=%D0%92%D1%8B%20%D1%81%D0%BA%D1%80%D1%8B%D0%BB%D0%B8%20%D0%BA%D0%B0%D1%80%D1%82%D0%BE%D1%87%D0%BA%D1%83",
                  "settingsText": "Настройки ленты",
                  "type": "ghRedesignBlockMenu/e3a3f829134528338515b3dc3c6de259",
                },
              ],
              "margins": Object {
                "bottom": 0,
                "left": 16,
                "right": 14,
                "top": 10,
              },
              "type": "ghRedesignBlockHead3/6a95f9360084cdb7c6ab0ec075d02e21",
            },
            Object {
              "descriptionText": "Спасибо за уточнение — это поможет Яндексу рассчитать более точный прогноз погоды.",
              "type": "description/53a480969e4b6dcdd5e603150b94b5c6",
            },
          ],
          "type": "ghRedesignBlock/b115580746095068034c93814502406b",
          "visibility_action": Object {
            "log_id": "weather_survey_div2",
            "url": "http://yabs.yandex.ru/count/",
          },
        },
        "state_id": 3,
      },
    ],
  },
  "id": "weather_survey_div2",
  "topic": "weather_survey_div2_card",
  "ttl": 300,
  "ttv": 1200,
  "type": "div2",
  "utime": 1,
}
`;
