// Jest Snapshot v1, https://goo.gl/fbAQLP

exports[`FilterSubstring renders filter substring 1`] = `
<styled.div>
  <Component>
    <Component>
      Укажите значение параметра
    </Component>
    <TextInput
      autocomplete={false}
      onChange={[Function]}
      size="s"
      text=""
      theme="normal"
    />
  </Component>
  <Component />
  <Component>
    <Component
      disabled={true}
      onClick={[Function]}
    />
  </Component>
</styled.div>
`;
