// Jest Snapshot v1, https://goo.gl/fbAQLP

exports[`serialize list filters one value with inverted:false 1`] = `"(am:e:site=='4')"`;

exports[`serialize list filters one value with inverted:true 1`] = `"(am:e:site!='4')"`;

exports[`serialize list filters several values with inverted:false 1`] = `"((am:e:site=='4' or am:e:site=='5'))"`;

exports[`serialize list filters several values with inverted:true 1`] = `"(am:e:site!='4' and am:e:site!='5')"`;

exports[`serialize properly serialize value with string type 1`] = `"(am:e:site=='4')"`;

exports[`serialize tree filters one value with inverted:false 1`] = `"(am:e:operatingSystem IN('Windows 7'))"`;

exports[`serialize tree filters one value with inverted:true 1`] = `"(am:e:operatingSystem NOT IN('Windows 7'))"`;

exports[`serialize tree filters several values with inverted:false 1`] = `"(am:e:operatingSystem IN('Windows 7', 'Android Oreo'))"`;

exports[`serialize tree filters several values with inverted:true 1`] = `"(am:e:operatingSystemRoot NOT IN('windows', 'android') and am:e:operatingSystem NOT IN('Windows 7', 'Android Oreo'))"`;

exports[`serialize works with incorrect data 1`] = `""`;

exports[`serialize works with mixed filters 1`] = `"(am:e:site!='200' and am:e:site!='3776' and am:e:site!='98') and ((am:e:domain=='yastatic.net' or am:e:domain=='yandex.ru')) and ((am:e:operatingSystemRoot IN('windows', 'android', 'android') or am:e:operatingSystem IN('Android+Nougat', 'Android+Oreo')))"`;
