// Jest Snapshot v1, https://goo.gl/fbAQLP

exports[`SegmentationSection renders with disabled property provided 1`] = `
.c1 {
  display: inline-block;
  overflow: hidden;
  padding: 8px 12px;
  line-height: 14px;
  white-space: nowrap;
  text-overflow: ellipsis;
}

.c3 {
  position: absolute;
  top: 0;
  right: 0;
  box-sizing: border-box;
  width: 51px;
  height: 100%;
  -webkit-transition: all 0.1s ease-in-out;
  transition: all 0.1s ease-in-out;
  -webkit-transform: scaleX(0);
  -ms-transform: scaleX(0);
  transform: scaleX(0);
  background-image: linear-gradient( to right, rgba(255,255,255,0.23), #ffffff 54%, #ffffff );
  text-align: right;
  opacity: 0;
}

.c0 {
  position: relative;
  display: -webkit-inline-box;
  display: -webkit-inline-flex;
  display: -ms-inline-flexbox;
  display: inline-flex;
  max-width: 500px;
  border: solid 1px rgba(184,190,195,0.18);
  border-radius: 3px;
  background-color: #ffffff;
  box-shadow: 0 4px 5px -3px rgba(165,176,186,0.33);
  cursor: pointer;
  font-size: 13px;
  -webkit-transition: all 0.1s ease-in-out;
  transition: all 0.1s ease-in-out;
  cursor: initial;
  background-color: #f0f2f3;
}

.c0:hover {
  box-shadow: 0 7px 6px -3px rgba(165,176,186,0.33);
}

.c0:hover .c2 {
  opacity: 1;
  -webkit-transform: scaleX(1);
  -ms-transform: scaleX(1);
  transform: scaleX(1);
}

.c0 .c2 {
  background-image: linear-gradient( to right, rgba(240,242,243,0.23), #f0f2f3 54%, #f0f2f3 );
}

.c4 {
  display: inline-block;
  margin: -1px -1px -1px 0;
  padding: 12px 9px 12px 8px;
  line-height: 0;
  cursor: pointer;
}

.c4 .c5 {
  -webkit-transition: color 0.08s ease;
  transition: color 0.08s ease;
}

.c4:hover .c5 {
  color: #7f8285;
}

<div
  class="c0"
  disabled=""
>
  <div
    class="c1"
  >
    <span
      class=""
    >
      Установка: от 19 до 25 мар 2018
    </span>
  </div>
  <div
    class="c2 c3"
  >
    <div
      class="c4"
    >
      <span
        class="BaseIcon IconCloseSmall c5 "
        data-lego="react"
      >
        <svg
          fill="currentColor"
          height="8"
          viewBox="0 0 8 8"
          width="8"
        >
          <g
            fill="none"
            fill-rule="evenodd"
            stroke="currentColor"
          >
            <path
              d="M7.613.372L.35 7.635M.35.372l7.263 7.263"
            />
          </g>
        </svg>
      </span>
    </div>
  </div>
</div>
`;

exports[`SegmentationSection renders without disabled property provided 1`] = `
<StyledComponent
  disabled={false}
  forwardedComponent={
    Object {
      "$$typeof": Symbol(react.forward_ref),
      "attrs": Array [],
      "componentStyle": ComponentStyle {
        "componentId": "sc-ifAKCX",
        "isStatic": false,
        "rules": Array [
          "
    position: relative;
    display: inline-flex;
    max-width: 500px;

    border: solid 1px rgba(184, 190, 195, 0.18);
    border-radius: 3px;
    background-color: #ffffff;
    box-shadow: 0 4px 5px -3px ",
          [Function],
          ";

    cursor: pointer;
    font-size: 13px;

    transition: all 0.1s ease-in-out;

    &:hover {
        box-shadow: 0 7px 6px -3px ",
          [Function],
          ";

        ",
          ".sc-bxivhb",
          " {
            opacity: 1;
            transform: scaleX(1);
        }
    }

    ",
          [Function],
          ";

    ",
          [Function],
          ";
",
        ],
      },
      "displayName": "styled.div",
      "foldedComponentIds": Array [],
      "render": [Function],
      "styledComponentId": "sc-ifAKCX",
      "target": "div",
      "toString": [Function],
      "warnTooManyClasses": [Function],
      "withComponent": [Function],
    }
  }
  forwardedRef={null}
  onClick={[Function]}
  selected={false}
>
  <styled.div>
    <styled.span>
      Установка: от 19 до 25 мар 2018
    </styled.span>
  </styled.div>
  <styled.div
    selected={false}
  >
    <styled.div
      onClick={[Function]}
    >
      <Styled(icon) />
    </styled.div>
  </styled.div>
</StyledComponent>
`;
