// Jest Snapshot v1, https://goo.gl/fbAQLP

exports[`yabrowser-promo из yabs рисует ссылку без иконки 1`] = `"<div  class=\\"yabrowser-promo yabrowser-promo_source_yabs i-bem\\" style=\\"padding-left:30px\\" data-bem=\\"{&quot;yabrowser-promo&quot;:{}}\\"><span class='yabrowser-promo__text'><a aria-hidden=\\"true\\" tabindex=\\"-1\\" class=\\"home-link yabrowser-promo__icon-link home-link_black_yes\\" href=\\"stat:dist.searchlink.browser.link-yabro_url\\" target=\\"_blank\\" rel=\\"noopener\\"><img  class=\\"yabrowser-promo__icon\\" src=\\"icon_url\\" width=\\"18\\" height=\\"18\\"></a><a class=\\"home-link yabrowser-promo__text-link home-link_black_yes\\" href=\\"stat:dist.searchlink.browser.link-yabro_url\\" target=\\"_blank\\" rel=\\"noopener\\">Браузер с удобным поиском</a></span></div>"`;
