// Jest Snapshot v1, https://goo.gl/fbAQLP

exports[`home.lang should return empty string if not found 1`] = `
Array [
  Array [
    Object {
      "block": "server.l10n",
      "level": "warn",
      "message": "undefined translation some.inexistent.thing in lang ru",
    },
  ],
  Array [
    Object {
      "block": "server.l10n",
      "level": "warn",
      "message": "undefined translation mail.some.inexistent.thing in lang ru",
    },
  ],
  Array [
    Object {
      "block": "server.l10n",
      "message": "__proto__ usage",
    },
  ],
  Array [
    Object {
      "block": "server.l10n",
      "message": "__proto__ usage",
    },
  ],
]
`;
